2025-08-15 22:06:00.031 26704-26812 MainActivity            cn.watchfun.android_use_cpp_demo1    D  AEC3å¤„ç†æˆåŠŸ - å¸§419: ERLE=6.2dB, ERL=14.4dB, å»¶è¿Ÿ=52ms, å¤„ç†è€—æ—¶=7ms
2025-08-15 22:06:00.031 26704-26812 WQAEC_Config            cn.watchfun.android_use_cpp_demo1    D  Reference frame analyzed: energy=28.0, timestamp=280951481463
2025-08-15 22:06:00.032 26704-26812 MainActivity            cn.watchfun.android_use_cpp_demo1    V  ğŸ¯ æ—¶åºåŒæ­¥TTSå‚è€ƒ: frame=420, èƒ½é‡=3101179, ç¼“å†²åŒº=21, æ¼‚ç§»=0ms
2025-08-15 22:06:00.034 26704-26812 WQAEC_Config            cn.watchfun.android_use_cpp_demo1    D  Capture frame analyzed: energy=0.1, timestamp=280951481776, frame=420
2025-08-15 22:06:00.034 26704-26808 MainActivity            cn.watchfun.android_use_cpp_demo1    D  æ’­æ”¾chunk 446: 960/960 bytes, è€—æ—¶9ms (é›¶å¹²é¢„æ’­æ”¾æ³•)
2025-08-15 22:06:00.034 26704-26808 MainActivity            cn.watchfun.android_use_cpp_demo1    D  å¼€å§‹å¤„ç†TTS chunk 447: å¤§å°=960 bytes (0.0ç§’)
2025-08-15 22:06:00.034 26704-26812 MainActivity            cn.watchfun.android_use_cpp_demo1    V  éº¦å…‹é£å¸§å¤„ç†: frame=420, èƒ½é‡=138537, å¤„ç†æ—¶é—´=2ms
2025-08-15 22:06:00.035 26704-26808 MainActivity            cn.watchfun.android_use_cpp_demo1    D  PCMåŸå§‹æ•°æ®èƒ½é‡æ£€æŸ¥: å‰100å­—èŠ‚èƒ½é‡=3438
2025-08-15 22:06:00.035 26704-26812 MainActivity            cn.watchfun.android_use_cpp_demo1    D  AEC3å¤„ç†æˆåŠŸ - å¸§420: ERLE=6.2dB, ERL=14.4dB, å»¶è¿Ÿ=52ms, å¤„ç†è€—æ—¶=2ms
2025-08-15 22:06:00.035 26704-26812 MainActivity            cn.watchfun.android_use_cpp_demo1    W  â° éº¦å…‹é£bufferå¤„ç†è€—æ—¶è¾ƒé•¿: 40ms
2025-08-15 22:06:00.035 26704-26808 MainActivity            cn.watchfun.android_use_cpp_demo1    D  Chunk 447è½¬æ¢ä¸ºæµ®ç‚¹æ•°ç»„: 480 samples
2025-08-15 22:06:00.035 26704-26808 MainActivity            cn.watchfun.android_use_cpp_demo1    D  æµ®ç‚¹è½¬æ¢åèƒ½é‡æ£€æŸ¥: å‰100æ ·æœ¬èƒ½é‡=160288
2025-08-15 22:06:00.035 26704-26808 MainActivity            cn.watchfun.android_use_cpp_demo1    D  TTSå¸§ç¼“å†²: å¸§èƒ½é‡=517045, ç¼“å†²åŒºå¤§å°=21
2025-08-15 22:06:00.035 26704-26808 MainActivity            cn.watchfun.android_use_cpp_demo1    D  Chunk 447: ç¼“å­˜1ä¸ªTTSå¸§ç”¨äºåŒæ­¥AECå¤„ç†
2025-08-15 22:06:00.036 26704-26812 WQAEC_Config            cn.watchfun.android_use_cpp_demo1    D  Reference frame analyzed: energy=47.2, timestamp=280951484870
2025-08-15 22:06:00.037 26704-26812 MainActivity            cn.watchfun.android_use_cpp_demo1    V  ğŸ¯ æ—¶åºåŒæ­¥TTSå‚è€ƒ: frame=421, èƒ½é‡=4113190, ç¼“å†²åŒº=20, æ¼‚ç§»=0ms
2025-08-15 22:06:00.039 26704-26812 WQAEC_Config            cn.watchfun.android_use_cpp_demo1    D  Capture frame analyzed: energy=3.8, timestamp=280951486605, frame=421
2025-08-15 22:06:00.039 26704-26812 MainActivity            cn.watchfun.android_use_cpp_demo1    V  éº¦å…‹é£å¸§å¤„ç†: frame=421, èƒ½é‡=1088309, å¤„ç†æ—¶é—´=2ms
2025-08-15 22:06:00.039 26704-26812 MainActivity            cn.watchfun.android_use_cpp_demo1    D  AEC3å¤„ç†æˆåŠŸ - å¸§421: ERLE=6.2dB, ERL=14.4dB, å»¶è¿Ÿ=52ms, å¤„ç†è€—æ—¶=2ms
2025-08-15 22:06:00.039 26704-26812 WQAEC_Config            cn.watchfun.android_use_cpp_demo1    D  Reference frame analyzed: energy=39.7, timestamp=280951489420
2025-08-15 22:06:00.040 26704-26812 MainActivity            cn.watchfun.android_use_cpp_demo1    V  ğŸ¯ æ—¶åºåŒæ­¥TTSå‚è€ƒ: frame=422, èƒ½é‡=3750061, ç¼“å†²åŒº=20, æ¼‚ç§»=0ms
2025-08-15 22:06:00.042 26704-26812 WQAEC_Config            cn.watchfun.android_use_cpp_demo1    D  Capture frame analyzed: energy=19.1, timestamp=280951489694, frame=422
2025-08-15 22:06:00.042 26704-26808 MainActivity            cn.watchfun.android_use_cpp_demo1    D  æ’­æ”¾chunk 447: 960/960 bytes, è€—æ—¶6ms (é›¶å¹²é¢„æ’­æ”¾æ³•)
2025-08-15 22:06:00.042 26704-26808 MainActivity            cn.watchfun.android_use_cpp_demo1    D  å¼€å§‹å¤„ç†TTS chunk 448: å¤§å°=960 bytes (0.0ç§’)
2025-08-15 22:06:00.042 26704-26808 MainActivity            cn.watchfun.android_use_cpp_demo1    D  PCMåŸå§‹æ•°æ®èƒ½é‡æ£€æŸ¥: å‰100å­—èŠ‚èƒ½é‡=3138
2025-08-15 22:06:00.042 26704-26812 MainActivity            cn.watchfun.android_use_cpp_demo1    V  éº¦å…‹é£å¸§å¤„ç†: frame=422, èƒ½é‡=2647410, å¤„ç†æ—¶é—´=2ms
2025-08-15 22:06:00.042 26704-26812 MainActivity            cn.watchfun.android_use_cpp_demo1    D  AEC3å¤„ç†æˆåŠŸ - å¸§422: ERLE=6.2dB, ERL=14.4dB, å»¶è¿Ÿ=52ms, å¤„ç†è€—æ—¶=2ms
2025-08-15 22:06:00.043 26704-26812 WQAEC_Config            cn.watchfun.android_use_cpp_demo1    D  Reference frame analyzed: energy=21.1, timestamp=280951492598
2025-08-15 22:06:00.043 26704-26812 MainActivity            cn.watchfun.android_use_cpp_demo1    V  ğŸ¯ æ—¶åºåŒæ­¥TTSå‚è€ƒ: frame=423, èƒ½é‡=2766078, ç¼“å†²åŒº=19, æ¼‚ç§»=0ms
2025-08-15 22:06:00.043 26704-26808 MainActivity            cn.watchfun.android_use_cpp_demo1    D  Chunk 448è½¬æ¢ä¸ºæµ®ç‚¹æ•°ç»„: 480 samples
2025-08-15 22:06:00.043 26704-26808 MainActivity            cn.watchfun.android_use_cpp_demo1    D  æµ®ç‚¹è½¬æ¢åèƒ½é‡æ£€æŸ¥: å‰100æ ·æœ¬èƒ½é‡=66442
2025-08-15 22:06:00.043 26704-26808 MainActivity            cn.watchfun.android_use_cpp_demo1    D  TTSå¸§ç¼“å†²: å¸§èƒ½é‡=763898, ç¼“å†²åŒºå¤§å°=20
2025-08-15 22:06:00.043 26704-26808 MainActivity            cn.watchfun.android_use_cpp_demo1    D  Chunk 448: ç¼“å­˜1ä¸ªTTSå¸§ç”¨äºåŒæ­¥AECå¤„ç†
2025-08-15 22:06:00.045 26704-26812 WQAEC_Config            cn.watchfun.android_use_cpp_demo1    D  Capture frame analyzed: energy=15.7, timestamp=280951492888, frame=423
2025-08-15 22:06:00.045 26704-26812 MainActivity            cn.watchfun.android_use_cpp_demo1    V  éº¦å…‹é£å¸§å¤„ç†: frame=423, èƒ½é‡=2278517, å¤„ç†æ—¶é—´=2ms
2025-08-15 22:06:00.046 26704-26812 MainActivity            cn.watchfun.android_use_cpp_demo1    D  AEC3å¤„ç†æˆåŠŸ - å¸§423: ERLE=6.2dB, ERL=14.4dB, å»¶è¿Ÿ=52ms, å¤„ç†è€—æ—¶=2ms
2025-08-15 22:06:00.046 26704-26812 WQAEC_Config            cn.watchfun.android_use_cpp_demo1    D  Reference frame analyzed: energy=23.5, timestamp=280951495674
2025-08-15 22:06:00.046 26704-26812 MainActivity            cn.watchfun.android_use_cpp_demo1    V  ğŸ¯ æ—¶åºåŒæ­¥TTSå‚è€ƒ: frame=424, èƒ½é‡=2815284, ç¼“å†²åŒº=19, æ¼‚ç§»=0ms
2025-08-15 22:06:00.048 26704-26812 WQAEC_Config            cn.watchfun.android_use_cpp_demo1    D  Capture frame analyzed: energy=13.9, timestamp=280951495940, frame=424
2025-08-15 22:06:00.049 26704-26812 MainActivity            cn.watchfun.android_use_cpp_demo1    V  éº¦å…‹é£å¸§å¤„ç†: frame=424, èƒ½é‡=2093664, å¤„ç†æ—¶é—´=3ms
2025-08-15 22:06:00.049 26704-26812 MainActivity            cn.watchfun.android_use_cpp_demo1    D  AEC3å¤„ç†æˆåŠŸ - å¸§424: ERLE=6.1dB, ERL=14.4dB, å»¶è¿Ÿ=52ms, å¤„ç†è€—æ—¶=3ms
2025-08-15 22:06:00.053 26704-26808 MainActivity            cn.watchfun.android_use_cpp_demo1    D  æ’­æ”¾chunk 448: 960/960 bytes, è€—æ—¶10ms (é›¶å¹²é¢„æ’­æ”¾æ³•)
2025-08-15 22:06:00.053 26704-26808 MainActivity            cn.watchfun.android_use_cpp_demo1    D  å¼€å§‹å¤„ç†TTS chunk 449: å¤§å°=960 bytes (0.0ç§’)
2025-08-15 22:06:00.053 26704-26808 MainActivity            cn.watchfun.android_use_cpp_demo1    D  PCMåŸå§‹æ•°æ®èƒ½é‡æ£€æŸ¥: å‰100å­—èŠ‚èƒ½é‡=3852
2025-08-15 22:06:00.054 26704-26808 MainActivity            cn.watchfun.android_use_cpp_demo1    D  Chunk 449è½¬æ¢ä¸ºæµ®ç‚¹æ•°ç»„: 480 samples
2025-08-15 22:06:00.054 26704-26808 MainActivity            cn.watchfun.android_use_cpp_demo1    D  æµ®ç‚¹è½¬æ¢åèƒ½é‡æ£€æŸ¥: å‰100æ ·æœ¬èƒ½é‡=417645
2025-08-15 22:06:00.054 26704-26808 MainActivity            cn.watchfun.android_use_cpp_demo1    D  TTSå¸§ç¼“å†²: å¸§èƒ½é‡=2126923, ç¼“å†²åŒºå¤§å°=20
2025-08-15 22:06:00.054 26704-26808 MainActivity            cn.watchfun.android_use_cpp_demo1    D  Chunk 449: ç¼“å­˜1ä¸ªTTSå¸§ç”¨äºåŒæ­¥AECå¤„ç†
2025-08-15 22:06:00.061 26704-26808 MainActivity            cn.watchfun.android_use_cpp_demo1    D  æ’­æ”¾chunk 449: 960/960 bytes, è€—æ—¶7ms (é›¶å¹²é¢„æ’­æ”¾æ³•)
2025-08-15 22:06:00.062 26704-26808 MainActivity            cn.watchfun.android_use_cpp_demo1    D  å¼€å§‹å¤„ç†TTS chunk 450: å¤§å°=960 bytes (0.0ç§’)
2025-08-15 22:06:00.062 26704-26808 MainActivity            cn.watchfun.android_use_cpp_demo1    D  PCMåŸå§‹æ•°æ®èƒ½é‡æ£€æŸ¥: å‰100å­—èŠ‚èƒ½é‡=4130
2025-08-15 22:06:00.062 26704-26808 MainActivity            cn.watchfun.android_use_cpp_demo1    D  Chunk 450è½¬æ¢ä¸ºæµ®ç‚¹æ•°ç»„: 480 samples
2025-08-15 22:06:00.062 26704-26808 MainActivity            cn.watchfun.android_use_cpp_demo1    D  æµ®ç‚¹è½¬æ¢åèƒ½é‡æ£€æŸ¥: å‰100æ ·æœ¬èƒ½é‡=271101
2025-08-15 22:06:00.062 26704-26808 MainActivity            cn.watchfun.android_use_cpp_demo1    D  TTSå¸§ç¼“å†²: å¸§èƒ½é‡=2197633, ç¼“å†²åŒºå¤§å°=21
2025-08-15 22:06:00.062 26704-26808 MainActivity            cn.watchfun.android_use_cpp_demo1    D  Chunk 450: ç¼“å­˜1ä¸ªTTSå¸§ç”¨äºåŒæ­¥AECå¤„ç†
2025-08-15 22:06:00.073 26704-26812 WQAEC_Config            cn.watchfun.android_use_cpp_demo1    D  Reference frame analyzed: energy=16.9, timestamp=280951523108
2025-08-15 22:06:00.073 26704-26808 MainActivity            cn.watchfun.android_use_cpp_demo1    D  æ’­æ”¾chunk 450: 960/960 bytes, è€—æ—¶11ms (é›¶å¹²é¢„æ’­æ”¾æ³•)
2025-08-15 22:06:00.073 26704-26812 MainActivity            cn.watchfun.android_use_cpp_demo1    V  ğŸ¯ æ—¶åºåŒæ­¥TTSå‚è€ƒ: frame=425, èƒ½é‡=2324084, ç¼“å†²åŒº=20, æ¼‚ç§»=0ms
2025-08-15 22:06:00.074 26704-26808 MainActivity            cn.watchfun.android_use_cpp_demo1    D  å¼€å§‹å¤„ç†TTS chunk 451: å¤§å°=960 bytes (0.0ç§’)
2025-08-15 22:06:00.074 26704-26808 MainActivity            cn.watchfun.android_use_cpp_demo1    D  PCMåŸå§‹æ•°æ®èƒ½é‡æ£€æŸ¥: å‰100å­—èŠ‚èƒ½é‡=4163
2025-08-15 22:06:00.074 26704-26808 MainActivity            cn.watchfun.android_use_cpp_demo1    D  Chunk 451è½¬æ¢ä¸ºæµ®ç‚¹æ•°ç»„: 480 samples
2025-08-15 22:06:00.074 26704-26808 MainActivity            cn.watchfun.android_use_cpp_demo1    D  æµ®ç‚¹è½¬æ¢åèƒ½é‡æ£€æŸ¥: å‰100æ ·æœ¬èƒ½é‡=750818
2025-08-15 22:06:00.074 26704-26808 MainActivity            cn.watchfun.android_use_cpp_demo1    D  TTSå¸§ç¼“å†²: å¸§èƒ½é‡=2627882, ç¼“å†²åŒºå¤§å°=21
2025-08-15 22:06:00.074 26704-26808 MainActivity            cn.watchfun.android_use_cpp_demo1    D  Chunk 451: ç¼“å­˜1ä¸ªTTSå¸§ç”¨äºåŒæ­¥AECå¤„ç†
2025-08-15 22:06:00.076 26704-26812 WQAEC_Config            cn.watchfun.android_use_cpp_demo1    D  Capture frame analyzed: energy=15.5, timestamp=280951523566, frame=425
2025-08-15 22:06:00.077 26704-26812 MainActivity            cn.watchfun.android_use_cpp_demo1    V  éº¦å…‹é£å¸§å¤„ç†: frame=425, èƒ½é‡=2413454, å¤„ç†æ—¶é—´=3ms
2025-08-15 22:06:00.077 26704-26812 MainActivity            cn.watchfun.android_use_cpp_demo1    W  ğŸ“Š AEC3çŠ¶æ€æŠ¥å‘Š - å¸§425:
2025-08-15 22:06:00.077 26704-26812 MainActivity            cn.watchfun.android_use_cpp_demo1    W    ğŸ”Š æ€§èƒ½: ERLE=6.1dB (ç›®æ ‡>5dB), ERL=14.4dB, AEC3æ£€æµ‹å»¶è¿Ÿ=52ms
2025-08-15 22:06:00.077 26704-26812 MainActivity            cn.watchfun.android_use_cpp_demo1    W    âš™ï¸  ç³»ç»Ÿ: è®¾ç½®å»¶è¿Ÿ=46ms, èƒ½é‡æ¯”=1.2 (TTS/Mic), æ—¶åºæ¼‚ç§»=0ms
2025-08-15 22:06:00.077 26704-26812 MainActivity            cn.watchfun.android_use_cpp_demo1    W    ğŸ“ˆ å¸§ç»Ÿè®¡: TTS=425, éº¦å…‹é£=425, ç¼ºå¤±=0 (0.0%)
2025-08-15 22:06:00.077 26704-26812 MainActivity            cn.watchfun.android_use_cpp_demo1    W    ğŸ”„ ç¼“å†²åŒº: å¤§å°=20, å†…å­˜ä½¿ç”¨=0MB
2025-08-15 22:06:00.077 26704-26812 MainActivity            cn.watchfun.android_use_cpp_demo1    D  AEC3å¤„ç†æˆåŠŸ - å¸§425: ERLE=6.1dB, ERL=14.4dB, å»¶è¿Ÿ=52ms, å¤„ç†è€—æ—¶=3ms
2025-08-15 22:06:00.078 26704-26812 WQAEC_Config            cn.watchfun.android_use_cpp_demo1    D  Reference frame analyzed: energy=7.7, timestamp=280951527599
2025-08-15 22:06:00.078 26704-26812 MainActivity            cn.watchfun.android_use_cpp_demo1    V  ğŸ¯ æ—¶åºåŒæ­¥TTSå‚è€ƒ: frame=426, èƒ½é‡=1403759, ç¼“å†²åŒº=20, æ¼‚ç§»=0ms
2025-08-15 22:06:00.080 26704-26812 WQAEC_Config            cn.watchfun.android_use_cpp_demo1    D  Capture frame analyzed: energy=25.5, timestamp=280951527891, frame=426
2025-08-15 22:06:00.081 26704-26812 MainActivity            cn.watchfun.android_use_cpp_demo1    V  éº¦å…‹é£å¸§å¤„ç†: frame=426, èƒ½é‡=3150260, å¤„ç†æ—¶é—´=3ms
2025-08-15 22:06:00.082 26704-26808 MainActivity            cn.watchfun.android_use_cpp_demo1    D  æ’­æ”¾chunk 451: 960/960 bytes, è€—æ—¶7ms (é›¶å¹²é¢„æ’­æ”¾æ³•)
2025-08-15 22:06:00.082 26704-26812 MainActivity            cn.watchfun.android_use_cpp_demo1    D  AEC3å¤„ç†æˆåŠŸ - å¸§426: ERLE=6.1dB, ERL=14.4dB, å»¶è¿Ÿ=52ms, å¤„ç†è€—æ—¶=3ms
2025-08-15 22:06:00.082 26704-26808 MainActivity            cn.watchfun.android_use_cpp_demo1    D  å¼€å§‹å¤„ç†TTS chunk 452: å¤§å°=960 bytes (0.0ç§’)
2025-08-15 22:06:00.082 26704-26812 WQAEC_Config            cn.watchfun.android_use_cpp_demo1    D  Reference frame analyzed: energy=3.3, timestamp=280951531738
2025-08-15 22:06:00.082 26704-26808 MainActivity            cn.watchfun.android_use_cpp_demo1    D  PCMåŸå§‹æ•°æ®èƒ½é‡æ£€æŸ¥: å‰100å­—èŠ‚èƒ½é‡=4238
2025-08-15 22:06:00.082 26704-26808 MainActivity            cn.watchfun.android_use_cpp_demo1    D  Chunk 452è½¬æ¢ä¸ºæµ®ç‚¹æ•°ç»„: 480 samples
2025-08-15 22:06:00.082 26704-26808 MainActivity            cn.watchfun.android_use_cpp_demo1    D  æµ®ç‚¹è½¬æ¢åèƒ½é‡æ£€æŸ¥: å‰100æ ·æœ¬èƒ½é‡=448439
2025-08-15 22:06:00.082 26704-26812 MainActivity            cn.watchfun.android_use_cpp_demo1    V  ğŸ¯ æ—¶åºåŒæ­¥TTSå‚è€ƒ: frame=427, èƒ½é‡=960269, ç¼“å†²åŒº=19, æ¼‚ç§»=0ms
2025-08-15 22:06:00.082 26704-26808 MainActivity            cn.watchfun.android_use_cpp_demo1    D  TTSå¸§ç¼“å†²: å¸§èƒ½é‡=1421782, ç¼“å†²åŒºå¤§å°=20
2025-08-15 22:06:00.082 26704-26808 MainActivity            cn.watchfun.android_use_cpp_demo1    D  Chunk 452: ç¼“å­˜1ä¸ªTTSå¸§ç”¨äºåŒæ­¥AECå¤„ç†
2025-08-15 22:06:00.085 26704-26812 WQAEC_Config            cn.watchfun.android_use_cpp_demo1    D  Capture frame analyzed: energy=30.1, timestamp=280951532102, frame=427
2025-08-15 22:06:00.086 26704-26812 MainActivity            cn.watchfun.android_use_cpp_demo1    V  éº¦å…‹é£å¸§å¤„ç†: frame=427, èƒ½é‡=3432629, å¤„ç†æ—¶é—´=4ms
2025-08-15 22:06:00.086 26704-26812 MainActivity            cn.watchfun.android_use_cpp_demo1    D  AEC3å¤„ç†æˆåŠŸ - å¸§427: ERLE=6.2dB, ERL=14.4dB, å»¶è¿Ÿ=52ms, å¤„ç†è€—æ—¶=4ms
2025-08-15 22:06:00.087 26704-26812 WQAEC_Config            cn.watchfun.android_use_cpp_demo1    D  Reference frame analyzed: energy=0.1, timestamp=280951536647
2025-08-15 22:06:00.087 26704-26812 MainActivity            cn.watchfun.android_use_cpp_demo1    V  ğŸ¯ æ—¶åºåŒæ­¥TTSå‚è€ƒ: frame=428, èƒ½é‡=208400, ç¼“å†²åŒº=19, æ¼‚ç§»=0ms
2025-08-15 22:06:00.090 26704-26812 WQAEC_Config            cn.watchfun.android_use_cpp_demo1    D  Capture frame analyzed: energy=22.7, timestamp=280951537069, frame=428
2025-08-15 22:06:00.091 26704-26812 MainActivity            cn.watchfun.android_use_cpp_demo1    V  éº¦å…‹é£å¸§å¤„ç†: frame=428, èƒ½é‡=2934330, å¤„ç†æ—¶é—´=4ms
2025-08-15 22:06:00.091 26704-26812 MainActivity            cn.watchfun.android_use_cpp_demo1    D  AEC3å¤„ç†æˆåŠŸ - å¸§428: ERLE=6.2dB, ERL=14.4dB, å»¶è¿Ÿ=52ms, å¤„ç†è€—æ—¶=4ms
2025-08-15 22:06:00.093 26704-26808 MainActivity            cn.watchfun.android_use_cpp_demo1    D  æ’­æ”¾chunk 452: 960/960 bytes, è€—æ—¶11ms (é›¶å¹²é¢„æ’­æ”¾æ³•)
2025-08-15 22:06:00.094 26704-26808 MainActivity            cn.watchfun.android_use_cpp_demo1    D  å¼€å§‹å¤„ç†TTS chunk 453: å¤§å°=960 bytes (0.0ç§’)
2025-08-15 22:06:00.094 26704-26808 MainActivity            cn.watchfun.android_use_cpp_demo1    D  PCMåŸå§‹æ•°æ®èƒ½é‡æ£€æŸ¥: å‰100å­—èŠ‚èƒ½é‡=4124
2025-08-15 22:06:00.094 26704-26808 MainActivity            cn.watchfun.android_use_cpp_demo1    D  Chunk 453è½¬æ¢ä¸ºæµ®ç‚¹æ•°ç»„: 480 samples
2025-08-15 22:06:00.094 26704-26808 MainActivity            cn.watchfun.android_use_cpp_demo1    D  æµ®ç‚¹è½¬æ¢åèƒ½é‡æ£€æŸ¥: å‰100æ ·æœ¬èƒ½é‡=216668
2025-08-15 22:06:00.094 26704-26808 MainActivity            cn.watchfun.android_use_cpp_demo1    D  TTSå¸§ç¼“å†²: å¸§èƒ½é‡=553385, ç¼“å†²åŒºå¤§å°=20
2025-08-15 22:06:00.094 26704-26808 MainActivity            cn.watchfun.android_use_cpp_demo1    D  Chunk 453: ç¼“å­˜1ä¸ªTTSå¸§ç”¨äºåŒæ­¥AECå¤„ç†
2025-08-15 22:06:00.102 26704-26808 MainActivity            cn.watchfun.android_use_cpp_demo1    D  æ’­æ”¾chunk 453: 960/960 bytes, è€—æ—¶7ms (é›¶å¹²é¢„æ’­æ”¾æ³•)
2025-08-15 22:06:00.103 26704-26808 MainActivity            cn.watchfun.android_use_cpp_demo1    D  å¼€å§‹å¤„ç†TTS chunk 454: å¤§å°=960 bytes (0.0ç§’)
2025-08-15 22:06:00.103 26704-26808 MainActivity            cn.watchfun.android_use_cpp_demo1    D  PCMåŸå§‹æ•°æ®èƒ½é‡æ£€æŸ¥: å‰100å­—èŠ‚èƒ½é‡=3380
2025-08-15 22:06:00.103 26704-26808 MainActivity            cn.watchfun.android_use_cpp_demo1    D  Chunk 454è½¬æ¢ä¸ºæµ®ç‚¹æ•°ç»„: 480 samples
2025-08-15 22:06:00.103 26704-26808 MainActivity            cn.watchfun.android_use_cpp_demo1    D  æµ®ç‚¹è½¬æ¢åèƒ½é‡æ£€æŸ¥: å‰100æ ·æœ¬èƒ½é‡=95206
2025-08-15 22:06:00.103 26704-26808 MainActivity            cn.watchfun.android_use_cpp_demo1    D  TTSå¸§ç¼“å†²: å¸§èƒ½é‡=257548, ç¼“å†²åŒºå¤§å°=21
2025-08-15 22:06:00.103 26704-26808 MainActivity            cn.watchfun.android_use_cpp_demo1    D  Chunk 454: ç¼“å­˜1ä¸ªTTSå¸§ç”¨äºåŒæ­¥AECå¤„ç†
2025-08-15 22:06:00.113 26704-26812 WQAEC_Config            cn.watchfun.android_use_cpp_demo1    D  Reference frame analyzed: energy=0.0, timestamp=280951563239
2025-08-15 22:06:00.113 26704-26808 MainActivity            cn.watchfun.android_use_cpp_demo1    D  æ’­æ”¾chunk 454: 960/960 bytes, è€—æ—¶10ms (é›¶å¹²é¢„æ’­æ”¾æ³•)
2025-08-15 22:06:00.114 26704-26812 MainActivity            cn.watchfun.android_use_cpp_demo1    V  ğŸ¯ æ—¶åºåŒæ­¥TTSå‚è€ƒ: frame=429, èƒ½é‡=108458, ç¼“å†²åŒº=20, æ¼‚ç§»=0ms
2025-08-15 22:06:00.114 26704-26808 MainActivity            cn.watchfun.android_use_cpp_demo1    D  å¼€å§‹å¤„ç†TTS chunk 455: å¤§å°=960 bytes (0.0ç§’)
2025-08-15 22:06:00.114 26704-26808 MainActivity            cn.watchfun.android_use_cpp_demo1    D  PCMåŸå§‹æ•°æ®èƒ½é‡æ£€æŸ¥: å‰100å­—èŠ‚èƒ½é‡=2933
2025-08-15 22:06:00.114 26704-26808 MainActivity            cn.watchfun.android_use_cpp_demo1    D  Chunk 455è½¬æ¢ä¸ºæµ®ç‚¹æ•°ç»„: 480 samples
2025-08-15 22:06:00.114 26704-26808 MainActivity            cn.watchfun.android_use_cpp_demo1    D  æµ®ç‚¹è½¬æ¢åèƒ½é‡æ£€æŸ¥: å‰100æ ·æœ¬èƒ½é‡=40687
2025-08-15 22:06:00.114 26704-26808 MainActivity            cn.watchfun.android_use_cpp_demo1    D  TTSå¸§ç¼“å†²: å¸§èƒ½é‡=115970, ç¼“å†²åŒºå¤§å°=21
2025-08-15 22:06:00.114 26704-26808 MainActivity            cn.watchfun.android_use_cpp_demo1    D  Chunk 455: ç¼“å­˜1ä¸ªTTSå¸§ç”¨äºåŒæ­¥AECå¤„ç†
2025-08-15 22:06:00.118 26704-26812 WQAEC_Config            cn.watchfun.android_use_cpp_demo1    D  Capture frame analyzed: energy=11.7, timestamp=280951563707, frame=429
2025-08-15 22:06:00.119 26704-26812 MainActivity            cn.watchfun.android_use_cpp_demo1    V  éº¦å…‹é£å¸§å¤„ç†: frame=429, èƒ½é‡=2138257, å¤„ç†æ—¶é—´=4ms
2025-08-15 22:06:00.119 26704-26812 MainActivity            cn.watchfun.android_use_cpp_demo1    D  AEC3å¤„ç†æˆåŠŸ - å¸§429: ERLE=6.2dB, ERL=14.4dB, å»¶è¿Ÿ=52ms, å¤„ç†è€—æ—¶=4ms
2025-08-15 22:06:00.119 26704-26812 WQAEC_Config            cn.watchfun.android_use_cpp_demo1    D  Reference frame analyzed: energy=0.0, timestamp=280951569240
2025-08-15 22:06:00.120 26704-26812 MainActivity            cn.watchfun.android_use_cpp_demo1    V  ğŸ¯ æ—¶åºåŒæ­¥TTSå‚è€ƒ: frame=430, èƒ½é‡=38652, ç¼“å†²åŒº=20, æ¼‚ç§»=0ms
2025-08-15 22:06:00.125 26704-26808 MainActivity            cn.watchfun.android_use_cpp_demo1    D  æ’­æ”¾chunk 455: 960/960 bytes, è€—æ—¶10ms (é›¶å¹²é¢„æ’­æ”¾æ³•)
2025-08-15 22:06:00.125 26704-26812 WQAEC_Config            cn.watchfun.android_use_cpp_demo1    D  Capture frame analyzed: energy=11.0, timestamp=280951569758, frame=430
2025-08-15 22:06:00.125 26704-26808 MainActivity            cn.watchfun.android_use_cpp_demo1    D  å¼€å§‹å¤„ç†TTS chunk 456: å¤§å°=960 bytes (0.0ç§’)
2025-08-15 22:06:00.125 26704-26808 MainActivity            cn.watchfun.android_use_cpp_demo1    D  PCMåŸå§‹æ•°æ®èƒ½é‡æ£€æŸ¥: å‰100å­—èŠ‚èƒ½é‡=3502
2025-08-15 22:06:00.125 26704-26808 MainActivity            cn.watchfun.android_use_cpp_demo1    D  Chunk 456è½¬æ¢ä¸ºæµ®ç‚¹æ•°ç»„: 480 samples
2025-08-15 22:06:00.125 26704-26808 MainActivity            cn.watchfun.android_use_cpp_demo1    D  æµ®ç‚¹è½¬æ¢åèƒ½é‡æ£€æŸ¥: å‰100æ ·æœ¬èƒ½é‡=12517
2025-08-15 22:06:00.125 26704-26808 MainActivity            cn.watchfun.android_use_cpp_demo1    D  TTSå¸§ç¼“å†²: å¸§èƒ½é‡=48703, ç¼“å†²åŒºå¤§å°=21
2025-08-15 22:06:00.126 26704-26808 MainActivity            cn.watchfun.android_use_cpp_demo1    D  Chunk 456: ç¼“å­˜1ä¸ªTTSå¸§ç”¨äºåŒæ­¥AECå¤„ç†
2025-08-15 22:06:00.126 26704-26812 MainActivity            cn.watchfun.android_use_cpp_demo1    V  éº¦å…‹é£å¸§å¤„ç†: frame=430, èƒ½é‡=2019093, å¤„ç†æ—¶é—´=6ms
2025-08-15 22:06:00.126 26704-26812 MainActivity            cn.watchfun.android_use_cpp_demo1    D  AEC3å¤„ç†æˆåŠŸ - å¸§430: ERLE=6.2dB, ERL=14.4dB, å»¶è¿Ÿ=52ms, å¤„ç†è€—æ—¶=6ms
2025-08-15 22:06:00.126 26704-26812 WQAEC_Config            cn.watchfun.android_use_cpp_demo1    D  Reference frame analyzed: energy=0.0, timestamp=280951576409
2025-08-15 22:06:00.127 26704-26812 MainActivity            cn.watchfun.android_use_cpp_demo1    V  ğŸ¯ æ—¶åºåŒæ­¥TTSå‚è€ƒ: frame=431, èƒ½é‡=26959, ç¼“å†²åŒº=20, æ¼‚ç§»=0ms
2025-08-15 22:06:00.129 26704-26812 WQAEC_Config            cn.watchfun.android_use_cpp_demo1    D  Capture frame analyzed: energy=12.2, timestamp=280951576723, frame=431
2025-08-15 22:06:00.129 26704-26812 MainActivity            cn.watchfun.android_use_cpp_demo1    V  éº¦å…‹é£å¸§å¤„ç†: frame=431, èƒ½é‡=2133963, å¤„ç†æ—¶é—´=2ms
2025-08-15 22:06:00.129 26704-26812 MainActivity            cn.watchfun.android_use_cpp_demo1    D  AEC3å¤„ç†æˆåŠŸ - å¸§431: ERLE=6.2dB, ERL=14.4dB, å»¶è¿Ÿ=52ms, å¤„ç†è€—æ—¶=2ms
2025-08-15 22:06:00.130 26704-26812 WQAEC_Config            cn.watchfun.android_use_cpp_demo1    D  Reference frame analyzed: energy=0.0, timestamp=280951579510
2025-08-15 22:06:00.130 26704-26812 MainActivity            cn.watchfun.android_use_cpp_demo1    V  ğŸ¯ æ—¶åºåŒæ­¥TTSå‚è€ƒ: frame=432, èƒ½é‡=20981, ç¼“å†²åŒº=19, æ¼‚ç§»=0ms
2025-08-15 22:06:00.132 26704-26812 WQAEC_Config            cn.watchfun.android_use_cpp_demo1    D  Capture frame analyzed: energy=3.9, timestamp=280951579826, frame=432
2025-08-15 22:06:00.133 26704-26812 MainActivity            cn.watchfun.android_use_cpp_demo1    V  éº¦å…‹é£å¸§å¤„ç†: frame=432, èƒ½é‡=1115258, å¤„ç†æ—¶é—´=3ms
2025-08-15 22:06:00.133 26704-26812 MainActivity            cn.watchfun.android_use_cpp_demo1    D  AEC3å¤„ç†æˆåŠŸ - å¸§432: ERLE=6.2dB, ERL=14.4dB, å»¶è¿Ÿ=52ms, å¤„ç†è€—æ—¶=3ms
2025-08-15 22:06:00.134 26704-26808 MainActivity            cn.watchfun.android_use_cpp_demo1    D  æ’­æ”¾chunk 456: 960/960 bytes, è€—æ—¶8ms (é›¶å¹²é¢„æ’­æ”¾æ³•)
2025-08-15 22:06:00.134 26704-26808 MainActivity            cn.watchfun.android_use_cpp_demo1    D  å¼€å§‹å¤„ç†TTS chunk 457: å¤§å°=960 bytes (0.0ç§’)
2025-08-15 22:06:00.134 26704-26808 MainActivity            cn.watchfun.android_use_cpp_demo1    D  PCMåŸå§‹æ•°æ®èƒ½é‡æ£€æŸ¥: å‰100å­—èŠ‚èƒ½é‡=2780
2025-08-15 22:06:00.135 26704-26808 MainActivity            cn.watchfun.android_use_cpp_demo1    D  Chunk 457è½¬æ¢ä¸ºæµ®ç‚¹æ•°ç»„: 480 samples
2025-08-15 22:06:00.135 26704-26808 MainActivity            cn.watchfun.android_use_cpp_demo1    D  æµ®ç‚¹è½¬æ¢åèƒ½é‡æ£€æŸ¥: å‰100æ ·æœ¬èƒ½é‡=5302
2025-08-15 22:06:00.135 26704-26808 MainActivity            cn.watchfun.android_use_cpp_demo1    D  TTSå¸§ç¼“å†²: å¸§èƒ½é‡=26656, ç¼“å†²åŒºå¤§å°=20
2025-08-15 22:06:00.135 26704-26808 MainActivity            cn.watchfun.android_use_cpp_demo1    D  Chunk 457: ç¼“å­˜1ä¸ªTTSå¸§ç”¨äºåŒæ­¥AECå¤„ç†
2025-08-15 22:06:00.141 26704-26808 MainActivity            cn.watchfun.android_use_cpp_demo1    D  æ’­æ”¾chunk 457: 960/960 bytes, è€—æ—¶6ms (é›¶å¹²é¢„æ’­æ”¾æ³•)
2025-08-15 22:06:00.142 26704-26808 MainActivity            cn.watchfun.android_use_cpp_demo1    D  å¼€å§‹å¤„ç†TTS chunk 458: å¤§å°=960 bytes (0.0ç§’)
2025-08-15 22:06:00.142 26704-26808 MainActivity            cn.watchfun.android_use_cpp_demo1    D  PCMåŸå§‹æ•°æ®èƒ½é‡æ£€æŸ¥: å‰100å­—èŠ‚èƒ½é‡=2244
2025-08-15 22:06:00.142 26704-26808 MainActivity            cn.watchfun.android_use_cpp_demo1    D  Chunk 458è½¬æ¢ä¸ºæµ®ç‚¹æ•°ç»„: 480 samples
2025-08-15 22:06:00.142 26704-26808 MainActivity            cn.watchfun.android_use_cpp_demo1    D  æµ®ç‚¹è½¬æ¢åèƒ½é‡æ£€æŸ¥: å‰100æ ·æœ¬èƒ½é‡=3335
2025-08-15 22:06:00.142 26704-26808 MainActivity            cn.watchfun.android_use_cpp_demo1    D  TTSå¸§ç¼“å†²: å¸§èƒ½é‡=15218, ç¼“å†²åŒºå¤§å°=21
2025-08-15 22:06:00.142 26704-26808 MainActivity            cn.watchfun.android_use_cpp_demo1    D  Chunk 458: ç¼“å­˜1ä¸ªTTSå¸§ç”¨äºåŒæ­¥AECå¤„ç†
2025-08-15 22:06:00.155 26704-26808 MainActivity            cn.watchfun.android_use_cpp_demo1    D  æ’­æ”¾chunk 458: 960/960 bytes, è€—æ—¶12ms (é›¶å¹²é¢„æ’­æ”¾æ³•)
2025-08-15 22:06:00.156 26704-26808 MainActivity            cn.watchfun.android_use_cpp_demo1    D  å¼€å§‹å¤„ç†TTS chunk 459: å¤§å°=960 bytes (0.0ç§’)
2025-08-15 22:06:00.156 26704-26808 MainActivity            cn.watchfun.android_use_cpp_demo1    D  PCMåŸå§‹æ•°æ®èƒ½é‡æ£€æŸ¥: å‰100å­—èŠ‚èƒ½é‡=2534
2025-08-15 22:06:00.156 26704-26812 WQAEC_Config            cn.watchfun.android_use_cpp_demo1    D  Reference frame analyzed: energy=0.0, timestamp=280951606196
2025-08-15 22:06:00.157 26704-26812 MainActivity            cn.watchfun.android_use_cpp_demo1    V  ğŸ¯ æ—¶åºåŒæ­¥TTSå‚è€ƒ: frame=433, èƒ½é‡=35233, ç¼“å†²åŒº=20, æ¼‚ç§»=0ms
2025-08-15 22:06:00.157 26704-26808 MainActivity            cn.watchfun.android_use_cpp_demo1    D  Chunk 459è½¬æ¢ä¸ºæµ®ç‚¹æ•°ç»„: 480 samples
2025-08-15 22:06:00.157 26704-26808 MainActivity            cn.watchfun.android_use_cpp_demo1    D  æµ®ç‚¹è½¬æ¢åèƒ½é‡æ£€æŸ¥: å‰100æ ·æœ¬èƒ½é‡=5684
2025-08-15 22:06:00.158 26704-26808 MainActivity            cn.watchfun.android_use_cpp_demo1    D  TTSå¸§ç¼“å†²: å¸§èƒ½é‡=18411, ç¼“å†²åŒºå¤§å°=21
2025-08-15 22:06:00.158 26704-26808 MainActivity            cn.watchfun.android_use_cpp_demo1    D  Chunk 459: ç¼“å­˜1ä¸ªTTSå¸§ç”¨äºåŒæ­¥AECå¤„ç†
2025-08-15 22:06:00.161 26704-26812 WQAEC_Config            cn.watchfun.android_use_cpp_demo1    D  Capture frame analyzed: energy=1.4, timestamp=280951606795, frame=433
2025-08-15 22:06:00.162 26704-26808 MainActivity            cn.watchfun.android_use_cpp_demo1    D  æ’­æ”¾chunk 459: 960/960 bytes, è€—æ—¶4ms (é›¶å¹²é¢„æ’­æ”¾æ³•)
2025-08-15 22:06:00.162 26704-26812 MainActivity            cn.watchfun.android_use_cpp_demo1    V  éº¦å…‹é£å¸§å¤„ç†: frame=433, èƒ½é‡=612683, å¤„ç†æ—¶é—´=5ms
2025-08-15 22:06:00.162 26704-26808 MainActivity            cn.watchfun.android_use_cpp_demo1    D  å¼€å§‹å¤„ç†TTS chunk 460: å¤§å°=960 bytes (0.0ç§’)
2025-08-15 22:06:00.163 26704-26808 MainActivity            cn.watchfun.android_use_cpp_demo1    D  PCMåŸå§‹æ•°æ®èƒ½é‡æ£€æŸ¥: å‰100å­—èŠ‚èƒ½é‡=1730
2025-08-15 22:06:00.163 26704-26812 MainActivity            cn.watchfun.android_use_cpp_demo1    D  AEC3å¤„ç†æˆåŠŸ - å¸§433: ERLE=6.2dB, ERL=14.4dB, å»¶è¿Ÿ=52ms, å¤„ç†è€—æ—¶=5ms
2025-08-15 22:06:00.163 26704-26808 MainActivity            cn.watchfun.android_use_cpp_demo1    D  Chunk 460è½¬æ¢ä¸ºæµ®ç‚¹æ•°ç»„: 480 samples
2025-08-15 22:06:00.163 26704-26812 WQAEC_Config            cn.watchfun.android_use_cpp_demo1    D  Reference frame analyzed: energy=0.0, timestamp=280951612879
2025-08-15 22:06:00.163 26704-26808 MainActivity            cn.watchfun.android_use_cpp_demo1    D  æµ®ç‚¹è½¬æ¢åèƒ½é‡æ£€æŸ¥: å‰100æ ·æœ¬èƒ½é‡=2874
2025-08-15 22:06:00.163 26704-26808 MainActivity            cn.watchfun.android_use_cpp_demo1    D  TTSå¸§ç¼“å†²: å¸§èƒ½é‡=10376, ç¼“å†²åŒºå¤§å°=21
2025-08-15 22:06:00.163 26704-26812 MainActivity            cn.watchfun.android_use_cpp_demo1    V  ğŸ¯ æ—¶åºåŒæ­¥TTSå‚è€ƒ: frame=434, èƒ½é‡=62094, ç¼“å†²åŒº=20, æ¼‚ç§»=0ms
2025-08-15 22:06:00.163 26704-26808 MainActivity            cn.watchfun.android_use_cpp_demo1    D  Chunk 460: ç¼“å­˜1ä¸ªTTSå¸§ç”¨äºåŒæ­¥AECå¤„ç†
2025-08-15 22:06:00.168 26704-26812 WQAEC_Config            cn.watchfun.android_use_cpp_demo1    D  Capture frame analyzed: energy=0.2, timestamp=280951613349, frame=434
2025-08-15 22:06:00.169 26704-26812 MainActivity            cn.watchfun.android_use_cpp_demo1    V  éº¦å…‹é£å¸§å¤„ç†: frame=434, èƒ½é‡=230720, å¤„ç†æ—¶é—´=5ms
2025-08-15 22:06:00.169 26704-26812 MainActivity            cn.watchfun.android_use_cpp_demo1    D  AEC3å¤„ç†æˆåŠŸ - å¸§434: ERLE=6.2dB, ERL=14.4dB, å»¶è¿Ÿ=52ms, å¤„ç†è€—æ—¶=5ms
2025-08-15 22:06:00.169 26704-26812 WQAEC_Config            cn.watchfun.android_use_cpp_demo1    D  Reference frame analyzed: energy=0.1, timestamp=280951619044
2025-08-15 22:06:00.169 26704-26812 MainActivity            cn.watchfun.android_use_cpp_demo1    V  ğŸ¯ æ—¶åºåŒæ­¥TTSå‚è€ƒ: frame=435, èƒ½é‡=164185, ç¼“å†²åŒº=20, æ¼‚ç§»=0ms
2025-08-15 22:06:00.173 26704-26812 WQAEC_Config            cn.watchfun.android_use_cpp_demo1    D  Capture frame analyzed: energy=0.0, timestamp=280951619447, frame=435
2025-08-15 22:06:00.174 26704-26808 MainActivity            cn.watchfun.android_use_cpp_demo1    D  æ’­æ”¾chunk 460: 960/960 bytes, è€—æ—¶11ms (é›¶å¹²é¢„æ’­æ”¾æ³•)
2025-08-15 22:06:00.174 26704-26812 MainActivity            cn.watchfun.android_use_cpp_demo1    V  éº¦å…‹é£å¸§å¤„ç†: frame=435, èƒ½é‡=127848, å¤„ç†æ—¶é—´=5ms
2025-08-15 22:06:00.174 26704-26808 MainActivity            cn.watchfun.android_use_cpp_demo1    D  å¼€å§‹å¤„ç†TTS chunk 461: å¤§å°=960 bytes (0.0ç§’)
2025-08-15 22:06:00.174 26704-26812 MainActivity            cn.watchfun.android_use_cpp_demo1    D  AEC3å¤„ç†æˆåŠŸ - å¸§435: ERLE=6.2dB, ERL=14.4dB, å»¶è¿Ÿ=52ms, å¤„ç†è€—æ—¶=5ms
2025-08-15 22:06:00.174 26704-26808 MainActivity            cn.watchfun.android_use_cpp_demo1    D  PCMåŸå§‹æ•°æ®èƒ½é‡æ£€æŸ¥: å‰100å­—èŠ‚èƒ½é‡=793
2025-08-15 22:06:00.174 26704-26812 WQAEC_Config            cn.watchfun.android_use_cpp_demo1    D  Reference frame analyzed: energy=0.3, timestamp=280951624309
2025-08-15 22:06:00.174 26704-26808 MainActivity            cn.watchfun.android_use_cpp_demo1    D  Chunk 461è½¬æ¢ä¸ºæµ®ç‚¹æ•°ç»„: 480 samples
2025-08-15 22:06:00.175 26704-26808 MainActivity            cn.watchfun.android_use_cpp_demo1    D  æµ®ç‚¹è½¬æ¢åèƒ½é‡æ£€æŸ¥: å‰100æ ·æœ¬èƒ½é‡=1501
2025-08-15 22:06:00.175 26704-26812 MainActivity            cn.watchfun.android_use_cpp_demo1    V  ğŸ¯ æ—¶åºåŒæ­¥TTSå‚è€ƒ: frame=436, èƒ½é‡=337792, ç¼“å†²åŒº=19, æ¼‚ç§»=0ms
2025-08-15 22:06:00.175 26704-26808 MainActivity            cn.watchfun.android_use_cpp_demo1    D  TTSå¸§ç¼“å†²: å¸§èƒ½é‡=6860, ç¼“å†²åŒºå¤§å°=20
2025-08-15 22:06:00.175 26704-26808 MainActivity            cn.watchfun.android_use_cpp_demo1    D  Chunk 461: ç¼“å­˜1ä¸ªTTSå¸§ç”¨äºåŒæ­¥AECå¤„ç†
2025-08-15 22:06:00.179 26704-26812 WQAEC_Config            cn.watchfun.android_use_cpp_demo1    D  Capture frame analyzed: energy=0.0, timestamp=280951624705, frame=436
2025-08-15 22:06:00.180 26704-26812 MainActivity            cn.watchfun.android_use_cpp_demo1    V  éº¦å…‹é£å¸§å¤„ç†: frame=436, èƒ½é‡=67137, å¤„ç†æ—¶é—´=5ms
2025-08-15 22:06:00.180 26704-26812 MainActivity            cn.watchfun.android_use_cpp_demo1    D  AEC3å¤„ç†æˆåŠŸ - å¸§436: ERLE=6.2dB, ERL=14.4dB, å»¶è¿Ÿ=52ms, å¤„ç†è€—æ—¶=5ms
2025-08-15 22:06:00.180 26704-26812 MainActivity            cn.watchfun.android_use_cpp_demo1    W  â° éº¦å…‹é£bufferå¤„ç†è€—æ—¶è¾ƒé•¿: 24ms
2025-08-15 22:06:00.182 26704-26808 MainActivity            cn.watchfun.android_use_cpp_demo1    D  æ’­æ”¾chunk 461: 960/960 bytes, è€—æ—¶6ms (é›¶å¹²é¢„æ’­æ”¾æ³•)
2025-08-15 22:06:00.182 26704-26808 MainActivity            cn.watchfun.android_use_cpp_demo1    D  å¼€å§‹å¤„ç†TTS chunk 462: å¤§å°=960 bytes (0.0ç§’)
2025-08-15 22:06:00.182 26704-26808 MainActivity            cn.watchfun.android_use_cpp_demo1    D  PCMåŸå§‹æ•°æ®èƒ½é‡æ£€æŸ¥: å‰100å­—èŠ‚èƒ½é‡=710
2025-08-15 22:06:00.182 26704-26808 MainActivity            cn.watchfun.android_use_cpp_demo1    D  Chunk 462è½¬æ¢ä¸ºæµ®ç‚¹æ•°ç»„: 480 samples
2025-08-15 22:06:00.182 26704-26808 MainActivity            cn.watchfun.android_use_cpp_demo1    D  æµ®ç‚¹è½¬æ¢åèƒ½é‡æ£€æŸ¥: å‰100æ ·æœ¬èƒ½é‡=896
2025-08-15 22:06:00.182 26704-26808 MainActivity            cn.watchfun.android_use_cpp_demo1    D  TTSå¸§ç¼“å†²: å¸§èƒ½é‡=5817, ç¼“å†²åŒºå¤§å°=21
2025-08-15 22:06:00.182 26704-26808 MainActivity            cn.watchfun.android_use_cpp_demo1    D  Chunk 462: ç¼“å­˜1ä¸ªTTSå¸§ç”¨äºåŒæ­¥AECå¤„ç†
2025-08-15 22:06:00.193 26704-26812 WQAEC_Config            cn.watchfun.android_use_cpp_demo1    D  Reference frame analyzed: energy=0.3, timestamp=280951643417
2025-08-15 22:06:00.194 26704-26808 MainActivity            cn.watchfun.android_use_cpp_demo1    D  æ’­æ”¾chunk 462: 960/960 bytes, è€—æ—¶11ms (é›¶å¹²é¢„æ’­æ”¾æ³•)
2025-08-15 22:06:00.194 26704-26812 MainActivity            cn.watchfun.android_use_cpp_demo1    V  ğŸ¯ æ—¶åºåŒæ­¥TTSå‚è€ƒ: frame=437, èƒ½é‡=352165, ç¼“å†²åŒº=20, æ¼‚ç§»=0ms
2025-08-15 22:06:00.194 26704-26808 MainActivity            cn.watchfun.android_use_cpp_demo1    D  å¼€å§‹å¤„ç†TTS chunk 463: å¤§å°=960 bytes (0.0ç§’)
2025-08-15 22:06:00.194 26704-26808 MainActivity            cn.watchfun.android_use_cpp_demo1    D  PCMåŸå§‹æ•°æ®èƒ½é‡æ£€æŸ¥: å‰100å­—èŠ‚èƒ½é‡=256
2025-08-15 22:06:00.194 26704-26808 MainActivity            cn.watchfun.android_use_cpp_demo1    D  Chunk 463è½¬æ¢ä¸ºæµ®ç‚¹æ•°ç»„: 480 samples
2025-08-15 22:06:00.194 26704-26808 MainActivity            cn.watchfun.android_use_cpp_demo1    D  æµ®ç‚¹è½¬æ¢åèƒ½é‡æ£€æŸ¥: å‰100æ ·æœ¬èƒ½é‡=571
2025-08-15 22:06:00.194 26704-26808 MainActivity            cn.watchfun.android_use_cpp_demo1    D  TTSå¸§ç¼“å†²: å¸§èƒ½é‡=2597, ç¼“å†²åŒºå¤§å°=21
2025-08-15 22:06:00.194 26704-26808 MainActivity            cn.watchfun.android_use_cpp_demo1    D  Chunk 463: ç¼“å­˜1ä¸ªTTSå¸§ç”¨äºåŒæ­¥AECå¤„ç†
2025-08-15 22:06:00.196 26704-26812 WQAEC_Config            cn.watchfun.android_use_cpp_demo1    D  Capture frame analyzed: energy=0.0, timestamp=280951643846, frame=437
2025-08-15 22:06:00.197 26704-26812 MainActivity            cn.watchfun.android_use_cpp_demo1    V  éº¦å…‹é£å¸§å¤„ç†: frame=437, èƒ½é‡=112467, å¤„ç†æ—¶é—´=3ms
2025-08-15 22:06:00.197 26704-26812 MainActivity            cn.watchfun.android_use_cpp_demo1    D  AEC3å¤„ç†æˆåŠŸ - å¸§437: ERLE=6.2dB, ERL=14.4dB, å»¶è¿Ÿ=52ms, å¤„ç†è€—æ—¶=3ms
2025-08-15 22:06:01.000 26704-26812 ratelimit               cn.watchfun.android_use_cpp_demo1    W  Single process limit 250/s drop 1054 lines.
2025-08-15 22:06:01.000 26704-26812 MainActivity            cn.watchfun.android_use_cpp_demo1    V  éº¦å…‹é£å¸§å¤„ç†: frame=517, èƒ½é‡=30513, å¤„ç†æ—¶é—´=6ms
2025-08-15 22:06:01.001 26704-26812 MainActivity            cn.watchfun.android_use_cpp_demo1    D  AEC3å¤„ç†æˆåŠŸ - å¸§517: ERLE=0.2dB, ERL=14.4dB, å»¶è¿Ÿ=52ms, å¤„ç†è€—æ—¶=6ms
2025-08-15 22:06:01.001 26704-26812 MainActivity            cn.watchfun.android_use_cpp_demo1    W  AEC3æ€§èƒ½è¾ƒä½: ERLE=0.2dB (å»ºè®®>10dB)
2025-08-15 22:06:01.001 26704-26812 WQAEC_Config            cn.watchfun.android_use_cpp_demo1    D  Reference frame analyzed: energy=0.0, timestamp=280952450998
2025-08-15 22:06:01.001 26704-26812 MainActivity            cn.watchfun.android_use_cpp_demo1    V  ğŸ¯ æ—¶åºåŒæ­¥TTSå‚è€ƒ: frame=518, èƒ½é‡=14763, ç¼“å†²åŒº=20, æ¼‚ç§»=0ms
2025-08-15 22:06:01.003 26704-26808 MainActivity            cn.watchfun.android_use_cpp_demo1    D  æ’­æ”¾chunk 543: 960/960 bytes, è€—æ—¶8ms (é›¶å¹²é¢„æ’­æ”¾æ³•)
2025-08-15 22:06:01.003 26704-26808 MainActivity            cn.watchfun.android_use_cpp_demo1    D  å¼€å§‹å¤„ç†TTS chunk 544: å¤§å°=960 bytes (0.0ç§’)
2025-08-15 22:06:01.004 26704-26808 MainActivity            cn.watchfun.android_use_cpp_demo1    D  PCMåŸå§‹æ•°æ®èƒ½é‡æ£€æŸ¥: å‰100å­—èŠ‚èƒ½é‡=4133
2025-08-15 22:06:01.004 26704-26808 MainActivity            cn.watchfun.android_use_cpp_demo1    D  Chunk 544è½¬æ¢ä¸ºæµ®ç‚¹æ•°ç»„: 480 samples
2025-08-15 22:06:01.004 26704-26808 MainActivity            cn.watchfun.android_use_cpp_demo1    D  æµ®ç‚¹è½¬æ¢åèƒ½é‡æ£€æŸ¥: å‰100æ ·æœ¬èƒ½é‡=541879
2025-08-15 22:06:01.005 26704-26808 MainActivity            cn.watchfun.android_use_cpp_demo1    D  TTSå¸§ç¼“å†²: å¸§èƒ½é‡=3079687, ç¼“å†²åŒºå¤§å°=21
2025-08-15 22:06:01.005 26704-26808 MainActivity            cn.watchfun.android_use_cpp_demo1    D  Chunk 544: ç¼“å­˜1ä¸ªTTSå¸§ç”¨äºåŒæ­¥AECå¤„ç†
2025-08-15 22:06:01.007 26704-26812 WQAEC_Config            cn.watchfun.android_use_cpp_demo1    D  Capture frame analyzed: energy=0.0, timestamp=280952451568, frame=518
2025-08-15 22:06:01.008 26704-26812 MainActivity            cn.watchfun.android_use_cpp_demo1    V  éº¦å…‹é£å¸§å¤„ç†: frame=518, èƒ½é‡=19970, å¤„ç†æ—¶é—´=6ms
2025-08-15 22:06:01.009 26704-26812 MainActivity            cn.watchfun.android_use_cpp_demo1    D  AEC3å¤„ç†æˆåŠŸ - å¸§518: ERLE=0.2dB, ERL=14.4dB, å»¶è¿Ÿ=52ms, å¤„ç†è€—æ—¶=6ms
2025-08-15 22:06:01.009 26704-26812 MainActivity            cn.watchfun.android_use_cpp_demo1    W  AEC3æ€§èƒ½è¾ƒä½: ERLE=0.2dB (å»ºè®®>10dB)
2025-08-15 22:06:01.009 26704-26812 WQAEC_Config            cn.watchfun.android_use_cpp_demo1    D  Reference frame analyzed: energy=0.1, timestamp=280952458980
2025-08-15 22:06:01.009 26704-26812 MainActivity            cn.watchfun.android_use_cpp_demo1    V  ğŸ¯ æ—¶åºåŒæ­¥TTSå‚è€ƒ: frame=519, èƒ½é‡=175753, ç¼“å†²åŒº=20, æ¼‚ç§»=0ms
2025-08-15 22:06:01.015 26704-26808 MainActivity            cn.watchfun.android_use_cpp_demo1    D  æ’­æ”¾chunk 544: 960/960 bytes, è€—æ—¶9ms (é›¶å¹²é¢„æ’­æ”¾æ³•)
2025-08-15 22:06:01.015 26704-26812 WQAEC_Config            cn.watchfun.android_use_cpp_demo1    D  Capture frame analyzed: energy=0.0, timestamp=280952459580, frame=519
2025-08-15 22:06:01.015 26704-26808 MainActivity            cn.watchfun.android_use_cpp_demo1    D  å¼€å§‹å¤„ç†TTS chunk 545: å¤§å°=960 bytes (0.0ç§’)
2025-08-15 22:06:01.016 26704-26808 MainActivity            cn.watchfun.android_use_cpp_demo1    D  PCMåŸå§‹æ•°æ®èƒ½é‡æ£€æŸ¥: å‰100å­—èŠ‚èƒ½é‡=4454
2025-08-15 22:06:01.016 26704-26812 MainActivity            cn.watchfun.android_use_cpp_demo1    V  éº¦å…‹é£å¸§å¤„ç†: frame=519, èƒ½é‡=23192, å¤„ç†æ—¶é—´=6ms
2025-08-15 22:06:01.016 26704-26812 MainActivity            cn.watchfun.android_use_cpp_demo1    D  AEC3å¤„ç†æˆåŠŸ - å¸§519: ERLE=0.2dB, ERL=14.4dB, å»¶è¿Ÿ=52ms, å¤„ç†è€—æ—¶=6ms
2025-08-15 22:06:01.016 26704-26812 MainActivity            cn.watchfun.android_use_cpp_demo1    W  AEC3æ€§èƒ½è¾ƒä½: ERLE=0.2dB (å»ºè®®>10dB)
2025-08-15 22:06:01.016 26704-26808 MainActivity            cn.watchfun.android_use_cpp_demo1    D  Chunk 545è½¬æ¢ä¸ºæµ®ç‚¹æ•°ç»„: 480 samples
2025-08-15 22:06:01.016 26704-26812 WQAEC_Config            cn.watchfun.android_use_cpp_demo1    D  Reference frame analyzed: energy=1.2, timestamp=280952466429
2025-08-15 22:06:01.017 26704-26808 MainActivity            cn.watchfun.android_use_cpp_demo1    D  æµ®ç‚¹è½¬æ¢åèƒ½é‡æ£€æŸ¥: å‰100æ ·æœ¬èƒ½é‡=689636
2025-08-15 22:06:01.017 26704-26812 MainActivity            cn.watchfun.android_use_cpp_demo1    V  ğŸ¯ æ—¶åºåŒæ­¥TTSå‚è€ƒ: frame=520, èƒ½é‡=699500, ç¼“å†²åŒº=19, æ¼‚ç§»=0ms
2025-08-15 22:06:01.017 26704-26808 MainActivity            cn.watchfun.android_use_cpp_demo1    D  TTSå¸§ç¼“å†²: å¸§èƒ½é‡=2736911, ç¼“å†²åŒºå¤§å°=20
2025-08-15 22:06:01.018 26704-26808 MainActivity            cn.watchfun.android_use_cpp_demo1    D  Chunk 545: ç¼“å­˜1ä¸ªTTSå¸§ç”¨äºåŒæ­¥AECå¤„ç†
2025-08-15 22:06:01.022 26704-26812 WQAEC_Config            cn.watchfun.android_use_cpp_demo1    D  Capture frame analyzed: energy=0.0, timestamp=280952466895, frame=520
2025-08-15 22:06:01.023 26704-26808 MainActivity            cn.watchfun.android_use_cpp_demo1    D  æ’­æ”¾chunk 545: 960/960 bytes, è€—æ—¶4ms (é›¶å¹²é¢„æ’­æ”¾æ³•)
2025-08-15 22:06:01.023 26704-26812 MainActivity            cn.watchfun.android_use_cpp_demo1    V  éº¦å…‹é£å¸§å¤„ç†: frame=520, èƒ½é‡=41542, å¤„ç†æ—¶é—´=6ms
2025-08-15 22:06:01.023 26704-26808 MainActivity            cn.watchfun.android_use_cpp_demo1    D  å¼€å§‹å¤„ç†TTS chunk 546: å¤§å°=960 bytes (0.0ç§’)
2025-08-15 22:06:01.024 26704-26812 MainActivity            cn.watchfun.android_use_cpp_demo1    D  AEC3å¤„ç†æˆåŠŸ - å¸§520: ERLE=0.2dB, ERL=14.4dB, å»¶è¿Ÿ=52ms, å¤„ç†è€—æ—¶=6ms
2025-08-15 22:06:01.024 26704-26808 MainActivity            cn.watchfun.android_use_cpp_demo1    D  PCMåŸå§‹æ•°æ®èƒ½é‡æ£€æŸ¥: å‰100å­—èŠ‚èƒ½é‡=4059
2025-08-15 22:06:01.024 26704-26812 MainActivity            cn.watchfun.android_use_cpp_demo1    W  AEC3æ€§èƒ½è¾ƒä½: ERLE=0.2dB (å»ºè®®>10dB)
2025-08-15 22:06:01.024 26704-26812 MainActivity            cn.watchfun.android_use_cpp_demo1    W  â° éº¦å…‹é£bufferå¤„ç†è€—æ—¶è¾ƒé•¿: 31ms
2025-08-15 22:06:01.024 26704-26808 MainActivity            cn.watchfun.android_use_cpp_demo1    D  Chunk 546è½¬æ¢ä¸ºæµ®ç‚¹æ•°ç»„: 480 samples
2025-08-15 22:06:01.025 26704-26808 MainActivity            cn.watchfun.android_use_cpp_demo1    D  æµ®ç‚¹è½¬æ¢åèƒ½é‡æ£€æŸ¥: å‰100æ ·æœ¬èƒ½é‡=629474
2025-08-15 22:06:01.025 26704-26808 MainActivity            cn.watchfun.android_use_cpp_demo1    D  TTSå¸§ç¼“å†²: å¸§èƒ½é‡=2196251, ç¼“å†²åŒºå¤§å°=21
2025-08-15 22:06:01.025 26704-26808 MainActivity            cn.watchfun.android_use_cpp_demo1    D  Chunk 546: ç¼“å­˜1ä¸ªTTSå¸§ç”¨äºåŒæ­¥AECå¤„ç†
2025-08-15 22:06:01.035 26704-26808 MainActivity            cn.watchfun.android_use_cpp_demo1    D  æ’­æ”¾chunk 546: 960/960 bytes, è€—æ—¶8ms (é›¶å¹²é¢„æ’­æ”¾æ³•)
2025-08-15 22:06:01.035 26704-26808 MainActivity            cn.watchfun.android_use_cpp_demo1    D  å¼€å§‹å¤„ç†TTS chunk 547: å¤§å°=960 bytes (0.0ç§’)
2025-08-15 22:06:01.035 26704-26808 MainActivity            cn.watchfun.android_use_cpp_demo1    D  PCMåŸå§‹æ•°æ®èƒ½é‡æ£€æŸ¥: å‰100å­—èŠ‚èƒ½é‡=4163
2025-08-15 22:06:01.036 26704-26808 MainActivity            cn.watchfun.android_use_cpp_demo1    D  Chunk 547è½¬æ¢ä¸ºæµ®ç‚¹æ•°ç»„: 480 samples
2025-08-15 22:06:01.036 26704-26808 MainActivity            cn.watchfun.android_use_cpp_demo1    D  æµ®ç‚¹è½¬æ¢åèƒ½é‡æ£€æŸ¥: å‰100æ ·æœ¬èƒ½é‡=500786
2025-08-15 22:06:01.036 26704-26808 MainActivity            cn.watchfun.android_use_cpp_demo1    D  TTSå¸§ç¼“å†²: å¸§èƒ½é‡=1552702, ç¼“å†²åŒºå¤§å°=22
2025-08-15 22:06:01.036 26704-26808 MainActivity            cn.watchfun.android_use_cpp_demo1    D  Chunk 547: ç¼“å­˜1ä¸ªTTSå¸§ç”¨äºåŒæ­¥AECå¤„ç†
2025-08-15 22:06:01.038 26704-26812 WQAEC_Config            cn.watchfun.android_use_cpp_demo1    D  Reference frame analyzed: energy=3.5, timestamp=280952487680
2025-08-15 22:06:01.039 26704-26812 MainActivity            cn.watchfun.android_use_cpp_demo1    V  ğŸ¯ æ—¶åºåŒæ­¥TTSå‚è€ƒ: frame=521, èƒ½é‡=1142136, ç¼“å†²åŒº=21, æ¼‚ç§»=0ms
2025-08-15 22:06:01.042 26704-26808 MainActivity            cn.watchfun.android_use_cpp_demo1    D  æ’­æ”¾chunk 547: 960/960 bytes, è€—æ—¶6ms (é›¶å¹²é¢„æ’­æ”¾æ³•)
2025-08-15 22:06:01.043 26704-26808 MainActivity            cn.watchfun.android_use_cpp_demo1    D  å¼€å§‹å¤„ç†TTS chunk 548: å¤§å°=960 bytes (0.0ç§’)
2025-08-15 22:06:01.043 26704-26808 MainActivity            cn.watchfun.android_use_cpp_demo1    D  PCMåŸå§‹æ•°æ®èƒ½é‡æ£€æŸ¥: å‰100å­—èŠ‚èƒ½é‡=3731
2025-08-15 22:06:01.043 26704-26808 MainActivity            cn.watchfun.android_use_cpp_demo1    D  Chunk 548è½¬æ¢ä¸ºæµ®ç‚¹æ•°ç»„: 480 samples
2025-08-15 22:06:01.043 26704-26808 MainActivity            cn.watchfun.android_use_cpp_demo1    D  æµ®ç‚¹è½¬æ¢åèƒ½é‡æ£€æŸ¥: å‰100æ ·æœ¬èƒ½é‡=280373
2025-08-15 22:06:01.043 26704-26808 MainActivity            cn.watchfun.android_use_cpp_demo1    D  TTSå¸§ç¼“å†²: å¸§èƒ½é‡=906076, ç¼“å†²åŒºå¤§å°=22
2025-08-15 22:06:01.043 26704-26808 MainActivity            cn.watchfun.android_use_cpp_demo1    D  Chunk 548: ç¼“å­˜1ä¸ªTTSå¸§ç”¨äºåŒæ­¥AECå¤„ç†
2025-08-15 22:06:01.047 26704-26812 WQAEC_Config            cn.watchfun.android_use_cpp_demo1    D  Capture frame analyzed: energy=0.0, timestamp=280952488794, frame=521
2025-08-15 22:06:01.048 26704-26812 MainActivity            cn.watchfun.android_use_cpp_demo1    V  éº¦å…‹é£å¸§å¤„ç†: frame=521, èƒ½é‡=22461, å¤„ç†æ—¶é—´=9ms
2025-08-15 22:06:01.049 26704-26812 MainActivity            cn.watchfun.android_use_cpp_demo1    D  AEC3å¤„ç†æˆåŠŸ - å¸§521: ERLE=0.2dB, ERL=14.4dB, å»¶è¿Ÿ=52ms, å¤„ç†è€—æ—¶=9ms
2025-08-15 22:06:01.049 26704-26812 MainActivity            cn.watchfun.android_use_cpp_demo1    W  AEC3æ€§èƒ½è¾ƒä½: ERLE=0.2dB (å»ºè®®>10dB)
2025-08-15 22:06:01.049 26704-26812 WQAEC_Config            cn.watchfun.android_use_cpp_demo1    D  Reference frame analyzed: energy=6.8, timestamp=280952499350
2025-08-15 22:06:01.050 26704-26812 MainActivity            cn.watchfun.android_use_cpp_demo1    V  ğŸ¯ æ—¶åºåŒæ­¥TTSå‚è€ƒ: frame=522, èƒ½é‡=1600353, ç¼“å†²åŒº=21, æ¼‚ç§»=0ms
2025-08-15 22:06:01.054 26704-26808 MainActivity            cn.watchfun.android_use_cpp_demo1    D  æ’­æ”¾chunk 548: 960/960 bytes, è€—æ—¶10ms (é›¶å¹²é¢„æ’­æ”¾æ³•)
2025-08-15 22:06:01.054 26704-26808 MainActivity            cn.watchfun.android_use_cpp_demo1    D  å¼€å§‹å¤„ç†TTS chunk 549: å¤§å°=960 bytes (0.0ç§’)
2025-08-15 22:06:01.055 26704-26808 MainActivity            cn.watchfun.android_use_cpp_demo1    D  PCMåŸå§‹æ•°æ®èƒ½é‡æ£€æŸ¥: å‰100å­—èŠ‚èƒ½é‡=3777
2025-08-15 22:06:01.055 26704-26808 MainActivity            cn.watchfun.android_use_cpp_demo1    D  Chunk 549è½¬æ¢ä¸ºæµ®ç‚¹æ•°ç»„: 480 samples
2025-08-15 22:06:01.055 26704-26808 MainActivity            cn.watchfun.android_use_cpp_demo1    D  æµ®ç‚¹è½¬æ¢åèƒ½é‡æ£€æŸ¥: å‰100æ ·æœ¬èƒ½é‡=188928
2025-08-15 22:06:01.055 26704-26812 WQAEC_Config            cn.watchfun.android_use_cpp_demo1    D  Capture frame analyzed: energy=0.0, timestamp=280952499968, frame=522
2025-08-15 22:06:01.056 26704-26808 MainActivity            cn.watchfun.android_use_cpp_demo1    D  TTSå¸§ç¼“å†²: å¸§èƒ½é‡=994267, ç¼“å†²åŒºå¤§å°=22
2025-08-15 22:06:01.056 26704-26808 MainActivity            cn.watchfun.android_use_cpp_demo1    D  Chunk 549: ç¼“å­˜1ä¸ªTTSå¸§ç”¨äºåŒæ­¥AECå¤„ç†
2025-08-15 22:06:01.057 26704-26812 MainActivity            cn.watchfun.android_use_cpp_demo1    V  éº¦å…‹é£å¸§å¤„ç†: frame=522, èƒ½é‡=19439, å¤„ç†æ—¶é—´=7ms
2025-08-15 22:06:01.057 26704-26812 MainActivity            cn.watchfun.android_use_cpp_demo1    D  AEC3å¤„ç†æˆåŠŸ - å¸§522: ERLE=0.2dB, ERL=14.4dB, å»¶è¿Ÿ=52ms, å¤„ç†è€—æ—¶=7ms
2025-08-15 22:06:01.057 26704-26812 MainActivity            cn.watchfun.android_use_cpp_demo1    W  AEC3æ€§èƒ½è¾ƒä½: ERLE=0.2dB (å»ºè®®>10dB)
2025-08-15 22:06:01.058 26704-26812 WQAEC_Config            cn.watchfun.android_use_cpp_demo1    D  Reference frame analyzed: energy=10.8, timestamp=280952507487
2025-08-15 22:06:01.058 26704-26812 MainActivity            cn.watchfun.android_use_cpp_demo1    V  ğŸ¯ æ—¶åºåŒæ­¥TTSå‚è€ƒ: frame=523, èƒ½é‡=2007917, ç¼“å†²åŒº=21, æ¼‚ç§»=0ms
2025-08-15 22:06:01.062 26704-26808 MainActivity            cn.watchfun.android_use_cpp_demo1    D  æ’­æ”¾chunk 549: 960/960 bytes, è€—æ—¶6ms (é›¶å¹²é¢„æ’­æ”¾æ³•)
2025-08-15 22:06:01.063 26704-26808 MainActivity            cn.watchfun.android_use_cpp_demo1    D  å¼€å§‹å¤„ç†TTS chunk 550: å¤§å°=960 bytes (0.0ç§’)
2025-08-15 22:06:01.063 26704-26808 MainActivity            cn.watchfun.android_use_cpp_demo1    D  PCMåŸå§‹æ•°æ®èƒ½é‡æ£€æŸ¥: å‰100å­—èŠ‚èƒ½é‡=3465
2025-08-15 22:06:01.063 26704-26808 MainActivity            cn.watchfun.android_use_cpp_demo1    D  Chunk 550è½¬æ¢ä¸ºæµ®ç‚¹æ•°ç»„: 480 samples
2025-08-15 22:06:01.063 26704-26808 MainActivity            cn.watchfun.android_use_cpp_demo1    D  æµ®ç‚¹è½¬æ¢åèƒ½é‡æ£€æŸ¥: å‰100æ ·æœ¬èƒ½é‡=142214
2025-08-15 22:06:01.063 26704-26812 WQAEC_Config            cn.watchfun.android_use_cpp_demo1    D  Capture frame analyzed: energy=0.0, timestamp=280952508154, frame=523
2025-08-15 22:06:01.064 26704-26808 MainActivity            cn.watchfun.android_use_cpp_demo1    D  TTSå¸§ç¼“å†²: å¸§èƒ½é‡=760607, ç¼“å†²åŒºå¤§å°=22
2025-08-15 22:06:01.064 26704-26808 MainActivity            cn.watchfun.android_use_cpp_demo1    D  Chunk 550: ç¼“å­˜1ä¸ªTTSå¸§ç”¨äºåŒæ­¥AECå¤„ç†
2025-08-15 22:06:01.064 26704-26812 MainActivity            cn.watchfun.android_use_cpp_demo1    V  éº¦å…‹é£å¸§å¤„ç†: frame=523, èƒ½é‡=30633, å¤„ç†æ—¶é—´=6ms
2025-08-15 22:06:01.065 26704-26812 MainActivity            cn.watchfun.android_use_cpp_demo1    D  AEC3å¤„ç†æˆåŠŸ - å¸§523: ERLE=0.2dB, ERL=14.4dB, å»¶è¿Ÿ=52ms, å¤„ç†è€—æ—¶=6ms
2025-08-15 22:06:01.065 26704-26812 MainActivity            cn.watchfun.android_use_cpp_demo1    W  AEC3æ€§èƒ½è¾ƒä½: ERLE=0.2dB (å»ºè®®>10dB)
2025-08-15 22:06:01.065 26704-26812 WQAEC_Config            cn.watchfun.android_use_cpp_demo1    D  Reference frame analyzed: energy=13.7, timestamp=280952514914
2025-08-15 22:06:01.065 26704-26812 MainActivity            cn.watchfun.android_use_cpp_demo1    V  ğŸ¯ æ—¶åºåŒæ­¥TTSå‚è€ƒ: frame=524, èƒ½é‡=2139277, ç¼“å†²åŒº=21, æ¼‚ç§»=0ms
2025-08-15 22:06:01.071 26704-26812 WQAEC_Config            cn.watchfun.android_use_cpp_demo1    D  Capture frame analyzed: energy=0.0, timestamp=280952515410, frame=524
2025-08-15 22:06:01.072 26704-26812 MainActivity            cn.watchfun.android_use_cpp_demo1    V  éº¦å…‹é£å¸§å¤„ç†: frame=524, èƒ½é‡=23231, å¤„ç†æ—¶é—´=7ms
2025-08-15 22:06:01.072 26704-26812 MainActivity            cn.watchfun.android_use_cpp_demo1    D  AEC3å¤„ç†æˆåŠŸ - å¸§524: ERLE=0.2dB, ERL=14.4dB, å»¶è¿Ÿ=52ms, å¤„ç†è€—æ—¶=7ms
2025-08-15 22:06:01.072 26704-26812 MainActivity            cn.watchfun.android_use_cpp_demo1    W  AEC3æ€§èƒ½è¾ƒä½: ERLE=0.2dB (å»ºè®®>10dB)
2025-08-15 22:06:01.073 26704-26812 MainActivity            cn.watchfun.android_use_cpp_demo1    W  â° éº¦å…‹é£bufferå¤„ç†è€—æ—¶è¾ƒé•¿: 34ms
2025-08-15 22:06:01.074 26704-26812 WQAEC_Config            cn.watchfun.android_use_cpp_demo1    D  Reference frame analyzed: energy=14.3, timestamp=280952523859
2025-08-15 22:06:01.074 26704-26808 MainActivity            cn.watchfun.android_use_cpp_demo1    D  æ’­æ”¾chunk 550: 960/960 bytes, è€—æ—¶10ms (é›¶å¹²é¢„æ’­æ”¾æ³•)
2025-08-15 22:06:01.074 26704-26812 MainActivity            cn.watchfun.android_use_cpp_demo1    V  ğŸ¯ æ—¶åºåŒæ­¥TTSå‚è€ƒ: frame=525, èƒ½é‡=2262703, ç¼“å†²åŒº=20, æ¼‚ç§»=0ms
