2025-08-15 22:06:02.122 26704-26812 MainActivity            cn.watchfun.android_use_cpp_demo1    D  AEC3å¤„ç†æˆåŠŸ - å¸§630: ERLE=6.1dB, ERL=16.8dB, å»¶è¿Ÿ=52ms, å¤„ç†è€—æ—¶=4ms
2025-08-15 22:06:02.123 26704-26812 WQAEC_Config            cn.watchfun.android_use_cpp_demo1    D  Reference frame analyzed: energy=40.9, timestamp=280953572546
2025-08-15 22:06:02.123 26704-26812 MainActivity            cn.watchfun.android_use_cpp_demo1    V  ğŸ¯ æ—¶åºåŒæ­¥TTSå‚è€ƒ: frame=631, èƒ½é‡=3564096, ç¼“å†²åŒº=20, æ¼‚ç§»=1ms
2025-08-15 22:06:02.126 26704-26812 WQAEC_Config            cn.watchfun.android_use_cpp_demo1    D  Capture frame analyzed: energy=2.6, timestamp=280953572893, frame=631
2025-08-15 22:06:02.126 26704-26812 MainActivity            cn.watchfun.android_use_cpp_demo1    V  éº¦å…‹é£å¸§å¤„ç†: frame=631, èƒ½é‡=805465, å¤„ç†æ—¶é—´=3ms
2025-08-15 22:06:02.127 26704-26812 MainActivity            cn.watchfun.android_use_cpp_demo1    D  AEC3å¤„ç†æˆåŠŸ - å¸§631: ERLE=6.1dB, ERL=16.8dB, å»¶è¿Ÿ=52ms, å¤„ç†è€—æ—¶=3ms
2025-08-15 22:06:02.127 26704-26812 WQAEC_Config            cn.watchfun.android_use_cpp_demo1    D  Reference frame analyzed: energy=31.4, timestamp=280953576784
2025-08-15 22:06:02.127 26704-26812 MainActivity            cn.watchfun.android_use_cpp_demo1    V  ğŸ¯ æ—¶åºåŒæ­¥TTSå‚è€ƒ: frame=632, èƒ½é‡=3220182, ç¼“å†²åŒº=19, æ¼‚ç§»=0ms
2025-08-15 22:06:02.130 26704-26812 WQAEC_Config            cn.watchfun.android_use_cpp_demo1    D  Capture frame analyzed: energy=7.7, timestamp=280953577114, frame=632
2025-08-15 22:06:02.131 26704-26812 MainActivity            cn.watchfun.android_use_cpp_demo1    V  éº¦å…‹é£å¸§å¤„ç†: frame=632, èƒ½é‡=1579602, å¤„ç†æ—¶é—´=4ms
2025-08-15 22:06:02.131 26704-26812 MainActivity            cn.watchfun.android_use_cpp_demo1    D  AEC3å¤„ç†æˆåŠŸ - å¸§632: ERLE=6.1dB, ERL=16.8dB, å»¶è¿Ÿ=52ms, å¤„ç†è€—æ—¶=4ms
2025-08-15 22:06:02.134 26704-26808 MainActivity            cn.watchfun.android_use_cpp_demo1    D  æ’­æ”¾chunk 656: 960/960 bytes, è€—æ—¶11ms (é›¶å¹²é¢„æ’­æ”¾æ³•)
2025-08-15 22:06:02.134 26704-26808 MainActivity            cn.watchfun.android_use_cpp_demo1    D  å¼€å§‹å¤„ç†TTS chunk 657: å¤§å°=960 bytes (0.0ç§’)
2025-08-15 22:06:02.134 26704-26808 MainActivity            cn.watchfun.android_use_cpp_demo1    D  PCMåŸå§‹æ•°æ®èƒ½é‡æ£€æŸ¥: å‰100å­—èŠ‚èƒ½é‡=4094
2025-08-15 22:06:02.134 26704-26808 MainActivity            cn.watchfun.android_use_cpp_demo1    D  Chunk 657è½¬æ¢ä¸ºæµ®ç‚¹æ•°ç»„: 480 samples
2025-08-15 22:06:02.134 26704-26808 MainActivity            cn.watchfun.android_use_cpp_demo1    D  æµ®ç‚¹è½¬æ¢åèƒ½é‡æ£€æŸ¥: å‰100æ ·æœ¬èƒ½é‡=699961
2025-08-15 22:06:02.134 26704-26808 MainActivity            cn.watchfun.android_use_cpp_demo1    D  TTSå¸§ç¼“å†²: å¸§èƒ½é‡=4775339, ç¼“å†²åŒºå¤§å°=20
2025-08-15 22:06:02.134 26704-26808 MainActivity            cn.watchfun.android_use_cpp_demo1    D  Chunk 657: ç¼“å­˜1ä¸ªTTSå¸§ç”¨äºåŒæ­¥AECå¤„ç†
2025-08-15 22:06:02.141 26704-26808 MainActivity            cn.watchfun.android_use_cpp_demo1    D  æ’­æ”¾chunk 657: 960/960 bytes, è€—æ—¶7ms (é›¶å¹²é¢„æ’­æ”¾æ³•)
2025-08-15 22:06:02.142 26704-26808 MainActivity            cn.watchfun.android_use_cpp_demo1    D  å¼€å§‹å¤„ç†TTS chunk 658: å¤§å°=960 bytes (0.0ç§’)
2025-08-15 22:06:02.142 26704-26808 MainActivity            cn.watchfun.android_use_cpp_demo1    D  PCMåŸå§‹æ•°æ®èƒ½é‡æ£€æŸ¥: å‰100å­—èŠ‚èƒ½é‡=5001
2025-08-15 22:06:02.142 26704-26808 MainActivity            cn.watchfun.android_use_cpp_demo1    D  Chunk 658è½¬æ¢ä¸ºæµ®ç‚¹æ•°ç»„: 480 samples
2025-08-15 22:06:02.142 26704-26808 MainActivity            cn.watchfun.android_use_cpp_demo1    D  æµ®ç‚¹è½¬æ¢åèƒ½é‡æ£€æŸ¥: å‰100æ ·æœ¬èƒ½é‡=742070
2025-08-15 22:06:02.142 26704-26808 MainActivity            cn.watchfun.android_use_cpp_demo1    D  TTSå¸§ç¼“å†²: å¸§èƒ½é‡=4465375, ç¼“å†²åŒºå¤§å°=21
2025-08-15 22:06:02.142 26704-26808 MainActivity            cn.watchfun.android_use_cpp_demo1    D  Chunk 658: ç¼“å­˜1ä¸ªTTSå¸§ç”¨äºåŒæ­¥AECå¤„ç†
2025-08-15 22:06:02.153 26704-26812 WQAEC_Config            cn.watchfun.android_use_cpp_demo1    D  Reference frame analyzed: energy=26.5, timestamp=280953603397
2025-08-15 22:06:02.154 26704-26808 MainActivity            cn.watchfun.android_use_cpp_demo1    D  æ’­æ”¾chunk 658: 960/960 bytes, è€—æ—¶11ms (é›¶å¹²é¢„æ’­æ”¾æ³•)
2025-08-15 22:06:02.154 26704-26808 MainActivity            cn.watchfun.android_use_cpp_demo1    D  å¼€å§‹å¤„ç†TTS chunk 659: å¤§å°=960 bytes (0.0ç§’)
2025-08-15 22:06:02.154 26704-26812 MainActivity            cn.watchfun.android_use_cpp_demo1    V  ğŸ¯ æ—¶åºåŒæ­¥TTSå‚è€ƒ: frame=633, èƒ½é‡=2970010, ç¼“å†²åŒº=20, æ¼‚ç§»=0ms
2025-08-15 22:06:02.154 26704-26808 MainActivity            cn.watchfun.android_use_cpp_demo1    D  PCMåŸå§‹æ•°æ®èƒ½é‡æ£€æŸ¥: å‰100å­—èŠ‚èƒ½é‡=4989
2025-08-15 22:06:02.154 26704-26808 MainActivity            cn.watchfun.android_use_cpp_demo1    D  Chunk 659è½¬æ¢ä¸ºæµ®ç‚¹æ•°ç»„: 480 samples
2025-08-15 22:06:02.154 26704-26808 MainActivity            cn.watchfun.android_use_cpp_demo1    D  æµ®ç‚¹è½¬æ¢åèƒ½é‡æ£€æŸ¥: å‰100æ ·æœ¬èƒ½é‡=1039416
2025-08-15 22:06:02.155 26704-26808 MainActivity            cn.watchfun.android_use_cpp_demo1    D  TTSå¸§ç¼“å†²: å¸§èƒ½é‡=3692088, ç¼“å†²åŒºå¤§å°=21
2025-08-15 22:06:02.155 26704-26808 MainActivity            cn.watchfun.android_use_cpp_demo1    D  Chunk 659: ç¼“å­˜1ä¸ªTTSå¸§ç”¨äºåŒæ­¥AECå¤„ç†
2025-08-15 22:06:02.159 26704-26812 WQAEC_Config            cn.watchfun.android_use_cpp_demo1    D  Capture frame analyzed: energy=9.2, timestamp=280953604087, frame=633
2025-08-15 22:06:02.161 26704-26812 MainActivity            cn.watchfun.android_use_cpp_demo1    V  éº¦å…‹é£å¸§å¤„ç†: frame=633, èƒ½é‡=1756593, å¤„ç†æ—¶é—´=6ms
2025-08-15 22:06:02.161 26704-26812 MainActivity            cn.watchfun.android_use_cpp_demo1    D  AEC3å¤„ç†æˆåŠŸ - å¸§633: ERLE=6.2dB, ERL=16.8dB, å»¶è¿Ÿ=52ms, å¤„ç†è€—æ—¶=6ms
2025-08-15 22:06:02.161 26704-26812 WQAEC_Config            cn.watchfun.android_use_cpp_demo1    D  Reference frame analyzed: energy=24.2, timestamp=280953611040
2025-08-15 22:06:02.161 26704-26812 MainActivity            cn.watchfun.android_use_cpp_demo1    V  ğŸ¯ æ—¶åºåŒæ­¥TTSå‚è€ƒ: frame=634, èƒ½é‡=2799381, ç¼“å†²åŒº=20, æ¼‚ç§»=0ms
2025-08-15 22:06:02.162 26704-26808 MainActivity            cn.watchfun.android_use_cpp_demo1    D  æ’­æ”¾chunk 659: 960/960 bytes, è€—æ—¶7ms (é›¶å¹²é¢„æ’­æ”¾æ³•)
2025-08-15 22:06:02.162 26704-26808 MainActivity            cn.watchfun.android_use_cpp_demo1    D  å¼€å§‹å¤„ç†TTS chunk 660: å¤§å°=960 bytes (0.0ç§’)
2025-08-15 22:06:02.162 26704-26808 MainActivity            cn.watchfun.android_use_cpp_demo1    D  PCMåŸå§‹æ•°æ®èƒ½é‡æ£€æŸ¥: å‰100å­—èŠ‚èƒ½é‡=4669
2025-08-15 22:06:02.163 26704-26808 MainActivity            cn.watchfun.android_use_cpp_demo1    D  Chunk 660è½¬æ¢ä¸ºæµ®ç‚¹æ•°ç»„: 480 samples
2025-08-15 22:06:02.163 26704-26808 MainActivity            cn.watchfun.android_use_cpp_demo1    D  æµ®ç‚¹è½¬æ¢åèƒ½é‡æ£€æŸ¥: å‰100æ ·æœ¬èƒ½é‡=907083
2025-08-15 22:06:02.163 26704-26808 MainActivity            cn.watchfun.android_use_cpp_demo1    D  TTSå¸§ç¼“å†²: å¸§èƒ½é‡=3666497, ç¼“å†²åŒºå¤§å°=21
2025-08-15 22:06:02.163 26704-26808 MainActivity            cn.watchfun.android_use_cpp_demo1    D  Chunk 660: ç¼“å­˜1ä¸ªTTSå¸§ç”¨äºåŒæ­¥AECå¤„ç†
2025-08-15 22:06:02.167 26704-26812 WQAEC_Config            cn.watchfun.android_use_cpp_demo1    D  Capture frame analyzed: energy=8.4, timestamp=280953611554, frame=634
2025-08-15 22:06:02.169 26704-26812 MainActivity            cn.watchfun.android_use_cpp_demo1    V  éº¦å…‹é£å¸§å¤„ç†: frame=634, èƒ½é‡=1702159, å¤„ç†æ—¶é—´=7ms
2025-08-15 22:06:02.169 26704-26812 MainActivity            cn.watchfun.android_use_cpp_demo1    D  AEC3å¤„ç†æˆåŠŸ - å¸§634: ERLE=6.2dB, ERL=16.8dB, å»¶è¿Ÿ=52ms, å¤„ç†è€—æ—¶=7ms
2025-08-15 22:06:02.169 26704-26812 WQAEC_Config            cn.watchfun.android_use_cpp_demo1    D  Reference frame analyzed: energy=24.3, timestamp=280953619465
2025-08-15 22:06:02.170 26704-26812 MainActivity            cn.watchfun.android_use_cpp_demo1    V  ğŸ¯ æ—¶åºåŒæ­¥TTSå‚è€ƒ: frame=635, èƒ½é‡=2876040, ç¼“å†²åŒº=20, æ¼‚ç§»=0ms
2025-08-15 22:06:02.174 26704-26808 MainActivity            cn.watchfun.android_use_cpp_demo1    D  æ’­æ”¾chunk 660: 960/960 bytes, è€—æ—¶11ms (é›¶å¹²é¢„æ’­æ”¾æ³•)
2025-08-15 22:06:02.174 26704-26808 MainActivity            cn.watchfun.android_use_cpp_demo1    D  å¼€å§‹å¤„ç†TTS chunk 661: å¤§å°=960 bytes (0.0ç§’)
2025-08-15 22:06:02.174 26704-26808 MainActivity            cn.watchfun.android_use_cpp_demo1    D  PCMåŸå§‹æ•°æ®èƒ½é‡æ£€æŸ¥: å‰100å­—èŠ‚èƒ½é‡=4063
2025-08-15 22:06:02.174 26704-26808 MainActivity            cn.watchfun.android_use_cpp_demo1    D  Chunk 661è½¬æ¢ä¸ºæµ®ç‚¹æ•°ç»„: 480 samples
2025-08-15 22:06:02.175 26704-26808 MainActivity            cn.watchfun.android_use_cpp_demo1    D  æµ®ç‚¹è½¬æ¢åèƒ½é‡æ£€æŸ¥: å‰100æ ·æœ¬èƒ½é‡=449219
2025-08-15 22:06:02.175 26704-26808 MainActivity            cn.watchfun.android_use_cpp_demo1    D  TTSå¸§ç¼“å†²: å¸§èƒ½é‡=3049518, ç¼“å†²åŒºå¤§å°=21
2025-08-15 22:06:02.175 26704-26808 MainActivity            cn.watchfun.android_use_cpp_demo1    D  Chunk 661: ç¼“å­˜1ä¸ªTTSå¸§ç”¨äºåŒæ­¥AECå¤„ç†
2025-08-15 22:06:02.175 26704-26812 WQAEC_Config            cn.watchfun.android_use_cpp_demo1    D  Capture frame analyzed: energy=9.0, timestamp=280953620072, frame=635
2025-08-15 22:06:02.176 26704-26812 MainActivity            cn.watchfun.android_use_cpp_demo1    V  éº¦å…‹é£å¸§å¤„ç†: frame=635, èƒ½é‡=1702815, å¤„ç†æ—¶é—´=6ms
2025-08-15 22:06:02.177 26704-26812 MainActivity            cn.watchfun.android_use_cpp_demo1    D  AEC3å¤„ç†æˆåŠŸ - å¸§635: ERLE=6.2dB, ERL=16.8dB, å»¶è¿Ÿ=52ms, å¤„ç†è€—æ—¶=6ms
2025-08-15 22:06:02.177 26704-26812 WQAEC_Config            cn.watchfun.android_use_cpp_demo1    D  Reference frame analyzed: energy=20.3, timestamp=280953626997
2025-08-15 22:06:02.177 26704-26812 MainActivity            cn.watchfun.android_use_cpp_demo1    V  ğŸ¯ æ—¶åºåŒæ­¥TTSå‚è€ƒ: frame=636, èƒ½é‡=2760010, ç¼“å†²åŒº=20, æ¼‚ç§»=0ms
2025-08-15 22:06:02.182 26704-26808 MainActivity            cn.watchfun.android_use_cpp_demo1    D  æ’­æ”¾chunk 661: 960/960 bytes, è€—æ—¶7ms (é›¶å¹²é¢„æ’­æ”¾æ³•)
2025-08-15 22:06:02.182 26704-26808 MainActivity            cn.watchfun.android_use_cpp_demo1    D  å¼€å§‹å¤„ç†TTS chunk 662: å¤§å°=960 bytes (0.0ç§’)
2025-08-15 22:06:02.182 26704-26808 MainActivity            cn.watchfun.android_use_cpp_demo1    D  PCMåŸå§‹æ•°æ®èƒ½é‡æ£€æŸ¥: å‰100å­—èŠ‚èƒ½é‡=4229
2025-08-15 22:06:02.183 26704-26808 MainActivity            cn.watchfun.android_use_cpp_demo1    D  Chunk 662è½¬æ¢ä¸ºæµ®ç‚¹æ•°ç»„: 480 samples
2025-08-15 22:06:02.183 26704-26812 WQAEC_Config            cn.watchfun.android_use_cpp_demo1    D  Capture frame analyzed: energy=9.6, timestamp=280953627519, frame=636
2025-08-15 22:06:02.183 26704-26808 MainActivity            cn.watchfun.android_use_cpp_demo1    D  æµ®ç‚¹è½¬æ¢åèƒ½é‡æ£€æŸ¥: å‰100æ ·æœ¬èƒ½é‡=556474
2025-08-15 22:06:02.183 26704-26808 MainActivity            cn.watchfun.android_use_cpp_demo1    D  TTSå¸§ç¼“å†²: å¸§èƒ½é‡=2240883, ç¼“å†²åŒºå¤§å°=21
2025-08-15 22:06:02.183 26704-26808 MainActivity            cn.watchfun.android_use_cpp_demo1    D  Chunk 662: ç¼“å­˜1ä¸ªTTSå¸§ç”¨äºåŒæ­¥AECå¤„ç†
2025-08-15 22:06:02.184 26704-26812 MainActivity            cn.watchfun.android_use_cpp_demo1    V  éº¦å…‹é£å¸§å¤„ç†: frame=636, èƒ½é‡=1671936, å¤„ç†æ—¶é—´=7ms
2025-08-15 22:06:02.185 26704-26812 MainActivity            cn.watchfun.android_use_cpp_demo1    D  AEC3å¤„ç†æˆåŠŸ - å¸§636: ERLE=6.2dB, ERL=16.8dB, å»¶è¿Ÿ=52ms, å¤„ç†è€—æ—¶=7ms
2025-08-15 22:06:02.185 26704-26812 MainActivity            cn.watchfun.android_use_cpp_demo1    W  â° éº¦å…‹é£bufferå¤„ç†è€—æ—¶è¾ƒé•¿: 32ms
2025-08-15 22:06:02.194 26704-26808 MainActivity            cn.watchfun.android_use_cpp_demo1    D  æ’­æ”¾chunk 662: 960/960 bytes, è€—æ—¶11ms (é›¶å¹²é¢„æ’­æ”¾æ³•)
2025-08-15 22:06:02.194 26704-26812 WQAEC_Config            cn.watchfun.android_use_cpp_demo1    D  Reference frame analyzed: energy=19.6, timestamp=280953644142
2025-08-15 22:06:02.194 26704-26808 MainActivity            cn.watchfun.android_use_cpp_demo1    D  å¼€å§‹å¤„ç†TTS chunk 663: å¤§å°=960 bytes (0.0ç§’)
2025-08-15 22:06:02.194 26704-26808 MainActivity            cn.watchfun.android_use_cpp_demo1    D  PCMåŸå§‹æ•°æ®èƒ½é‡æ£€æŸ¥: å‰100å­—èŠ‚èƒ½é‡=4336
2025-08-15 22:06:02.195 26704-26812 MainActivity            cn.watchfun.android_use_cpp_demo1    V  ğŸ¯ æ—¶åºåŒæ­¥TTSå‚è€ƒ: frame=637, èƒ½é‡=2717239, ç¼“å†²åŒº=20, æ¼‚ç§»=0ms
2025-08-15 22:06:02.195 26704-26808 MainActivity            cn.watchfun.android_use_cpp_demo1    D  Chunk 663è½¬æ¢ä¸ºæµ®ç‚¹æ•°ç»„: 480 samples
2025-08-15 22:06:02.195 26704-26808 MainActivity            cn.watchfun.android_use_cpp_demo1    D  æµ®ç‚¹è½¬æ¢åèƒ½é‡æ£€æŸ¥: å‰100æ ·æœ¬èƒ½é‡=533029
2025-08-15 22:06:02.195 26704-26808 MainActivity            cn.watchfun.android_use_cpp_demo1    D  TTSå¸§ç¼“å†²: å¸§èƒ½é‡=1924843, ç¼“å†²åŒºå¤§å°=21
2025-08-15 22:06:02.195 26704-26808 MainActivity            cn.watchfun.android_use_cpp_demo1    D  Chunk 663: ç¼“å­˜1ä¸ªTTSå¸§ç”¨äºåŒæ­¥AECå¤„ç†
2025-08-15 22:06:02.200 26704-26812 WQAEC_Config            cn.watchfun.android_use_cpp_demo1    D  Capture frame analyzed: energy=8.3, timestamp=280953644682, frame=637
2025-08-15 22:06:03.000 26704-26812 ratelimit               cn.watchfun.android_use_cpp_demo1    W  Single process limit 250/s drop 1003 lines.
2025-08-15 22:06:03.000 26704-26812 WQAEC_Config            cn.watchfun.android_use_cpp_demo1    D  Reference frame analyzed: energy=0.1, timestamp=280954449524
2025-08-15 22:06:03.000 26704-26812 MainActivity            cn.watchfun.android_use_cpp_demo1    V  ğŸ¯ æ—¶åºåŒæ­¥TTSå‚è€ƒ: frame=718, èƒ½é‡=237638, ç¼“å†²åŒº=20, æ¼‚ç§»=0ms
2025-08-15 22:06:03.003 26704-26808 MainActivity            cn.watchfun.android_use_cpp_demo1    D  æ’­æ”¾chunk 743: 960/960 bytes, è€—æ—¶5ms (é›¶å¹²é¢„æ’­æ”¾æ³•)
2025-08-15 22:06:03.004 26704-26808 MainActivity            cn.watchfun.android_use_cpp_demo1    D  å¼€å§‹å¤„ç†TTS chunk 744: å¤§å°=960 bytes (0.0ç§’)
2025-08-15 22:06:03.004 26704-26812 WQAEC_Config            cn.watchfun.android_use_cpp_demo1    D  Capture frame analyzed: energy=5.7, timestamp=280954450061, frame=718
2025-08-15 22:06:03.004 26704-26808 MainActivity            cn.watchfun.android_use_cpp_demo1    D  PCMåŸå§‹æ•°æ®èƒ½é‡æ£€æŸ¥: å‰100å­—èŠ‚èƒ½é‡=3483
2025-08-15 22:06:03.006 26704-26812 MainActivity            cn.watchfun.android_use_cpp_demo1    V  éº¦å…‹é£å¸§å¤„ç†: frame=718, èƒ½é‡=1320703, å¤„ç†æ—¶é—´=5ms
2025-08-15 22:06:03.006 26704-26812 MainActivity            cn.watchfun.android_use_cpp_demo1    D  AEC3å¤„ç†æˆåŠŸ - å¸§718: ERLE=6.2dB, ERL=18.3dB, å»¶è¿Ÿ=52ms, å¤„ç†è€—æ—¶=5ms
2025-08-15 22:06:03.006 26704-26812 WQAEC_Config            cn.watchfun.android_use_cpp_demo1    D  Reference frame analyzed: energy=0.1, timestamp=280954456210
2025-08-15 22:06:03.007 26704-26808 MainActivity            cn.watchfun.android_use_cpp_demo1    D  Chunk 744è½¬æ¢ä¸ºæµ®ç‚¹æ•°ç»„: 480 samples
2025-08-15 22:06:03.007 26704-26812 MainActivity            cn.watchfun.android_use_cpp_demo1    V  ğŸ¯ æ—¶åºåŒæ­¥TTSå‚è€ƒ: frame=719, èƒ½é‡=217133, ç¼“å†²åŒº=19, æ¼‚ç§»=0ms
2025-08-15 22:06:03.007 26704-26808 MainActivity            cn.watchfun.android_use_cpp_demo1    D  æµ®ç‚¹è½¬æ¢åèƒ½é‡æ£€æŸ¥: å‰100æ ·æœ¬èƒ½é‡=53521
2025-08-15 22:06:03.007 26704-26808 MainActivity            cn.watchfun.android_use_cpp_demo1    D  TTSå¸§ç¼“å†²: å¸§èƒ½é‡=562428, ç¼“å†²åŒºå¤§å°=20
2025-08-15 22:06:03.008 26704-26808 MainActivity            cn.watchfun.android_use_cpp_demo1    D  Chunk 744: ç¼“å­˜1ä¸ªTTSå¸§ç”¨äºåŒæ­¥AECå¤„ç†
2025-08-15 22:06:03.011 26704-26812 WQAEC_Config            cn.watchfun.android_use_cpp_demo1    D  Capture frame analyzed: energy=5.1, timestamp=280954456691, frame=719
2025-08-15 22:06:03.012 26704-26812 MainActivity            cn.watchfun.android_use_cpp_demo1    V  éº¦å…‹é£å¸§å¤„ç†: frame=719, èƒ½é‡=1367296, å¤„ç†æ—¶é—´=5ms
2025-08-15 22:06:03.012 26704-26812 MainActivity            cn.watchfun.android_use_cpp_demo1    D  AEC3å¤„ç†æˆåŠŸ - å¸§719: ERLE=6.2dB, ERL=18.3dB, å»¶è¿Ÿ=52ms, å¤„ç†è€—æ—¶=5ms
2025-08-15 22:06:03.012 26704-26812 WQAEC_Config            cn.watchfun.android_use_cpp_demo1    D  Reference frame analyzed: energy=0.0, timestamp=280954462441
2025-08-15 22:06:03.013 26704-26812 MainActivity            cn.watchfun.android_use_cpp_demo1    V  ğŸ¯ æ—¶åºåŒæ­¥TTSå‚è€ƒ: frame=720, èƒ½é‡=103987, ç¼“å†²åŒº=19, æ¼‚ç§»=0ms
2025-08-15 22:06:03.015 26704-26808 MainActivity            cn.watchfun.android_use_cpp_demo1    D  æ’­æ”¾chunk 744: 960/960 bytes, è€—æ—¶7ms (é›¶å¹²é¢„æ’­æ”¾æ³•)
2025-08-15 22:06:03.016 26704-26808 MainActivity            cn.watchfun.android_use_cpp_demo1    D  å¼€å§‹å¤„ç†TTS chunk 745: å¤§å°=960 bytes (0.0ç§’)
2025-08-15 22:06:03.016 26704-26808 MainActivity            cn.watchfun.android_use_cpp_demo1    D  PCMåŸå§‹æ•°æ®èƒ½é‡æ£€æŸ¥: å‰100å­—èŠ‚èƒ½é‡=3809
2025-08-15 22:06:03.017 26704-26812 WQAEC_Config            cn.watchfun.android_use_cpp_demo1    D  Capture frame analyzed: energy=1.9, timestamp=280954462854, frame=720
2025-08-15 22:06:03.017 26704-26808 MainActivity            cn.watchfun.android_use_cpp_demo1    D  Chunk 745è½¬æ¢ä¸ºæµ®ç‚¹æ•°ç»„: 480 samples
2025-08-15 22:06:03.017 26704-26808 MainActivity            cn.watchfun.android_use_cpp_demo1    D  æµ®ç‚¹è½¬æ¢åèƒ½é‡æ£€æŸ¥: å‰100æ ·æœ¬èƒ½é‡=50929
2025-08-15 22:06:03.018 26704-26808 MainActivity            cn.watchfun.android_use_cpp_demo1    D  TTSå¸§ç¼“å†²: å¸§èƒ½é‡=161795, ç¼“å†²åŒºå¤§å°=20
2025-08-15 22:06:03.018 26704-26812 MainActivity            cn.watchfun.android_use_cpp_demo1    V  éº¦å…‹é£å¸§å¤„ç†: frame=720, èƒ½é‡=835513, å¤„ç†æ—¶é—´=5ms
2025-08-15 22:06:03.019 26704-26812 MainActivity            cn.watchfun.android_use_cpp_demo1    D  AEC3å¤„ç†æˆåŠŸ - å¸§720: ERLE=6.2dB, ERL=18.3dB, å»¶è¿Ÿ=52ms, å¤„ç†è€—æ—¶=5ms
2025-08-15 22:06:03.019 26704-26812 MainActivity            cn.watchfun.android_use_cpp_demo1    W  â° éº¦å…‹é£bufferå¤„ç†è€—æ—¶è¾ƒé•¿: 26ms
2025-08-15 22:06:03.024 26704-26808 MainActivity            cn.watchfun.android_use_cpp_demo1    D  Chunk 745: ç¼“å­˜1ä¸ªTTSå¸§ç”¨äºåŒæ­¥AECå¤„ç†
2025-08-15 22:06:03.025 26704-26808 MainActivity            cn.watchfun.android_use_cpp_demo1    D  æ’­æ”¾chunk 745: 960/960 bytes, è€—æ—¶0ms (é›¶å¹²é¢„æ’­æ”¾æ³•)
2025-08-15 22:06:03.025 26704-26808 MainActivity            cn.watchfun.android_use_cpp_demo1    D  å¼€å§‹å¤„ç†TTS chunk 746: å¤§å°=960 bytes (0.0ç§’)
2025-08-15 22:06:03.026 26704-26808 MainActivity            cn.watchfun.android_use_cpp_demo1    D  PCMåŸå§‹æ•°æ®èƒ½é‡æ£€æŸ¥: å‰100å­—èŠ‚èƒ½é‡=3324
2025-08-15 22:06:03.026 26704-26808 MainActivity            cn.watchfun.android_use_cpp_demo1    D  Chunk 746è½¬æ¢ä¸ºæµ®ç‚¹æ•°ç»„: 480 samples
2025-08-15 22:06:03.027 26704-26808 MainActivity            cn.watchfun.android_use_cpp_demo1    D  æµ®ç‚¹è½¬æ¢åèƒ½é‡æ£€æŸ¥: å‰100æ ·æœ¬èƒ½é‡=42464
2025-08-15 22:06:03.027 26704-26808 MainActivity            cn.watchfun.android_use_cpp_demo1    D  TTSå¸§ç¼“å†²: å¸§èƒ½é‡=528309, ç¼“å†²åŒºå¤§å°=21
2025-08-15 22:06:03.028 26704-26808 MainActivity            cn.watchfun.android_use_cpp_demo1    D  Chunk 746: ç¼“å­˜1ä¸ªTTSå¸§ç”¨äºåŒæ­¥AECå¤„ç†
2025-08-15 22:06:03.034 26704-26812 WQAEC_Config            cn.watchfun.android_use_cpp_demo1    D  Reference frame analyzed: energy=0.0, timestamp=280954483940
2025-08-15 22:06:03.035 26704-26812 MainActivity            cn.watchfun.android_use_cpp_demo1    V  ğŸ¯ æ—¶åºåŒæ­¥TTSå‚è€ƒ: frame=721, èƒ½é‡=82419, ç¼“å†²åŒº=20, æ¼‚ç§»=0ms
2025-08-15 22:06:03.035 26704-26808 MainActivity            cn.watchfun.android_use_cpp_demo1    D  æ’­æ”¾chunk 746: 960/960 bytes, è€—æ—¶6ms (é›¶å¹²é¢„æ’­æ”¾æ³•)
2025-08-15 22:06:03.035 26704-26808 MainActivity            cn.watchfun.android_use_cpp_demo1    D  å¼€å§‹å¤„ç†TTS chunk 747: å¤§å°=960 bytes (0.0ç§’)
2025-08-15 22:06:03.036 26704-26808 MainActivity            cn.watchfun.android_use_cpp_demo1    D  PCMåŸå§‹æ•°æ®èƒ½é‡æ£€æŸ¥: å‰100å­—èŠ‚èƒ½é‡=3373
2025-08-15 22:06:03.036 26704-26808 MainActivity            cn.watchfun.android_use_cpp_demo1    D  Chunk 747è½¬æ¢ä¸ºæµ®ç‚¹æ•°ç»„: 480 samples
2025-08-15 22:06:03.037 26704-26808 MainActivity            cn.watchfun.android_use_cpp_demo1    D  æµ®ç‚¹è½¬æ¢åèƒ½é‡æ£€æŸ¥: å‰100æ ·æœ¬èƒ½é‡=174276
2025-08-15 22:06:03.037 26704-26808 MainActivity            cn.watchfun.android_use_cpp_demo1    D  TTSå¸§ç¼“å†²: å¸§èƒ½é‡=1130737, ç¼“å†²åŒºå¤§å°=21
2025-08-15 22:06:03.037 26704-26808 MainActivity            cn.watchfun.android_use_cpp_demo1    D  Chunk 747: ç¼“å­˜1ä¸ªTTSå¸§ç”¨äºåŒæ­¥AECå¤„ç†
2025-08-15 22:06:03.040 26704-26812 WQAEC_Config            cn.watchfun.android_use_cpp_demo1    D  Capture frame analyzed: energy=0.5, timestamp=280954484776, frame=721
2025-08-15 22:06:03.041 26704-26812 MainActivity            cn.watchfun.android_use_cpp_demo1    V  éº¦å…‹é£å¸§å¤„ç†: frame=721, èƒ½é‡=358995, å¤„ç†æ—¶é—´=6ms
2025-08-15 22:06:03.042 26704-26812 MainActivity            cn.watchfun.android_use_cpp_demo1    D  AEC3å¤„ç†æˆåŠŸ - å¸§721: ERLE=6.2dB, ERL=18.3dB, å»¶è¿Ÿ=52ms, å¤„ç†è€—æ—¶=6ms
2025-08-15 22:06:03.042 26704-26812 WQAEC_Config            cn.watchfun.android_use_cpp_demo1    D  Reference frame analyzed: energy=1.0, timestamp=280954491939
2025-08-15 22:06:03.042 26704-26812 MainActivity            cn.watchfun.android_use_cpp_demo1    V  ğŸ¯ æ—¶åºåŒæ­¥TTSå‚è€ƒ: frame=722, èƒ½é‡=470645, ç¼“å†²åŒº=20, æ¼‚ç§»=0ms
2025-08-15 22:06:03.043 26704-26808 MainActivity            cn.watchfun.android_use_cpp_demo1    D  æ’­æ”¾chunk 747: 960/960 bytes, è€—æ—¶5ms (é›¶å¹²é¢„æ’­æ”¾æ³•)
2025-08-15 22:06:03.043 26704-26808 MainActivity            cn.watchfun.android_use_cpp_demo1    D  å¼€å§‹å¤„ç†TTS chunk 748: å¤§å°=960 bytes (0.0ç§’)
2025-08-15 22:06:03.044 26704-26808 MainActivity            cn.watchfun.android_use_cpp_demo1    D  PCMåŸå§‹æ•°æ®èƒ½é‡æ£€æŸ¥: å‰100å­—èŠ‚èƒ½é‡=4055
2025-08-15 22:06:03.044 26704-26808 MainActivity            cn.watchfun.android_use_cpp_demo1    D  Chunk 748è½¬æ¢ä¸ºæµ®ç‚¹æ•°ç»„: 480 samples
2025-08-15 22:06:03.044 26704-26808 MainActivity            cn.watchfun.android_use_cpp_demo1    D  æµ®ç‚¹è½¬æ¢åèƒ½é‡æ£€æŸ¥: å‰100æ ·æœ¬èƒ½é‡=257619
2025-08-15 22:06:03.045 26704-26808 MainActivity            cn.watchfun.android_use_cpp_demo1    D  TTSå¸§ç¼“å†²: å¸§èƒ½é‡=1311443, ç¼“å†²åŒºå¤§å°=21
2025-08-15 22:06:03.045 26704-26808 MainActivity            cn.watchfun.android_use_cpp_demo1    D  Chunk 748: ç¼“å­˜1ä¸ªTTSå¸§ç”¨äºåŒæ­¥AECå¤„ç†
2025-08-15 22:06:03.048 26704-26812 WQAEC_Config            cn.watchfun.android_use_cpp_demo1    D  Capture frame analyzed: energy=0.1, timestamp=280954492571, frame=722
2025-08-15 22:06:03.050 26704-26812 MainActivity            cn.watchfun.android_use_cpp_demo1    V  éº¦å…‹é£å¸§å¤„ç†: frame=722, èƒ½é‡=178267, å¤„ç†æ—¶é—´=6ms
2025-08-15 22:06:03.050 26704-26812 MainActivity            cn.watchfun.android_use_cpp_demo1    D  AEC3å¤„ç†æˆåŠŸ - å¸§722: ERLE=6.2dB, ERL=18.3dB, å»¶è¿Ÿ=52ms, å¤„ç†è€—æ—¶=6ms
2025-08-15 22:06:03.050 26704-26812 WQAEC_Config            cn.watchfun.android_use_cpp_demo1    D  Reference frame analyzed: energy=6.9, timestamp=280954500305
2025-08-15 22:06:03.051 26704-26812 MainActivity            cn.watchfun.android_use_cpp_demo1    V  ğŸ¯ æ—¶åºåŒæ­¥TTSå‚è€ƒ: frame=723, èƒ½é‡=1638836, ç¼“å†²åŒº=20, æ¼‚ç§»=0ms
2025-08-15 22:06:03.054 26704-26808 MainActivity            cn.watchfun.android_use_cpp_demo1    D  æ’­æ”¾chunk 748: 960/960 bytes, è€—æ—¶9ms (é›¶å¹²é¢„æ’­æ”¾æ³•)
2025-08-15 22:06:03.055 26704-26808 MainActivity            cn.watchfun.android_use_cpp_demo1    D  å¼€å§‹å¤„ç†TTS chunk 749: å¤§å°=960 bytes (0.0ç§’)
2025-08-15 22:06:03.055 26704-26808 MainActivity            cn.watchfun.android_use_cpp_demo1    D  PCMåŸå§‹æ•°æ®èƒ½é‡æ£€æŸ¥: å‰100å­—èŠ‚èƒ½é‡=3388
2025-08-15 22:06:03.056 26704-26808 MainActivity            cn.watchfun.android_use_cpp_demo1    D  Chunk 749è½¬æ¢ä¸ºæµ®ç‚¹æ•°ç»„: 480 samples
2025-08-15 22:06:03.056 26704-26808 MainActivity            cn.watchfun.android_use_cpp_demo1    D  æµ®ç‚¹è½¬æ¢åèƒ½é‡æ£€æŸ¥: å‰100æ ·æœ¬èƒ½é‡=293670
2025-08-15 22:06:03.056 26704-26812 WQAEC_Config            cn.watchfun.android_use_cpp_demo1    D  Capture frame analyzed: energy=0.0, timestamp=280954500910, frame=723
2025-08-15 22:06:03.056 26704-26808 MainActivity            cn.watchfun.android_use_cpp_demo1    D  TTSå¸§ç¼“å†²: å¸§èƒ½é‡=1259840, ç¼“å†²åŒºå¤§å°=21
2025-08-15 22:06:03.056 26704-26808 MainActivity            cn.watchfun.android_use_cpp_demo1    D  Chunk 749: ç¼“å­˜1ä¸ªTTSå¸§ç”¨äºåŒæ­¥AECå¤„ç†
2025-08-15 22:06:03.057 26704-26812 MainActivity            cn.watchfun.android_use_cpp_demo1    V  éº¦å…‹é£å¸§å¤„ç†: frame=723, èƒ½é‡=86462, å¤„ç†æ—¶é—´=6ms
2025-08-15 22:06:03.058 26704-26812 MainActivity            cn.watchfun.android_use_cpp_demo1    D  AEC3å¤„ç†æˆåŠŸ - å¸§723: ERLE=6.2dB, ERL=18.3dB, å»¶è¿Ÿ=52ms, å¤„ç†è€—æ—¶=6ms
2025-08-15 22:06:03.058 26704-26812 WQAEC_Config            cn.watchfun.android_use_cpp_demo1    D  Reference frame analyzed: energy=11.6, timestamp=280954507856
2025-08-15 22:06:03.058 26704-26812 MainActivity            cn.watchfun.android_use_cpp_demo1    V  ğŸ¯ æ—¶åºåŒæ­¥TTSå‚è€ƒ: frame=724, èƒ½é‡=2076178, ç¼“å†²åŒº=20, æ¼‚ç§»=0ms
2025-08-15 22:06:03.062 26704-26808 MainActivity            cn.watchfun.android_use_cpp_demo1    D  æ’­æ”¾chunk 749: 960/960 bytes, è€—æ—¶5ms (é›¶å¹²é¢„æ’­æ”¾æ³•)
2025-08-15 22:06:03.063 26704-26808 MainActivity            cn.watchfun.android_use_cpp_demo1    D  å¼€å§‹å¤„ç†TTS chunk 750: å¤§å°=960 bytes (0.0ç§’)
2025-08-15 22:06:03.063 26704-26808 MainActivity            cn.watchfun.android_use_cpp_demo1    D  PCMåŸå§‹æ•°æ®èƒ½é‡æ£€æŸ¥: å‰100å­—èŠ‚èƒ½é‡=3711
2025-08-15 22:06:03.063 26704-26808 MainActivity            cn.watchfun.android_use_cpp_demo1    D  Chunk 750è½¬æ¢ä¸ºæµ®ç‚¹æ•°ç»„: 480 samples
2025-08-15 22:06:03.063 26704-26808 MainActivity            cn.watchfun.android_use_cpp_demo1    D  æµ®ç‚¹è½¬æ¢åèƒ½é‡æ£€æŸ¥: å‰100æ ·æœ¬èƒ½é‡=230720
2025-08-15 22:06:03.064 26704-26812 WQAEC_Config            cn.watchfun.android_use_cpp_demo1    D  Capture frame analyzed: energy=0.0, timestamp=280954508435, frame=724
2025-08-15 22:06:03.064 26704-26808 MainActivity            cn.watchfun.android_use_cpp_demo1    D  TTSå¸§ç¼“å†²: å¸§èƒ½é‡=1309663, ç¼“å†²åŒºå¤§å°=21
2025-08-15 22:06:03.064 26704-26808 MainActivity            cn.watchfun.android_use_cpp_demo1    D  Chunk 750: ç¼“å­˜1ä¸ªTTSå¸§ç”¨äºåŒæ­¥AECå¤„ç†
2025-08-15 22:06:03.065 26704-26812 MainActivity            cn.watchfun.android_use_cpp_demo1    V  éº¦å…‹é£å¸§å¤„ç†: frame=724, èƒ½é‡=78883, å¤„ç†æ—¶é—´=7ms
2025-08-15 22:06:03.066 26704-26812 MainActivity            cn.watchfun.android_use_cpp_demo1    D  AEC3å¤„ç†æˆåŠŸ - å¸§724: ERLE=6.2dB, ERL=18.3dB, å»¶è¿Ÿ=52ms, å¤„ç†è€—æ—¶=7ms
2025-08-15 22:06:03.066 26704-26812 MainActivity            cn.watchfun.android_use_cpp_demo1    W  â° éº¦å…‹é£bufferå¤„ç†è€—æ—¶è¾ƒé•¿: 32ms
2025-08-15 22:06:03.074 26704-26808 MainActivity            cn.watchfun.android_use_cpp_demo1    D  æ’­æ”¾chunk 750: 960/960 bytes, è€—æ—¶9ms (é›¶å¹²é¢„æ’­æ”¾æ³•)
2025-08-15 22:06:03.074 26704-26812 WQAEC_Config            cn.watchfun.android_use_cpp_demo1    D  Reference frame analyzed: energy=14.5, timestamp=280954523798
2025-08-15 22:06:03.074 26704-26808 MainActivity            cn.watchfun.android_use_cpp_demo1    D  å¼€å§‹å¤„ç†TTS chunk 751: å¤§å°=960 bytes (0.0ç§’)
2025-08-15 22:06:03.075 26704-26808 MainActivity            cn.watchfun.android_use_cpp_demo1    D  PCMåŸå§‹æ•°æ®èƒ½é‡æ£€æŸ¥: å‰100å­—èŠ‚èƒ½é‡=4526
2025-08-15 22:06:03.075 26704-26812 MainActivity            cn.watchfun.android_use_cpp_demo1    V  ğŸ¯ æ—¶åºåŒæ­¥TTSå‚è€ƒ: frame=725, èƒ½é‡=2296845, ç¼“å†²åŒº=20, æ¼‚ç§»=0ms
2025-08-15 22:06:03.075 26704-26808 MainActivity            cn.watchfun.android_use_cpp_demo1    D  Chunk 751è½¬æ¢ä¸ºæµ®ç‚¹æ•°ç»„: 480 samples
2025-08-15 22:06:03.075 26704-26808 MainActivity            cn.watchfun.android_use_cpp_demo1    D  æµ®ç‚¹è½¬æ¢åèƒ½é‡æ£€æŸ¥: å‰100æ ·æœ¬èƒ½é‡=409560
2025-08-15 22:06:03.075 26704-26808 MainActivity            cn.watchfun.android_use_cpp_demo1    D  TTSå¸§ç¼“å†²: å¸§èƒ½é‡=1491998, ç¼“å†²åŒºå¤§å°=21
2025-08-15 22:06:03.076 26704-26808 MainActivity            cn.watchfun.android_use_cpp_demo1    D  Chunk 751: ç¼“å­˜1ä¸ªTTSå¸§ç”¨äºåŒæ­¥AECå¤„ç†
2025-08-15 22:06:03.081 26704-26812 WQAEC_Config            cn.watchfun.android_use_cpp_demo1    D  Capture frame analyzed: energy=0.0, timestamp=280954524783, frame=725
2025-08-15 22:06:03.082 26704-26808 MainActivity            cn.watchfun.android_use_cpp_demo1    D  æ’­æ”¾chunk 751: 960/960 bytes, è€—æ—¶5ms (é›¶å¹²é¢„æ’­æ”¾æ³•)
2025-08-15 22:06:03.082 26704-26808 MainActivity            cn.watchfun.android_use_cpp_demo1    D  å¼€å§‹å¤„ç†TTS chunk 752: å¤§å°=960 bytes (0.0ç§’)
2025-08-15 22:06:03.082 26704-26808 MainActivity            cn.watchfun.android_use_cpp_demo1    D  PCMåŸå§‹æ•°æ®èƒ½é‡æ£€æŸ¥: å‰100å­—èŠ‚èƒ½é‡=3733
2025-08-15 22:06:03.083 26704-26808 MainActivity            cn.watchfun.android_use_cpp_demo1    D  Chunk 752è½¬æ¢ä¸ºæµ®ç‚¹æ•°ç»„: 480 samples
2025-08-15 22:06:03.083 26704-26808 MainActivity            cn.watchfun.android_use_cpp_demo1    D  æµ®ç‚¹è½¬æ¢åèƒ½é‡æ£€æŸ¥: å‰100æ ·æœ¬èƒ½é‡=282492
2025-08-15 22:06:03.083 26704-26812 MainActivity            cn.watchfun.android_use_cpp_demo1    V  éº¦å…‹é£å¸§å¤„ç†: frame=725, èƒ½é‡=95482, å¤„ç†æ—¶é—´=8ms
2025-08-15 22:06:03.083 26704-26808 MainActivity            cn.watchfun.android_use_cpp_demo1    D  TTSå¸§ç¼“å†²: å¸§èƒ½é‡=1110963, ç¼“å†²åŒºå¤§å°=22
2025-08-15 22:06:03.083 26704-26812 MainActivity            cn.watchfun.android_use_cpp_demo1    W  ğŸ“Š AEC3çŠ¶æ€æŠ¥å‘Š - å¸§725:
2025-08-15 22:06:03.083 26704-26808 MainActivity            cn.watchfun.android_use_cpp_demo1    D  Chunk 752: ç¼“å­˜1ä¸ªTTSå¸§ç”¨äºåŒæ­¥AECå¤„ç†
2025-08-15 22:06:03.084 26704-26812 MainActivity            cn.watchfun.android_use_cpp_demo1    W    ğŸ”Š æ€§èƒ½: ERLE=6.2dB (ç›®æ ‡>5dB), ERL=18.3dB, AEC3æ£€æµ‹å»¶è¿Ÿ=52ms
2025-08-15 22:06:03.084 26704-26812 MainActivity            cn.watchfun.android_use_cpp_demo1    W    âš™ï¸  ç³»ç»Ÿ: è®¾ç½®å»¶è¿Ÿ=46ms, èƒ½é‡æ¯”=13.9 (TTS/Mic), æ—¶åºæ¼‚ç§»=0ms
2025-08-15 22:06:03.084 26704-26812 MainActivity            cn.watchfun.android_use_cpp_demo1    W    ğŸ“ˆ å¸§ç»Ÿè®¡: TTS=725, éº¦å…‹é£=725, ç¼ºå¤±=0 (0.0%)
2025-08-15 22:06:03.084 26704-26812 MainActivity            cn.watchfun.android_use_cpp_demo1    W    ğŸ”„ ç¼“å†²åŒº: å¤§å°=20, å†…å­˜ä½¿ç”¨=0MB
2025-08-15 22:06:03.084 26704-26812 MainActivity            cn.watchfun.android_use_cpp_demo1    D  AEC3å¤„ç†æˆåŠŸ - å¸§725: ERLE=6.2dB, ERL=18.3dB, å»¶è¿Ÿ=52ms, å¤„ç†è€—æ—¶=8ms
2025-08-15 22:06:03.085 26704-26812 WQAEC_Config            cn.watchfun.android_use_cpp_demo1    D  Reference frame analyzed: energy=7.9, timestamp=280954534643
2025-08-15 22:06:03.085 26704-26812 MainActivity            cn.watchfun.android_use_cpp_demo1    V  ğŸ¯ æ—¶åºåŒæ­¥TTSå‚è€ƒ: frame=726, èƒ½é‡=1696604, ç¼“å†²åŒº=21, æ¼‚ç§»=0ms
2025-08-15 22:06:03.091 26704-26812 WQAEC_Config            cn.watchfun.android_use_cpp_demo1    D  Capture frame analyzed: energy=0.0, timestamp=280954535337, frame=726
2025-08-15 22:06:03.092 26704-26812 MainActivity            cn.watchfun.android_use_cpp_demo1    V  éº¦å…‹é£å¸§å¤„ç†: frame=726, èƒ½é‡=47622, å¤„ç†æ—¶é—´=7ms
2025-08-15 22:06:03.092 26704-26812 MainActivity            cn.watchfun.android_use_cpp_demo1    D  AEC3å¤„ç†æˆåŠŸ - å¸§726: ERLE=6.2dB, ERL=18.3dB, å»¶è¿Ÿ=52ms, å¤„ç†è€—æ—¶=7ms
2025-08-15 22:06:03.093 26704-26812 WQAEC_Config            cn.watchfun.android_use_cpp_demo1    D  Reference frame analyzed: energy=10.4, timestamp=280954542596
2025-08-15 22:06:03.093 26704-26812 MainActivity            cn.watchfun.android_use_cpp_demo1    V  ğŸ¯ æ—¶åºåŒæ­¥TTSå‚è€ƒ: frame=727, èƒ½é‡=1944887, ç¼“å†²åŒº=20, æ¼‚ç§»=0ms
2025-08-15 22:06:03.094 26704-26808 MainActivity            cn.watchfun.android_use_cpp_demo1    D  æ’­æ”¾chunk 752: 960/960 bytes, è€—æ—¶11ms (é›¶å¹²é¢„æ’­æ”¾æ³•)
2025-08-15 22:06:03.094 26704-26808 MainActivity            cn.watchfun.android_use_cpp_demo1    D  å¼€å§‹å¤„ç†TTS chunk 753: å¤§å°=960 bytes (0.0ç§’)
2025-08-15 22:06:03.094 26704-26808 MainActivity            cn.watchfun.android_use_cpp_demo1    D  PCMåŸå§‹æ•°æ®èƒ½é‡æ£€æŸ¥: å‰100å­—èŠ‚èƒ½é‡=3670
2025-08-15 22:06:03.095 26704-26808 MainActivity            cn.watchfun.android_use_cpp_demo1    D  Chunk 753è½¬æ¢ä¸ºæµ®ç‚¹æ•°ç»„: 480 samples
2025-08-15 22:06:03.095 26704-26808 MainActivity            cn.watchfun.android_use_cpp_demo1    D  æµ®ç‚¹è½¬æ¢åèƒ½é‡æ£€æŸ¥: å‰100æ ·æœ¬èƒ½é‡=191211
2025-08-15 22:06:03.095 26704-26808 MainActivity            cn.watchfun.android_use_cpp_demo1    D  TTSå¸§ç¼“å†²: å¸§èƒ½é‡=779505, ç¼“å†²åŒºå¤§å°=21
2025-08-15 22:06:03.096 26704-26808 MainActivity            cn.watchfun.android_use_cpp_demo1    D  Chunk 753: ç¼“å­˜1ä¸ªTTSå¸§ç”¨äºåŒæ­¥AECå¤„ç†
2025-08-15 22:06:03.096 26704-26812 WQAEC_Config            cn.watchfun.android_use_cpp_demo1    D  Capture frame analyzed: energy=0.0, timestamp=280954542959, frame=727
2025-08-15 22:06:03.097 26704-26812 MainActivity            cn.watchfun.android_use_cpp_demo1    V  éº¦å…‹é£å¸§å¤„ç†: frame=727, èƒ½é‡=41059, å¤„ç†æ—¶é—´=4ms
2025-08-15 22:06:03.097 26704-26812 MainActivity            cn.watchfun.android_use_cpp_demo1    D  AEC3å¤„ç†æˆåŠŸ - å¸§727: ERLE=6.2dB, ERL=18.3dB, å»¶è¿Ÿ=52ms, å¤„ç†è€—æ—¶=4ms
2025-08-15 22:06:03.097 26704-26812 WQAEC_Config            cn.watchfun.android_use_cpp_demo1    D  Reference frame analyzed: energy=7.2, timestamp=280954547295
2025-08-15 22:06:03.098 26704-26812 MainActivity            cn.watchfun.android_use_cpp_demo1    V  ğŸ¯ æ—¶åºåŒæ­¥TTSå‚è€ƒ: frame=728, èƒ½é‡=1599448, ç¼“å†²åŒº=20, æ¼‚ç§»=0ms
2025-08-15 22:06:03.101 26704-26812 WQAEC_Config            cn.watchfun.android_use_cpp_demo1    D  Capture frame analyzed: energy=0.4, timestamp=280954547750, frame=728
2025-08-15 22:06:03.102 26704-26812 MainActivity            cn.watchfun.android_use_cpp_demo1    V  éº¦å…‹é£å¸§å¤„ç†: frame=728, èƒ½é‡=259564, å¤„ç†æ—¶é—´=4ms
2025-08-15 22:06:03.102 26704-26808 MainActivity            cn.watchfun.android_use_cpp_demo1    D  æ’­æ”¾chunk 753: 960/960 bytes, è€—æ—¶6ms (é›¶å¹²é¢„æ’­æ”¾æ³•)
2025-08-15 22:06:03.102 26704-26812 MainActivity            cn.watchfun.android_use_cpp_demo1    D  AEC3å¤„ç†æˆåŠŸ - å¸§728: ERLE=6.1dB, ERL=18.3dB, å»¶è¿Ÿ=52ms, å¤„ç†è€—æ—¶=4ms
2025-08-15 22:06:03.102 26704-26812 MainActivity            cn.watchfun.android_use_cpp_demo1    W  â° éº¦å…‹é£bufferå¤„ç†è€—æ—¶è¾ƒé•¿: 28ms
2025-08-15 22:06:03.102 26704-26808 MainActivity            cn.watchfun.android_use_cpp_demo1    D  å¼€å§‹å¤„ç†TTS chunk 754: å¤§å°=960 bytes (0.0ç§’)
2025-08-15 22:06:03.103 26704-26808 MainActivity            cn.watchfun.android_use_cpp_demo1    D  PCMåŸå§‹æ•°æ®èƒ½é‡æ£€æŸ¥: å‰100å­—èŠ‚èƒ½é‡=3819
2025-08-15 22:06:03.103 26704-26808 MainActivity            cn.watchfun.android_use_cpp_demo1    D  Chunk 754è½¬æ¢ä¸ºæµ®ç‚¹æ•°ç»„: 480 samples
2025-08-15 22:06:03.103 26704-26808 MainActivity            cn.watchfun.android_use_cpp_demo1    D  æµ®ç‚¹è½¬æ¢åèƒ½é‡æ£€æŸ¥: å‰100æ ·æœ¬èƒ½é‡=80206
2025-08-15 22:06:03.103 26704-26808 MainActivity            cn.watchfun.android_use_cpp_demo1    D  TTSå¸§ç¼“å†²: å¸§èƒ½é‡=423767, ç¼“å†²åŒºå¤§å°=21
2025-08-15 22:06:03.104 26704-26808 MainActivity            cn.watchfun.android_use_cpp_demo1    D  Chunk 754: ç¼“å­˜1ä¸ªTTSå¸§ç”¨äºåŒæ­¥AECå¤„ç†
2025-08-15 22:06:03.114 26704-26812 WQAEC_Config            cn.watchfun.android_use_cpp_demo1    D  Reference frame analyzed: energy=8.0, timestamp=280954563723
2025-08-15 22:06:03.114 26704-26812 MainActivity            cn.watchfun.android_use_cpp_demo1    V  ğŸ¯ æ—¶åºåŒæ­¥TTSå‚è€ƒ: frame=729, èƒ½é‡=1752436, ç¼“å†²åŒº=20, æ¼‚ç§»=0ms
2025-08-15 22:06:03.114 26704-26808 MainActivity            cn.watchfun.android_use_cpp_demo1    D  æ’­æ”¾chunk 754: 960/960 bytes, è€—æ—¶10ms (é›¶å¹²é¢„æ’­æ”¾æ³•)
2025-08-15 22:06:03.115 26704-26808 MainActivity            cn.watchfun.android_use_cpp_demo1    D  å¼€å§‹å¤„ç†TTS chunk 755: å¤§å°=960 bytes (0.0ç§’)
2025-08-15 22:06:03.115 26704-26808 MainActivity            cn.watchfun.android_use_cpp_demo1    D  PCMåŸå§‹æ•°æ®èƒ½é‡æ£€æŸ¥: å‰100å­—èŠ‚èƒ½é‡=3230
2025-08-15 22:06:03.116 26704-26808 MainActivity            cn.watchfun.android_use_cpp_demo1    D  Chunk 755è½¬æ¢ä¸ºæµ®ç‚¹æ•°ç»„: 480 samples
2025-08-15 22:06:03.116 26704-26808 MainActivity            cn.watchfun.android_use_cpp_demo1    D  æµ®ç‚¹è½¬æ¢åèƒ½é‡æ£€æŸ¥: å‰100æ ·æœ¬èƒ½é‡=25304
2025-08-15 22:06:03.117 26704-26808 MainActivity            cn.watchfun.android_use_cpp_demo1    D  TTSå¸§ç¼“å†²: å¸§èƒ½é‡=474614, ç¼“å†²åŒºå¤§å°=21
2025-08-15 22:06:03.117 26704-26808 MainActivity            cn.watchfun.android_use_cpp_demo1    D  Chunk 755: ç¼“å­˜1ä¸ªTTSå¸§ç”¨äºåŒæ­¥AECå¤„ç†
2025-08-15 22:06:03.118 26704-26812 WQAEC_Config            cn.watchfun.android_use_cpp_demo1    D  Capture frame analyzed: energy=2.4, timestamp=280954564386, frame=729
2025-08-15 22:06:03.120 26704-26812 MainActivity            cn.watchfun.android_use_cpp_demo1    V  éº¦å…‹é£å¸§å¤„ç†: frame=729, èƒ½é‡=910686, å¤„ç†æ—¶é—´=5ms
2025-08-15 22:06:03.120 26704-26812 MainActivity            cn.watchfun.android_use_cpp_demo1    D  AEC3å¤„ç†æˆåŠŸ - å¸§729: ERLE=6.1dB, ERL=18.3dB, å»¶è¿Ÿ=52ms, å¤„ç†è€—æ—¶=5ms
2025-08-15 22:06:03.120 26704-26812 WQAEC_Config            cn.watchfun.android_use_cpp_demo1    D  Reference frame analyzed: energy=9.4, timestamp=280954570121
2025-08-15 22:06:03.121 26704-26812 MainActivity            cn.watchfun.android_use_cpp_demo1    V  ğŸ¯ æ—¶åºåŒæ­¥TTSå‚è€ƒ: frame=730, èƒ½é‡=1903158, ç¼“å†²åŒº=20, æ¼‚ç§»=0ms
2025-08-15 22:06:03.123 26704-26808 MainActivity            cn.watchfun.android_use_cpp_demo1    D  æ’­æ”¾chunk 755: 960/960 bytes, è€—æ—¶5ms (é›¶å¹²é¢„æ’­æ”¾æ³•)
2025-08-15 22:06:03.124 26704-26808 MainActivity            cn.watchfun.android_use_cpp_demo1    D  å¼€å§‹å¤„ç†TTS chunk 756: å¤§å°=960 bytes (0.0ç§’)
2025-08-15 22:06:03.124 26704-26808 MainActivity            cn.watchfun.android_use_cpp_demo1    D  PCMåŸå§‹æ•°æ®èƒ½é‡æ£€æŸ¥: å‰100å­—èŠ‚èƒ½é‡=3542
2025-08-15 22:06:03.124 26704-26808 MainActivity            cn.watchfun.android_use_cpp_demo1    D  Chunk 756è½¬æ¢ä¸ºæµ®ç‚¹æ•°ç»„: 480 samples
2025-08-15 22:06:03.125 26704-26812 WQAEC_Config            cn.watchfun.android_use_cpp_demo1    D  Capture frame analyzed: energy=5.6, timestamp=280954570612, frame=730
2025-08-15 22:06:03.125 26704-26808 MainActivity            cn.watchfun.android_use_cpp_demo1    D  æµ®ç‚¹è½¬æ¢åèƒ½é‡æ£€æŸ¥: å‰100æ ·æœ¬èƒ½é‡=126531
2025-08-15 22:06:03.125 26704-26808 MainActivity            cn.watchfun.android_use_cpp_demo1    D  TTSå¸§ç¼“å†²: å¸§èƒ½é‡=590224, ç¼“å†²åŒºå¤§å°=21
2025-08-15 22:06:03.126 26704-26808 MainActivity            cn.watchfun.android_use_cpp_demo1    D  Chunk 756: ç¼“å­˜1ä¸ªTTSå¸§ç”¨äºåŒæ­¥AECå¤„ç†
2025-08-15 22:06:03.126 26704-26812 MainActivity            cn.watchfun.android_use_cpp_demo1    V  éº¦å…‹é£å¸§å¤„ç†: frame=730, èƒ½é‡=1422229, å¤„ç†æ—¶é—´=5ms
2025-08-15 22:06:03.126 26704-26812 MainActivity            cn.watchfun.android_use_cpp_demo1    D  AEC3å¤„ç†æˆåŠŸ - å¸§730: ERLE=6.1dB, ERL=18.3dB, å»¶è¿Ÿ=52ms, å¤„ç†è€—æ—¶=5ms
2025-08-15 22:06:03.127 26704-26812 WQAEC_Config            cn.watchfun.android_use_cpp_demo1    D  Reference frame analyzed: energy=3.4, timestamp=280954576546
2025-08-15 22:06:03.127 26704-26812 MainActivity            cn.watchfun.android_use_cpp_demo1    V  ğŸ¯ æ—¶åºåŒæ­¥TTSå‚è€ƒ: frame=731, èƒ½é‡=1143028, ç¼“å†²åŒº=20, æ¼‚ç§»=0ms
2025-08-15 22:06:03.131 26704-26812 WQAEC_Config            cn.watchfun.android_use_cpp_demo1    D  Capture frame analyzed: energy=4.5, timestamp=280954577016, frame=731
2025-08-15 22:06:03.132 26704-26812 MainActivity            cn.watchfun.android_use_cpp_demo1    V  éº¦å…‹é£å¸§å¤„ç†: frame=731, èƒ½é‡=1230911, å¤„ç†æ—¶é—´=5ms
2025-08-15 22:06:03.133 26704-26812 MainActivity            cn.watchfun.android_use_cpp_demo1    D  AEC3å¤„ç†æˆåŠŸ - å¸§731: ERLE=6.2dB, ERL=18.3dB, å»¶è¿Ÿ=52ms, å¤„ç†è€—æ—¶=5ms
2025-08-15 22:06:03.133 26704-26812 WQAEC_Config            cn.watchfun.android_use_cpp_demo1    D  Reference frame analyzed: energy=0.4, timestamp=280954582931
2025-08-15 22:06:03.133 26704-26812 MainActivity            cn.watchfun.android_use_cpp_demo1    V  ğŸ¯ æ—¶åºåŒæ­¥TTSå‚è€ƒ: frame=732, èƒ½é‡=380635, ç¼“å†²åŒº=19, æ¼‚ç§»=0ms
2025-08-15 22:06:03.135 26704-26808 MainActivity            cn.watchfun.android_use_cpp_demo1    D  æ’­æ”¾chunk 756: 960/960 bytes, è€—æ—¶8ms (é›¶å¹²é¢„æ’­æ”¾æ³•)
2025-08-15 22:06:03.136 26704-26808 MainActivity            cn.watchfun.android_use_cpp_demo1    D  å¼€å§‹å¤„ç†TTS chunk 757: å¤§å°=960 bytes (0.0ç§’)
2025-08-15 22:06:03.136 26704-26808 MainActivity            cn.watchfun.android_use_cpp_demo1    D  PCMåŸå§‹æ•°æ®èƒ½é‡æ£€æŸ¥: å‰100å­—èŠ‚èƒ½é‡=3462
2025-08-15 22:06:03.136 26704-26808 MainActivity            cn.watchfun.android_use_cpp_demo1    D  Chunk 757è½¬æ¢ä¸ºæµ®ç‚¹æ•°ç»„: 480 samples
2025-08-15 22:06:03.137 26704-26808 MainActivity            cn.watchfun.android_use_cpp_demo1    D  æµ®ç‚¹è½¬æ¢åèƒ½é‡æ£€æŸ¥: å‰100æ ·æœ¬èƒ½é‡=88738
2025-08-15 22:06:03.137 26704-26808 MainActivity            cn.watchfun.android_use_cpp_demo1    D  TTSå¸§ç¼“å†²: å¸§èƒ½é‡=715965, ç¼“å†²åŒºå¤§å°=20
2025-08-15 22:06:03.137 26704-26812 WQAEC_Config            cn.watchfun.android_use_cpp_demo1    D  Capture frame analyzed: energy=3.7, timestamp=280954583440, frame=732
2025-08-15 22:06:03.138 26704-26808 MainActivity            cn.watchfun.android_use_cpp_demo1    D  Chunk 757: ç¼“å­˜1ä¸ªTTSå¸§ç”¨äºåŒæ­¥AECå¤„ç†
2025-08-15 22:06:03.139 26704-26812 MainActivity            cn.watchfun.android_use_cpp_demo1    V  éº¦å…‹é£å¸§å¤„ç†: frame=732, èƒ½é‡=1126969, å¤„ç†æ—¶é—´=6ms
2025-08-15 22:06:03.139 26704-26812 MainActivity            cn.watchfun.android_use_cpp_demo1    D  AEC3å¤„ç†æˆåŠŸ - å¸§732: ERLE=6.2dB, ERL=18.3dB, å»¶è¿Ÿ=52ms, å¤„ç†è€—æ—¶=6ms
2025-08-15 22:06:03.140 26704-26812 MainActivity            cn.watchfun.android_use_cpp_demo1    W  â° éº¦å…‹é£bufferå¤„ç†è€—æ—¶è¾ƒé•¿: 26ms
2025-08-15 22:06:03.143 26704-26808 MainActivity            cn.watchfun.android_use_cpp_demo1    D  æ’­æ”¾chunk 757: 960/960 bytes, è€—æ—¶4ms (é›¶å¹²é¢„æ’­æ”¾æ³•)
2025-08-15 22:06:03.144 26704-26808 MainActivity            cn.watchfun.android_use_cpp_demo1    D  å¼€å§‹å¤„ç†TTS chunk 758: å¤§å°=960 bytes (0.0ç§’)
2025-08-15 22:06:03.144 26704-26808 MainActivity            cn.watchfun.android_use_cpp_demo1    D  PCMåŸå§‹æ•°æ®èƒ½é‡æ£€æŸ¥: å‰100å­—èŠ‚èƒ½é‡=3473
2025-08-15 22:06:03.145 26704-26808 MainActivity            cn.watchfun.android_use_cpp_demo1    D  Chunk 758è½¬æ¢ä¸ºæµ®ç‚¹æ•°ç»„: 480 samples
2025-08-15 22:06:03.145 26704-26808 MainActivity            cn.watchfun.android_use_cpp_demo1    D  æµ®ç‚¹è½¬æ¢åèƒ½é‡æ£€æŸ¥: å‰100æ ·æœ¬èƒ½é‡=142115
2025-08-15 22:06:03.145 26704-26808 MainActivity            cn.watchfun.android_use_cpp_demo1    D  TTSå¸§ç¼“å†²: å¸§èƒ½é‡=698608, ç¼“å†²åŒºå¤§å°=21
2025-08-15 22:06:03.146 26704-26808 MainActivity            cn.watchfun.android_use_cpp_demo1    D  Chunk 758: ç¼“å­˜1ä¸ªTTSå¸§ç”¨äºåŒæ­¥AECå¤„ç†
2025-08-15 22:06:03.154 26704-26812 WQAEC_Config            cn.watchfun.android_use_cpp_demo1    D  Reference frame analyzed: energy=0.2, timestamp=280954603799
2025-08-15 22:06:03.155 26704-26812 MainActivity            cn.watchfun.android_use_cpp_demo1    V  ğŸ¯ æ—¶åºåŒæ­¥TTSå‚è€ƒ: frame=733, èƒ½é‡=217191, ç¼“å†²åŒº=20, æ¼‚ç§»=0ms
2025-08-15 22:06:03.155 26704-26808 MainActivity            cn.watchfun.android_use_cpp_demo1    D  æ’­æ”¾chunk 758: 960/960 bytes, è€—æ—¶8ms (é›¶å¹²é¢„æ’­æ”¾æ³•)
2025-08-15 22:06:03.155 26704-26808 MainActivity            cn.watchfun.android_use_cpp_demo1    D  å¼€å§‹å¤„ç†TTS chunk 759: å¤§å°=960 bytes (0.0ç§’)
2025-08-15 22:06:03.156 26704-26808 MainActivity            cn.watchfun.android_use_cpp_demo1    D  PCMåŸå§‹æ•°æ®èƒ½é‡æ£€æŸ¥: å‰100å­—èŠ‚èƒ½é‡=3422
2025-08-15 22:06:03.156 26704-26808 MainActivity            cn.watchfun.android_use_cpp_demo1    D  Chunk 759è½¬æ¢ä¸ºæµ®ç‚¹æ•°ç»„: 480 samples
2025-08-15 22:06:03.157 26704-26808 MainActivity            cn.watchfun.android_use_cpp_demo1    D  æµ®ç‚¹è½¬æ¢åèƒ½é‡æ£€æŸ¥: å‰100æ ·æœ¬èƒ½é‡=198438
2025-08-15 22:06:03.157 26704-26808 MainActivity            cn.watchfun.android_use_cpp_demo1    D  TTSå¸§ç¼“å†²: å¸§èƒ½é‡=799656, ç¼“å†²åŒºå¤§å°=21
2025-08-15 22:06:03.158 26704-26808 MainActivity            cn.watchfun.android_use_cpp_demo1    D  Chunk 759: ç¼“å­˜1ä¸ªTTSå¸§ç”¨äºåŒæ­¥AECå¤„ç†
2025-08-15 22:06:03.160 26704-26812 WQAEC_Config            cn.watchfun.android_use_cpp_demo1    D  Capture frame analyzed: energy=4.2, timestamp=280954604668, frame=733
2025-08-15 22:06:03.161 26704-26812 MainActivity            cn.watchfun.android_use_cpp_demo1    V  éº¦å…‹é£å¸§å¤„ç†: frame=733, èƒ½é‡=1230099, å¤„ç†æ—¶é—´=6ms
2025-08-15 22:06:03.162 26704-26812 MainActivity            cn.watchfun.android_use_cpp_demo1    D  AEC3å¤„ç†æˆåŠŸ - å¸§733: ERLE=6.2dB, ERL=18.3dB, å»¶è¿Ÿ=52ms, å¤„ç†è€—æ—¶=6ms
2025-08-15 22:06:03.162 26704-26812 WQAEC_Config            cn.watchfun.android_use_cpp_demo1    D  Reference frame analyzed: energy=0.1, timestamp=280954611951
2025-08-15 22:06:03.163 26704-26812 MainActivity            cn.watchfun.android_use_cpp_demo1    V  ğŸ¯ æ—¶åºåŒæ­¥TTSå‚è€ƒ: frame=734, èƒ½é‡=187744, ç¼“å†²åŒº=20, æ¼‚ç§»=0ms
2025-08-15 22:06:03.163 26704-26808 MainActivity            cn.watchfun.android_use_cpp_demo1    D  æ’­æ”¾chunk 759: 960/960 bytes, è€—æ—¶4ms (é›¶å¹²é¢„æ’­æ”¾æ³•)
2025-08-15 22:06:03.163 26704-26808 MainActivity            cn.watchfun.android_use_cpp_demo1    D  å¼€å§‹å¤„ç†TTS chunk 760: å¤§å°=960 bytes (0.0ç§’)
2025-08-15 22:06:03.164 26704-26808 MainActivity            cn.watchfun.android_use_cpp_demo1    D  PCMåŸå§‹æ•°æ®èƒ½é‡æ£€æŸ¥: å‰100å­—èŠ‚èƒ½é‡=3570
2025-08-15 22:06:03.164 26704-26808 MainActivity            cn.watchfun.android_use_cpp_demo1    D  Chunk 760è½¬æ¢ä¸ºæµ®ç‚¹æ•°ç»„: 480 samples
2025-08-15 22:06:03.165 26704-26808 MainActivity            cn.watchfun.android_use_cpp_demo1    D  æµ®ç‚¹è½¬æ¢åèƒ½é‡æ£€æŸ¥: å‰100æ ·æœ¬èƒ½é‡=142160
2025-08-15 22:06:03.165 26704-26808 MainActivity            cn.watchfun.android_use_cpp_demo1    D  TTSå¸§ç¼“å†²: å¸§èƒ½é‡=712464, ç¼“å†²åŒºå¤§å°=21
2025-08-15 22:06:03.165 26704-26808 MainActivity            cn.watchfun.android_use_cpp_demo1    D  Chunk 760: ç¼“å­˜1ä¸ªTTSå¸§ç”¨äºåŒæ­¥AECå¤„ç†
2025-08-15 22:06:03.168 26704-26812 WQAEC_Config            cn.watchfun.android_use_cpp_demo1    D  Capture frame analyzed: energy=2.4, timestamp=280954612624, frame=734
2025-08-15 22:06:03.170 26704-26812 MainActivity            cn.watchfun.android_use_cpp_demo1    V  éº¦å…‹é£å¸§å¤„ç†: frame=734, èƒ½é‡=915243, å¤„ç†æ—¶é—´=6ms
2025-08-15 22:06:03.170 26704-26812 MainActivity            cn.watchfun.android_use_cpp_demo1    D  AEC3å¤„ç†æˆåŠŸ - å¸§734: ERLE=6.2dB, ERL=18.3dB, å»¶è¿Ÿ=52ms, å¤„ç†è€—æ—¶=6ms
2025-08-15 22:06:03.170 26704-26812 WQAEC_Config            cn.watchfun.android_use_cpp_demo1    D  Reference frame analyzed: energy=0.0, timestamp=280954620179
2025-08-15 22:06:03.171 26704-26812 MainActivity            cn.watchfun.android_use_cpp_demo1    V  ğŸ¯ æ—¶åºåŒæ­¥TTSå‚è€ƒ: frame=735, èƒ½é‡=114715, ç¼“å†²åŒº=20, æ¼‚ç§»=0ms
2025-08-15 22:06:03.175 26704-26808 MainActivity            cn.watchfun.android_use_cpp_demo1    D  æ’­æ”¾chunk 760: 960/960 bytes, è€—æ—¶8ms (é›¶å¹²é¢„æ’­æ”¾æ³•)
2025-08-15 22:06:03.175 26704-26808 MainActivity            cn.watchfun.android_use_cpp_demo1    D  å¼€å§‹å¤„ç†TTS chunk 761: å¤§å°=960 bytes (0.0ç§’)
2025-08-15 22:06:03.176 26704-26808 MainActivity            cn.watchfun.android_use_cpp_demo1    D  PCMåŸå§‹æ•°æ®èƒ½é‡æ£€æŸ¥: å‰100å­—èŠ‚èƒ½é‡=3366
2025-08-15 22:06:03.176 26704-26812 WQAEC_Config            cn.watchfun.android_use_cpp_demo1    D  Capture frame analyzed: energy=2.1, timestamp=280954620699, frame=735
2025-08-15 22:06:03.176 26704-26808 MainActivity            cn.watchfun.android_use_cpp_demo1    D  Chunk 761è½¬æ¢ä¸ºæµ®ç‚¹æ•°ç»„: 480 samples
2025-08-15 22:06:03.177 26704-26808 MainActivity            cn.watchfun.android_use_cpp_demo1    D  æµ®ç‚¹è½¬æ¢åèƒ½é‡æ£€æŸ¥: å‰100æ ·æœ¬èƒ½é‡=122964
2025-08-15 22:06:03.177 26704-26808 MainActivity            cn.watchfun.android_use_cpp_demo1    D  TTSå¸§ç¼“å†²: å¸§èƒ½é‡=495635, ç¼“å†²åŒºå¤§å°=21
2025-08-15 22:06:03.177 26704-26812 MainActivity            cn.watchfun.android_use_cpp_demo1    V  éº¦å…‹é£å¸§å¤„ç†: frame=735, èƒ½é‡=884274, å¤„ç†æ—¶é—´=6ms
2025-08-15 22:06:03.177 26704-26808 MainActivity            cn.watchfun.android_use_cpp_demo1    D  Chunk 761: ç¼“å­˜1ä¸ªTTSå¸§ç”¨äºåŒæ­¥AECå¤„ç†
2025-08-15 22:06:03.178 26704-26812 MainActivity            cn.watchfun.android_use_cpp_demo1    D  AEC3å¤„ç†æˆåŠŸ - å¸§735: ERLE=6.2dB, ERL=18.3dB, å»¶è¿Ÿ=52ms, å¤„ç†è€—æ—¶=6ms
2025-08-15 22:06:03.178 26704-26812 WQAEC_Config            cn.watchfun.android_use_cpp_demo1    D  Reference frame analyzed: energy=0.0, timestamp=280954627758
2025-08-15 22:06:03.178 26704-26812 MainActivity            cn.watchfun.android_use_cpp_demo1    V  ğŸ¯ æ—¶åºåŒæ­¥TTSå‚è€ƒ: frame=736, èƒ½é‡=29689, ç¼“å†²åŒº=20, æ¼‚ç§»=0ms
2025-08-15 22:06:03.183 26704-26808 MainActivity            cn.watchfun.android_use_cpp_demo1    D  æ’­æ”¾chunk 761: 960/960 bytes, è€—æ—¶4ms (é›¶å¹²é¢„æ’­æ”¾æ³•)
2025-08-15 22:06:03.183 26704-26808 MainActivity            cn.watchfun.android_use_cpp_demo1    D  å¼€å§‹å¤„ç†TTS chunk 762: å¤§å°=960 bytes (0.0ç§’)
2025-08-15 22:06:03.183 26704-26812 WQAEC_Config            cn.watchfun.android_use_cpp_demo1    D  Capture frame analyzed: energy=2.4, timestamp=280954628248, frame=736
2025-08-15 22:06:03.184 26704-26808 MainActivity            cn.watchfun.android_use_cpp_demo1    D  PCMåŸå§‹æ•°æ®èƒ½é‡æ£€æŸ¥: å‰100å­—èŠ‚èƒ½é‡=3473
2025-08-15 22:06:03.184 26704-26808 MainActivity            cn.watchfun.android_use_cpp_demo1    D  Chunk 762è½¬æ¢ä¸ºæµ®ç‚¹æ•°ç»„: 480 samples
