2025-08-15 22:06:01.074 26704-26808 MainActivity            cn.watchfun.android_use_cpp_demo1    D  å¼€å§‹å¤„ç†TTS chunk 551: å¤§å°=960 bytes (0.0ç§’)
2025-08-15 22:06:01.074 26704-26808 MainActivity            cn.watchfun.android_use_cpp_demo1    D  PCMåŸå§‹æ•°æ®èƒ½é‡æ£€æŸ¥: å‰100å­—èŠ‚èƒ½é‡=2195
2025-08-15 22:06:01.075 26704-26808 MainActivity            cn.watchfun.android_use_cpp_demo1    D  Chunk 551è½¬æ¢ä¸ºæµ®ç‚¹æ•°ç»„: 480 samples
2025-08-15 22:06:01.075 26704-26808 MainActivity            cn.watchfun.android_use_cpp_demo1    D  æµ®ç‚¹è½¬æ¢åèƒ½é‡æ£€æŸ¥: å‰100æ ·æœ¬èƒ½é‡=154313
2025-08-15 22:06:01.075 26704-26808 MainActivity            cn.watchfun.android_use_cpp_demo1    D  TTSå¸§ç¼“å†²: å¸§èƒ½é‡=596696, ç¼“å†²åŒºå¤§å°=21
2025-08-15 22:06:01.075 26704-26808 MainActivity            cn.watchfun.android_use_cpp_demo1    D  Chunk 551: ç¼“å­˜1ä¸ªTTSå¸§ç”¨äºåŒæ­¥AECå¤„ç†
2025-08-15 22:06:01.077 26704-26812 WQAEC_Config            cn.watchfun.android_use_cpp_demo1    D  Capture frame analyzed: energy=0.0, timestamp=280952524337, frame=525
2025-08-15 22:06:01.078 26704-26812 MainActivity            cn.watchfun.android_use_cpp_demo1    V  éº¦å…‹é£å¸§å¤„ç†: frame=525, èƒ½é‡=28947, å¤„ç†æ—¶é—´=4ms
2025-08-15 22:06:01.078 26704-26812 MainActivity            cn.watchfun.android_use_cpp_demo1    W  ğŸ“Š AEC3çŠ¶æ€æŠ¥å‘Š - å¸§525:
2025-08-15 22:06:01.079 26704-26812 MainActivity            cn.watchfun.android_use_cpp_demo1    W    ğŸ”Š æ€§èƒ½: ERLE=0.2dB (ç›®æ ‡>5dB), ERL=14.4dB, AEC3æ£€æµ‹å»¶è¿Ÿ=52ms
2025-08-15 22:06:01.079 26704-26812 MainActivity            cn.watchfun.android_use_cpp_demo1    W    âš™ï¸  ç³»ç»Ÿ: è®¾ç½®å»¶è¿Ÿ=46ms, èƒ½é‡æ¯”=76.4 (TTS/Mic), æ—¶åºæ¼‚ç§»=0ms
2025-08-15 22:06:01.079 26704-26812 MainActivity            cn.watchfun.android_use_cpp_demo1    W    ğŸ“ˆ å¸§ç»Ÿè®¡: TTS=525, éº¦å…‹é£=525, ç¼ºå¤±=0 (0.0%)
2025-08-15 22:06:01.079 26704-26812 MainActivity            cn.watchfun.android_use_cpp_demo1    W    ğŸ”„ ç¼“å†²åŒº: å¤§å°=20, å†…å­˜ä½¿ç”¨=0MB
2025-08-15 22:06:01.079 26704-26812 MainActivity            cn.watchfun.android_use_cpp_demo1    D  AEC3å¤„ç†æˆåŠŸ - å¸§525: ERLE=0.2dB, ERL=14.4dB, å»¶è¿Ÿ=52ms, å¤„ç†è€—æ—¶=4ms
2025-08-15 22:06:01.079 26704-26812 MainActivity            cn.watchfun.android_use_cpp_demo1    W  AEC3æ€§èƒ½è¾ƒä½: ERLE=0.2dB (å»ºè®®>10dB)
2025-08-15 22:06:01.079 26704-26812 WQAEC_Config            cn.watchfun.android_use_cpp_demo1    D  Reference frame analyzed: energy=10.6, timestamp=280952529481
2025-08-15 22:06:01.080 26704-26812 MainActivity            cn.watchfun.android_use_cpp_demo1    V  ğŸ¯ æ—¶åºåŒæ­¥TTSå‚è€ƒ: frame=526, èƒ½é‡=1957858, ç¼“å†²åŒº=20, æ¼‚ç§»=0ms
2025-08-15 22:06:01.082 26704-26808 MainActivity            cn.watchfun.android_use_cpp_demo1    D  æ’­æ”¾chunk 551: 960/960 bytes, è€—æ—¶6ms (é›¶å¹²é¢„æ’­æ”¾æ³•)
2025-08-15 22:06:01.082 26704-26808 MainActivity            cn.watchfun.android_use_cpp_demo1    D  å¼€å§‹å¤„ç†TTS chunk 552: å¤§å°=960 bytes (0.0ç§’)
2025-08-15 22:06:01.082 26704-26808 MainActivity            cn.watchfun.android_use_cpp_demo1    D  PCMåŸå§‹æ•°æ®èƒ½é‡æ£€æŸ¥: å‰100å­—èŠ‚èƒ½é‡=3553
2025-08-15 22:06:01.082 26704-26808 MainActivity            cn.watchfun.android_use_cpp_demo1    D  Chunk 552è½¬æ¢ä¸ºæµ®ç‚¹æ•°ç»„: 480 samples
2025-08-15 22:06:01.082 26704-26808 MainActivity            cn.watchfun.android_use_cpp_demo1    D  æµ®ç‚¹è½¬æ¢åèƒ½é‡æ£€æŸ¥: å‰100æ ·æœ¬èƒ½é‡=86591
2025-08-15 22:06:01.082 26704-26808 MainActivity            cn.watchfun.android_use_cpp_demo1    D  TTSå¸§ç¼“å†²: å¸§èƒ½é‡=342632, ç¼“å†²åŒºå¤§å°=21
2025-08-15 22:06:01.082 26704-26808 MainActivity            cn.watchfun.android_use_cpp_demo1    D  Chunk 552: ç¼“å­˜1ä¸ªTTSå¸§ç”¨äºåŒæ­¥AECå¤„ç†
2025-08-15 22:06:01.083 26704-26812 WQAEC_Config            cn.watchfun.android_use_cpp_demo1    D  Capture frame analyzed: energy=0.0, timestamp=280952529849, frame=526
2025-08-15 22:06:01.084 26704-26812 MainActivity            cn.watchfun.android_use_cpp_demo1    V  éº¦å…‹é£å¸§å¤„ç†: frame=526, èƒ½é‡=32624, å¤„ç†æ—¶é—´=4ms
2025-08-15 22:06:01.084 26704-26812 MainActivity            cn.watchfun.android_use_cpp_demo1    D  AEC3å¤„ç†æˆåŠŸ - å¸§526: ERLE=0.2dB, ERL=14.4dB, å»¶è¿Ÿ=52ms, å¤„ç†è€—æ—¶=4ms
2025-08-15 22:06:01.084 26704-26812 MainActivity            cn.watchfun.android_use_cpp_demo1    W  AEC3æ€§èƒ½è¾ƒä½: ERLE=0.2dB (å»ºè®®>10dB)
2025-08-15 22:06:01.085 26704-26812 WQAEC_Config            cn.watchfun.android_use_cpp_demo1    D  Reference frame analyzed: energy=8.0, timestamp=280952534559
2025-08-15 22:06:01.085 26704-26812 MainActivity            cn.watchfun.android_use_cpp_demo1    V  ğŸ¯ æ—¶åºåŒæ­¥TTSå‚è€ƒ: frame=527, èƒ½é‡=1714454, ç¼“å†²åŒº=20, æ¼‚ç§»=1ms
2025-08-15 22:06:01.088 26704-26812 WQAEC_Config            cn.watchfun.android_use_cpp_demo1    D  Capture frame analyzed: energy=0.0, timestamp=280952534990, frame=527
2025-08-15 22:06:01.089 26704-26812 MainActivity            cn.watchfun.android_use_cpp_demo1    V  éº¦å…‹é£å¸§å¤„ç†: frame=527, èƒ½é‡=73759, å¤„ç†æ—¶é—´=4ms
2025-08-15 22:06:01.089 26704-26812 MainActivity            cn.watchfun.android_use_cpp_demo1    D  AEC3å¤„ç†æˆåŠŸ - å¸§527: ERLE=0.2dB, ERL=14.4dB, å»¶è¿Ÿ=52ms, å¤„ç†è€—æ—¶=4ms
2025-08-15 22:06:01.089 26704-26812 MainActivity            cn.watchfun.android_use_cpp_demo1    W  AEC3æ€§èƒ½è¾ƒä½: ERLE=0.2dB (å»ºè®®>10dB)
2025-08-15 22:06:01.089 26704-26812 WQAEC_Config            cn.watchfun.android_use_cpp_demo1    D  Reference frame analyzed: energy=10.0, timestamp=280952539478
2025-08-15 22:06:01.090 26704-26812 MainActivity            cn.watchfun.android_use_cpp_demo1    V  ğŸ¯ æ—¶åºåŒæ­¥TTSå‚è€ƒ: frame=528, èƒ½é‡=1898267, ç¼“å†²åŒº=19, æ¼‚ç§»=0ms
2025-08-15 22:06:01.093 26704-26812 WQAEC_Config            cn.watchfun.android_use_cpp_demo1    D  Capture frame analyzed: energy=0.0, timestamp=280952539831, frame=528
2025-08-15 22:06:01.094 26704-26812 MainActivity            cn.watchfun.android_use_cpp_demo1    V  éº¦å…‹é£å¸§å¤„ç†: frame=528, èƒ½é‡=122555, å¤„ç†æ—¶é—´=3ms
2025-08-15 22:06:01.094 26704-26808 MainActivity            cn.watchfun.android_use_cpp_demo1    D  æ’­æ”¾chunk 552: 960/960 bytes, è€—æ—¶11ms (é›¶å¹²é¢„æ’­æ”¾æ³•)
2025-08-15 22:06:01.094 26704-26808 MainActivity            cn.watchfun.android_use_cpp_demo1    D  å¼€å§‹å¤„ç†TTS chunk 553: å¤§å°=960 bytes (0.0ç§’)
2025-08-15 22:06:01.094 26704-26812 MainActivity            cn.watchfun.android_use_cpp_demo1    D  AEC3å¤„ç†æˆåŠŸ - å¸§528: ERLE=0.2dB, ERL=15.7dB, å»¶è¿Ÿ=52ms, å¤„ç†è€—æ—¶=3ms
2025-08-15 22:06:01.094 26704-26808 MainActivity            cn.watchfun.android_use_cpp_demo1    D  PCMåŸå§‹æ•°æ®èƒ½é‡æ£€æŸ¥: å‰100å­—èŠ‚èƒ½é‡=4249
2025-08-15 22:06:01.094 26704-26812 MainActivity            cn.watchfun.android_use_cpp_demo1    W  AEC3æ€§èƒ½è¾ƒä½: ERLE=0.2dB (å»ºè®®>10dB)
2025-08-15 22:06:01.094 26704-26808 MainActivity            cn.watchfun.android_use_cpp_demo1    D  Chunk 553è½¬æ¢ä¸ºæµ®ç‚¹æ•°ç»„: 480 samples
2025-08-15 22:06:01.094 26704-26808 MainActivity            cn.watchfun.android_use_cpp_demo1    D  æµ®ç‚¹è½¬æ¢åèƒ½é‡æ£€æŸ¥: å‰100æ ·æœ¬èƒ½é‡=110678
2025-08-15 22:06:01.094 26704-26808 MainActivity            cn.watchfun.android_use_cpp_demo1    D  TTSå¸§ç¼“å†²: å¸§èƒ½é‡=280901, ç¼“å†²åŒºå¤§å°=20
2025-08-15 22:06:01.094 26704-26808 MainActivity            cn.watchfun.android_use_cpp_demo1    D  Chunk 553: ç¼“å­˜1ä¸ªTTSå¸§ç”¨äºåŒæ­¥AECå¤„ç†
2025-08-15 22:06:01.102 26704-26808 MainActivity            cn.watchfun.android_use_cpp_demo1    D  æ’­æ”¾chunk 553: 960/960 bytes, è€—æ—¶7ms (é›¶å¹²é¢„æ’­æ”¾æ³•)
2025-08-15 22:06:01.102 26704-26808 MainActivity            cn.watchfun.android_use_cpp_demo1    D  å¼€å§‹å¤„ç†TTS chunk 554: å¤§å°=960 bytes (0.0ç§’)
2025-08-15 22:06:01.102 26704-26808 MainActivity            cn.watchfun.android_use_cpp_demo1    D  PCMåŸå§‹æ•°æ®èƒ½é‡æ£€æŸ¥: å‰100å­—èŠ‚èƒ½é‡=4195
2025-08-15 22:06:01.103 26704-26808 MainActivity            cn.watchfun.android_use_cpp_demo1    D  Chunk 554è½¬æ¢ä¸ºæµ®ç‚¹æ•°ç»„: 480 samples
2025-08-15 22:06:01.103 26704-26808 MainActivity            cn.watchfun.android_use_cpp_demo1    D  æµ®ç‚¹è½¬æ¢åèƒ½é‡æ£€æŸ¥: å‰100æ ·æœ¬èƒ½é‡=48738
2025-08-15 22:06:01.103 26704-26808 MainActivity            cn.watchfun.android_use_cpp_demo1    D  TTSå¸§ç¼“å†²: å¸§èƒ½é‡=278395, ç¼“å†²åŒºå¤§å°=21
2025-08-15 22:06:01.103 26704-26808 MainActivity            cn.watchfun.android_use_cpp_demo1    D  Chunk 554: ç¼“å­˜1ä¸ªTTSå¸§ç”¨äºåŒæ­¥AECå¤„ç†
2025-08-15 22:06:01.114 26704-26812 WQAEC_Config            cn.watchfun.android_use_cpp_demo1    D  Reference frame analyzed: energy=11.2, timestamp=280952563516
2025-08-15 22:06:01.114 26704-26808 MainActivity            cn.watchfun.android_use_cpp_demo1    D  æ’­æ”¾chunk 554: 960/960 bytes, è€—æ—¶10ms (é›¶å¹²é¢„æ’­æ”¾æ³•)
2025-08-15 22:06:01.114 26704-26808 MainActivity            cn.watchfun.android_use_cpp_demo1    D  å¼€å§‹å¤„ç†TTS chunk 555: å¤§å°=960 bytes (0.0ç§’)
2025-08-15 22:06:01.114 26704-26812 MainActivity            cn.watchfun.android_use_cpp_demo1    V  ğŸ¯ æ—¶åºåŒæ­¥TTSå‚è€ƒ: frame=529, èƒ½é‡=2006831, ç¼“å†²åŒº=20, æ¼‚ç§»=0ms
2025-08-15 22:06:01.114 26704-26808 MainActivity            cn.watchfun.android_use_cpp_demo1    D  PCMåŸå§‹æ•°æ®èƒ½é‡æ£€æŸ¥: å‰100å­—èŠ‚èƒ½é‡=3906
2025-08-15 22:06:01.114 26704-26808 MainActivity            cn.watchfun.android_use_cpp_demo1    D  Chunk 555è½¬æ¢ä¸ºæµ®ç‚¹æ•°ç»„: 480 samples
2025-08-15 22:06:01.114 26704-26808 MainActivity            cn.watchfun.android_use_cpp_demo1    D  æµ®ç‚¹è½¬æ¢åèƒ½é‡æ£€æŸ¥: å‰100æ ·æœ¬èƒ½é‡=40692
2025-08-15 22:06:01.115 26704-26808 MainActivity            cn.watchfun.android_use_cpp_demo1    D  TTSå¸§ç¼“å†²: å¸§èƒ½é‡=498991, ç¼“å†²åŒºå¤§å°=21
2025-08-15 22:06:01.115 26704-26808 MainActivity            cn.watchfun.android_use_cpp_demo1    D  Chunk 555: ç¼“å­˜1ä¸ªTTSå¸§ç”¨äºåŒæ­¥AECå¤„ç†
2025-08-15 22:06:01.118 26704-26812 WQAEC_Config            cn.watchfun.android_use_cpp_demo1    D  Capture frame analyzed: energy=1.4, timestamp=280952564095, frame=529
2025-08-15 22:06:01.119 26704-26812 MainActivity            cn.watchfun.android_use_cpp_demo1    V  éº¦å…‹é£å¸§å¤„ç†: frame=529, èƒ½é‡=512973, å¤„ç†æ—¶é—´=5ms
2025-08-15 22:06:01.120 26704-26812 MainActivity            cn.watchfun.android_use_cpp_demo1    D  AEC3å¤„ç†æˆåŠŸ - å¸§529: ERLE=0.2dB, ERL=16.4dB, å»¶è¿Ÿ=52ms, å¤„ç†è€—æ—¶=5ms
2025-08-15 22:06:01.120 26704-26812 MainActivity            cn.watchfun.android_use_cpp_demo1    W  AEC3æ€§èƒ½è¾ƒä½: ERLE=0.2dB (å»ºè®®>10dB)
2025-08-15 22:06:01.120 26704-26812 WQAEC_Config            cn.watchfun.android_use_cpp_demo1    D  Reference frame analyzed: energy=9.5, timestamp=280952570047
2025-08-15 22:06:01.120 26704-26812 MainActivity            cn.watchfun.android_use_cpp_demo1    V  ğŸ¯ æ—¶åºåŒæ­¥TTSå‚è€ƒ: frame=530, èƒ½é‡=1812494, ç¼“å†²åŒº=20, æ¼‚ç§»=0ms
2025-08-15 22:06:01.122 26704-26808 MainActivity            cn.watchfun.android_use_cpp_demo1    D  æ’­æ”¾chunk 555: 960/960 bytes, è€—æ—¶7ms (é›¶å¹²é¢„æ’­æ”¾æ³•)
2025-08-15 22:06:01.124 26704-26808 MainActivity            cn.watchfun.android_use_cpp_demo1    D  å¼€å§‹å¤„ç†TTS chunk 556: å¤§å°=960 bytes (0.0ç§’)
2025-08-15 22:06:01.124 26704-26808 MainActivity            cn.watchfun.android_use_cpp_demo1    D  PCMåŸå§‹æ•°æ®èƒ½é‡æ£€æŸ¥: å‰100å­—èŠ‚èƒ½é‡=4088
2025-08-15 22:06:01.124 26704-26808 MainActivity            cn.watchfun.android_use_cpp_demo1    D  Chunk 556è½¬æ¢ä¸ºæµ®ç‚¹æ•°ç»„: 480 samples
2025-08-15 22:06:01.124 26704-26808 MainActivity            cn.watchfun.android_use_cpp_demo1    D  æµ®ç‚¹è½¬æ¢åèƒ½é‡æ£€æŸ¥: å‰100æ ·æœ¬èƒ½é‡=390599
2025-08-15 22:06:01.124 26704-26808 MainActivity            cn.watchfun.android_use_cpp_demo1    D  TTSå¸§ç¼“å†²: å¸§èƒ½é‡=2886958, ç¼“å†²åŒºå¤§å°=21
2025-08-15 22:06:01.125 26704-26808 MainActivity            cn.watchfun.android_use_cpp_demo1    D  Chunk 556: ç¼“å­˜1ä¸ªTTSå¸§ç”¨äºåŒæ­¥AECå¤„ç†
2025-08-15 22:06:01.125 26704-26812 WQAEC_Config            cn.watchfun.android_use_cpp_demo1    D  Capture frame analyzed: energy=5.3, timestamp=280952570540, frame=530
2025-08-15 22:06:01.126 26704-26812 MainActivity            cn.watchfun.android_use_cpp_demo1    V  éº¦å…‹é£å¸§å¤„ç†: frame=530, èƒ½é‡=1221470, å¤„ç†æ—¶é—´=6ms
2025-08-15 22:06:01.126 26704-26812 MainActivity            cn.watchfun.android_use_cpp_demo1    D  AEC3å¤„ç†æˆåŠŸ - å¸§530: ERLE=1.0dB, ERL=16.4dB, å»¶è¿Ÿ=52ms, å¤„ç†è€—æ—¶=6ms
2025-08-15 22:06:01.126 26704-26812 MainActivity            cn.watchfun.android_use_cpp_demo1    W  AEC3æ€§èƒ½è¾ƒä½: ERLE=1.0dB (å»ºè®®>10dB)
2025-08-15 22:06:01.126 26704-26812 WQAEC_Config            cn.watchfun.android_use_cpp_demo1    D  Reference frame analyzed: energy=17.1, timestamp=280952576457
2025-08-15 22:06:01.127 26704-26812 MainActivity            cn.watchfun.android_use_cpp_demo1    V  ğŸ¯ æ—¶åºåŒæ­¥TTSå‚è€ƒ: frame=531, èƒ½é‡=2394410, ç¼“å†²åŒº=20, æ¼‚ç§»=0ms
2025-08-15 22:06:01.131 26704-26812 WQAEC_Config            cn.watchfun.android_use_cpp_demo1    D  Capture frame analyzed: energy=4.6, timestamp=280952576912, frame=531
2025-08-15 22:06:01.132 26704-26812 MainActivity            cn.watchfun.android_use_cpp_demo1    V  éº¦å…‹é£å¸§å¤„ç†: frame=531, èƒ½é‡=1134683, å¤„ç†æ—¶é—´=5ms
2025-08-15 22:06:01.132 26704-26812 MainActivity            cn.watchfun.android_use_cpp_demo1    D  AEC3å¤„ç†æˆåŠŸ - å¸§531: ERLE=1.0dB, ERL=16.4dB, å»¶è¿Ÿ=52ms, å¤„ç†è€—æ—¶=5ms
2025-08-15 22:06:01.132 26704-26812 MainActivity            cn.watchfun.android_use_cpp_demo1    W  AEC3æ€§èƒ½è¾ƒä½: ERLE=1.0dB (å»ºè®®>10dB)
2025-08-15 22:06:01.133 26704-26812 WQAEC_Config            cn.watchfun.android_use_cpp_demo1    D  Reference frame analyzed: energy=17.3, timestamp=280952582649
2025-08-15 22:06:01.133 26704-26812 MainActivity            cn.watchfun.android_use_cpp_demo1    V  ğŸ¯ æ—¶åºåŒæ­¥TTSå‚è€ƒ: frame=532, èƒ½é‡=2430317, ç¼“å†²åŒº=19, æ¼‚ç§»=0ms
2025-08-15 22:06:01.137 26704-26812 WQAEC_Config            cn.watchfun.android_use_cpp_demo1    D  Capture frame analyzed: energy=3.3, timestamp=280952583118, frame=532
2025-08-15 22:06:01.139 26704-26812 MainActivity            cn.watchfun.android_use_cpp_demo1    V  éº¦å…‹é£å¸§å¤„ç†: frame=532, èƒ½é‡=993954, å¤„ç†æ—¶é—´=5ms
2025-08-15 22:06:01.139 26704-26812 MainActivity            cn.watchfun.android_use_cpp_demo1    D  AEC3å¤„ç†æˆåŠŸ - å¸§532: ERLE=1.9dB, ERL=16.4dB, å»¶è¿Ÿ=52ms, å¤„ç†è€—æ—¶=5ms
2025-08-15 22:06:01.139 26704-26812 MainActivity            cn.watchfun.android_use_cpp_demo1    W  AEC3æ€§èƒ½è¾ƒä½: ERLE=1.9dB (å»ºè®®>10dB)
2025-08-15 22:06:01.139 26704-26812 MainActivity            cn.watchfun.android_use_cpp_demo1    W  â° éº¦å…‹é£bufferå¤„ç†è€—æ—¶è¾ƒé•¿: 26ms
2025-08-15 22:06:01.140 26704-26808 MainActivity            cn.watchfun.android_use_cpp_demo1    D  æ’­æ”¾chunk 556: 960/960 bytes, è€—æ—¶15ms (é›¶å¹²é¢„æ’­æ”¾æ³•)
2025-08-15 22:06:01.140 26704-26808 MainActivity            cn.watchfun.android_use_cpp_demo1    D  å¼€å§‹å¤„ç†TTS chunk 557: å¤§å°=960 bytes (0.0ç§’)
2025-08-15 22:06:01.140 26704-26808 MainActivity            cn.watchfun.android_use_cpp_demo1    D  PCMåŸå§‹æ•°æ®èƒ½é‡æ£€æŸ¥: å‰100å­—èŠ‚èƒ½é‡=5178
2025-08-15 22:06:01.140 26704-26808 MainActivity            cn.watchfun.android_use_cpp_demo1    D  Chunk 557è½¬æ¢ä¸ºæµ®ç‚¹æ•°ç»„: 480 samples
2025-08-15 22:06:01.140 26704-26808 MainActivity            cn.watchfun.android_use_cpp_demo1    D  æµ®ç‚¹è½¬æ¢åèƒ½é‡æ£€æŸ¥: å‰100æ ·æœ¬èƒ½é‡=953158
2025-08-15 22:06:01.141 26704-26808 MainActivity            cn.watchfun.android_use_cpp_demo1    D  TTSå¸§ç¼“å†²: å¸§èƒ½é‡=3554844, ç¼“å†²åŒºå¤§å°=20
2025-08-15 22:06:01.141 26704-26808 MainActivity            cn.watchfun.android_use_cpp_demo1    D  Chunk 557: ç¼“å­˜1ä¸ªTTSå¸§ç”¨äºåŒæ­¥AECå¤„ç†
2025-08-15 22:06:01.142 26704-26808 MainActivity            cn.watchfun.android_use_cpp_demo1    D  æ’­æ”¾chunk 557: 960/960 bytes, è€—æ—¶1ms (é›¶å¹²é¢„æ’­æ”¾æ³•)
2025-08-15 22:06:01.142 26704-26808 MainActivity            cn.watchfun.android_use_cpp_demo1    D  å¼€å§‹å¤„ç†TTS chunk 558: å¤§å°=960 bytes (0.0ç§’)
2025-08-15 22:06:01.142 26704-26808 MainActivity            cn.watchfun.android_use_cpp_demo1    D  PCMåŸå§‹æ•°æ®èƒ½é‡æ£€æŸ¥: å‰100å­—èŠ‚èƒ½é‡=4227
2025-08-15 22:06:01.143 26704-26808 MainActivity            cn.watchfun.android_use_cpp_demo1    D  Chunk 558è½¬æ¢ä¸ºæµ®ç‚¹æ•°ç»„: 480 samples
2025-08-15 22:06:01.143 26704-26808 MainActivity            cn.watchfun.android_use_cpp_demo1    D  æµ®ç‚¹è½¬æ¢åèƒ½é‡æ£€æŸ¥: å‰100æ ·æœ¬èƒ½é‡=592143
2025-08-15 22:06:01.143 26704-26808 MainActivity            cn.watchfun.android_use_cpp_demo1    D  TTSå¸§ç¼“å†²: å¸§èƒ½é‡=2622413, ç¼“å†²åŒºå¤§å°=21
2025-08-15 22:06:01.143 26704-26808 MainActivity            cn.watchfun.android_use_cpp_demo1    D  Chunk 558: ç¼“å­˜1ä¸ªTTSå¸§ç”¨äºåŒæ­¥AECå¤„ç†
2025-08-15 22:06:01.154 26704-26812 WQAEC_Config            cn.watchfun.android_use_cpp_demo1    D  Reference frame analyzed: energy=14.8, timestamp=280952603775
2025-08-15 22:06:01.154 26704-26812 MainActivity            cn.watchfun.android_use_cpp_demo1    V  ğŸ¯ æ—¶åºåŒæ­¥TTSå‚è€ƒ: frame=533, èƒ½é‡=2305989, ç¼“å†²åŒº=20, æ¼‚ç§»=0ms
2025-08-15 22:06:01.156 26704-26808 MainActivity            cn.watchfun.android_use_cpp_demo1    D  æ’­æ”¾chunk 558: 960/960 bytes, è€—æ—¶11ms (é›¶å¹²é¢„æ’­æ”¾æ³•)
2025-08-15 22:06:01.156 26704-26808 MainActivity            cn.watchfun.android_use_cpp_demo1    D  å¼€å§‹å¤„ç†TTS chunk 559: å¤§å°=960 bytes (0.0ç§’)
2025-08-15 22:06:01.156 26704-26808 MainActivity            cn.watchfun.android_use_cpp_demo1    D  PCMåŸå§‹æ•°æ®èƒ½é‡æ£€æŸ¥: å‰100å­—èŠ‚èƒ½é‡=4699
2025-08-15 22:06:01.156 26704-26808 MainActivity            cn.watchfun.android_use_cpp_demo1    D  Chunk 559è½¬æ¢ä¸ºæµ®ç‚¹æ•°ç»„: 480 samples
2025-08-15 22:06:01.156 26704-26808 MainActivity            cn.watchfun.android_use_cpp_demo1    D  æµ®ç‚¹è½¬æ¢åèƒ½é‡æ£€æŸ¥: å‰100æ ·æœ¬èƒ½é‡=705801
2025-08-15 22:06:01.157 26704-26808 MainActivity            cn.watchfun.android_use_cpp_demo1    D  TTSå¸§ç¼“å†²: å¸§èƒ½é‡=2677301, ç¼“å†²åŒºå¤§å°=21
2025-08-15 22:06:01.157 26704-26808 MainActivity            cn.watchfun.android_use_cpp_demo1    D  Chunk 559: ç¼“å­˜1ä¸ªTTSå¸§ç”¨äºåŒæ­¥AECå¤„ç†
2025-08-15 22:06:01.160 26704-26812 WQAEC_Config            cn.watchfun.android_use_cpp_demo1    D  Capture frame analyzed: energy=1.7, timestamp=280952604563, frame=533
2025-08-15 22:06:01.161 26704-26812 MainActivity            cn.watchfun.android_use_cpp_demo1    V  éº¦å…‹é£å¸§å¤„ç†: frame=533, èƒ½é‡=699022, å¤„ç†æ—¶é—´=7ms
2025-08-15 22:06:01.161 26704-26812 MainActivity            cn.watchfun.android_use_cpp_demo1    D  AEC3å¤„ç†æˆåŠŸ - å¸§533: ERLE=1.9dB, ERL=16.4dB, å»¶è¿Ÿ=52ms, å¤„ç†è€—æ—¶=7ms
2025-08-15 22:06:01.161 26704-26812 MainActivity            cn.watchfun.android_use_cpp_demo1    W  AEC3æ€§èƒ½è¾ƒä½: ERLE=1.9dB (å»ºè®®>10dB)
2025-08-15 22:06:01.162 26704-26812 WQAEC_Config            cn.watchfun.android_use_cpp_demo1    D  Reference frame analyzed: energy=19.4, timestamp=280952611555
2025-08-15 22:06:01.162 26704-26808 MainActivity            cn.watchfun.android_use_cpp_demo1    D  æ’­æ”¾chunk 559: 960/960 bytes, è€—æ—¶5ms (é›¶å¹²é¢„æ’­æ”¾æ³•)
2025-08-15 22:06:01.162 26704-26812 MainActivity            cn.watchfun.android_use_cpp_demo1    V  ğŸ¯ æ—¶åºåŒæ­¥TTSå‚è€ƒ: frame=534, èƒ½é‡=2666262, ç¼“å†²åŒº=20, æ¼‚ç§»=1ms
2025-08-15 22:06:01.162 26704-26808 MainActivity            cn.watchfun.android_use_cpp_demo1    D  å¼€å§‹å¤„ç†TTS chunk 560: å¤§å°=960 bytes (0.0ç§’)
2025-08-15 22:06:01.162 26704-26808 MainActivity            cn.watchfun.android_use_cpp_demo1    D  PCMåŸå§‹æ•°æ®èƒ½é‡æ£€æŸ¥: å‰100å­—èŠ‚èƒ½é‡=4782
2025-08-15 22:06:01.163 26704-26808 MainActivity            cn.watchfun.android_use_cpp_demo1    D  Chunk 560è½¬æ¢ä¸ºæµ®ç‚¹æ•°ç»„: 480 samples
2025-08-15 22:06:01.163 26704-26808 MainActivity            cn.watchfun.android_use_cpp_demo1    D  æµ®ç‚¹è½¬æ¢åèƒ½é‡æ£€æŸ¥: å‰100æ ·æœ¬èƒ½é‡=839360
2025-08-15 22:06:01.163 26704-26808 MainActivity            cn.watchfun.android_use_cpp_demo1    D  TTSå¸§ç¼“å†²: å¸§èƒ½é‡=3035207, ç¼“å†²åŒºå¤§å°=21
2025-08-15 22:06:01.163 26704-26808 MainActivity            cn.watchfun.android_use_cpp_demo1    D  Chunk 560: ç¼“å­˜1ä¸ªTTSå¸§ç”¨äºåŒæ­¥AECå¤„ç†
2025-08-15 22:06:01.168 26704-26812 WQAEC_Config            cn.watchfun.android_use_cpp_demo1    D  Capture frame analyzed: energy=1.4, timestamp=280952612204, frame=534
2025-08-15 22:06:01.170 26704-26812 MainActivity            cn.watchfun.android_use_cpp_demo1    V  éº¦å…‹é£å¸§å¤„ç†: frame=534, èƒ½é‡=660261, å¤„ç†æ—¶é—´=7ms
2025-08-15 22:06:01.170 26704-26812 MainActivity            cn.watchfun.android_use_cpp_demo1    D  AEC3å¤„ç†æˆåŠŸ - å¸§534: ERLE=2.5dB, ERL=16.4dB, å»¶è¿Ÿ=52ms, å¤„ç†è€—æ—¶=7ms
2025-08-15 22:06:01.170 26704-26812 MainActivity            cn.watchfun.android_use_cpp_demo1    W  AEC3æ€§èƒ½è¾ƒä½: ERLE=2.5dB (å»ºè®®>10dB)
2025-08-15 22:06:01.171 26704-26812 WQAEC_Config            cn.watchfun.android_use_cpp_demo1    D  Reference frame analyzed: energy=24.1, timestamp=280952620566
2025-08-15 22:06:01.171 26704-26812 MainActivity            cn.watchfun.android_use_cpp_demo1    V  ğŸ¯ æ—¶åºåŒæ­¥TTSå‚è€ƒ: frame=535, èƒ½é‡=2950924, ç¼“å†²åŒº=20, æ¼‚ç§»=1ms
2025-08-15 22:06:01.174 26704-26808 MainActivity            cn.watchfun.android_use_cpp_demo1    D  æ’­æ”¾chunk 560: 960/960 bytes, è€—æ—¶11ms (é›¶å¹²é¢„æ’­æ”¾æ³•)
2025-08-15 22:06:01.174 26704-26808 MainActivity            cn.watchfun.android_use_cpp_demo1    D  å¼€å§‹å¤„ç†TTS chunk 561: å¤§å°=960 bytes (0.0ç§’)
2025-08-15 22:06:01.174 26704-26808 MainActivity            cn.watchfun.android_use_cpp_demo1    D  PCMåŸå§‹æ•°æ®èƒ½é‡æ£€æŸ¥: å‰100å­—èŠ‚èƒ½é‡=4818
2025-08-15 22:06:01.175 26704-26808 MainActivity            cn.watchfun.android_use_cpp_demo1    D  Chunk 561è½¬æ¢ä¸ºæµ®ç‚¹æ•°ç»„: 480 samples
2025-08-15 22:06:01.175 26704-26808 MainActivity            cn.watchfun.android_use_cpp_demo1    D  æµ®ç‚¹è½¬æ¢åèƒ½é‡æ£€æŸ¥: å‰100æ ·æœ¬èƒ½é‡=915278
2025-08-15 22:06:01.175 26704-26808 MainActivity            cn.watchfun.android_use_cpp_demo1    D  TTSå¸§ç¼“å†²: å¸§èƒ½é‡=3232715, ç¼“å†²åŒºå¤§å°=21
2025-08-15 22:06:01.175 26704-26808 MainActivity            cn.watchfun.android_use_cpp_demo1    D  Chunk 561: ç¼“å­˜1ä¸ªTTSå¸§ç”¨äºåŒæ­¥AECå¤„ç†
2025-08-15 22:06:01.176 26704-26812 WQAEC_Config            cn.watchfun.android_use_cpp_demo1    D  Capture frame analyzed: energy=1.2, timestamp=280952621143, frame=535
2025-08-15 22:06:01.177 26704-26812 MainActivity            cn.watchfun.android_use_cpp_demo1    V  éº¦å…‹é£å¸§å¤„ç†: frame=535, èƒ½é‡=640074, å¤„ç†æ—¶é—´=6ms
2025-08-15 22:06:01.178 26704-26812 MainActivity            cn.watchfun.android_use_cpp_demo1    D  AEC3å¤„ç†æˆåŠŸ - å¸§535: ERLE=2.5dB, ERL=16.4dB, å»¶è¿Ÿ=52ms, å¤„ç†è€—æ—¶=6ms
2025-08-15 22:06:01.178 26704-26812 MainActivity            cn.watchfun.android_use_cpp_demo1    W  AEC3æ€§èƒ½è¾ƒä½: ERLE=2.5dB (å»ºè®®>10dB)
2025-08-15 22:06:01.178 26704-26812 WQAEC_Config            cn.watchfun.android_use_cpp_demo1    D  Reference frame analyzed: energy=37.3, timestamp=280952628080
2025-08-15 22:06:01.178 26704-26812 MainActivity            cn.watchfun.android_use_cpp_demo1    V  ğŸ¯ æ—¶åºåŒæ­¥TTSå‚è€ƒ: frame=536, èƒ½é‡=3749386, ç¼“å†²åŒº=20, æ¼‚ç§»=0ms
2025-08-15 22:06:01.182 26704-26808 MainActivity            cn.watchfun.android_use_cpp_demo1    D  æ’­æ”¾chunk 561: 960/960 bytes, è€—æ—¶7ms (é›¶å¹²é¢„æ’­æ”¾æ³•)
2025-08-15 22:06:01.182 26704-26808 MainActivity            cn.watchfun.android_use_cpp_demo1    D  å¼€å§‹å¤„ç†TTS chunk 562: å¤§å°=960 bytes (0.0ç§’)
2025-08-15 22:06:01.182 26704-26808 MainActivity            cn.watchfun.android_use_cpp_demo1    D  PCMåŸå§‹æ•°æ®èƒ½é‡æ£€æŸ¥: å‰100å­—èŠ‚èƒ½é‡=5514
2025-08-15 22:06:02.002 26704-26812 ratelimit               cn.watchfun.android_use_cpp_demo1    W  Single process limit 250/s drop 1030 lines.
2025-08-15 22:06:02.002 26704-26812 WQAEC_Config            cn.watchfun.android_use_cpp_demo1    D  Capture frame analyzed: energy=5.4, timestamp=280953444831, frame=617
2025-08-15 22:06:02.002 26704-26808 MainActivity            cn.watchfun.android_use_cpp_demo1    D  æ’­æ”¾chunk 643: 960/960 bytes, è€—æ—¶7ms (é›¶å¹²é¢„æ’­æ”¾æ³•)
2025-08-15 22:06:02.003 26704-26808 MainActivity            cn.watchfun.android_use_cpp_demo1    D  å¼€å§‹å¤„ç†TTS chunk 644: å¤§å°=960 bytes (0.0ç§’)
2025-08-15 22:06:02.003 26704-26808 MainActivity            cn.watchfun.android_use_cpp_demo1    D  PCMåŸå§‹æ•°æ®èƒ½é‡æ£€æŸ¥: å‰100å­—èŠ‚èƒ½é‡=4452
2025-08-15 22:06:02.003 26704-26808 MainActivity            cn.watchfun.android_use_cpp_demo1    D  Chunk 644è½¬æ¢ä¸ºæµ®ç‚¹æ•°ç»„: 480 samples
2025-08-15 22:06:02.003 26704-26808 MainActivity            cn.watchfun.android_use_cpp_demo1    D  æµ®ç‚¹è½¬æ¢åèƒ½é‡æ£€æŸ¥: å‰100æ ·æœ¬èƒ½é‡=708736
2025-08-15 22:06:02.004 26704-26808 MainActivity            cn.watchfun.android_use_cpp_demo1    D  TTSå¸§ç¼“å†²: å¸§èƒ½é‡=2855668, ç¼“å†²åŒºå¤§å°=22
2025-08-15 22:06:02.004 26704-26812 MainActivity            cn.watchfun.android_use_cpp_demo1    V  éº¦å…‹é£å¸§å¤„ç†: frame=617, èƒ½é‡=1379065, å¤„ç†æ—¶é—´=8ms
2025-08-15 22:06:02.004 26704-26808 MainActivity            cn.watchfun.android_use_cpp_demo1    D  Chunk 644: ç¼“å­˜1ä¸ªTTSå¸§ç”¨äºåŒæ­¥AECå¤„ç†
2025-08-15 22:06:02.004 26704-26812 MainActivity            cn.watchfun.android_use_cpp_demo1    D  AEC3å¤„ç†æˆåŠŸ - å¸§617: ERLE=6.1dB, ERL=16.8dB, å»¶è¿Ÿ=52ms, å¤„ç†è€—æ—¶=8ms
2025-08-15 22:06:02.004 26704-26812 WQAEC_Config            cn.watchfun.android_use_cpp_demo1    D  Reference frame analyzed: energy=0.7, timestamp=280953454211
2025-08-15 22:06:02.005 26704-26812 MainActivity            cn.watchfun.android_use_cpp_demo1    V  ğŸ¯ æ—¶åºåŒæ­¥TTSå‚è€ƒ: frame=618, èƒ½é‡=527375, ç¼“å†²åŒº=21, æ¼‚ç§»=0ms
2025-08-15 22:06:02.011 26704-26812 WQAEC_Config            cn.watchfun.android_use_cpp_demo1    D  Capture frame analyzed: energy=8.1, timestamp=280953454881, frame=618
2025-08-15 22:06:02.013 26704-26812 MainActivity            cn.watchfun.android_use_cpp_demo1    V  éº¦å…‹é£å¸§å¤„ç†: frame=618, èƒ½é‡=1707910, å¤„ç†æ—¶é—´=7ms
2025-08-15 22:06:02.013 26704-26812 MainActivity            cn.watchfun.android_use_cpp_demo1    D  AEC3å¤„ç†æˆåŠŸ - å¸§618: ERLE=6.1dB, ERL=16.8dB, å»¶è¿Ÿ=52ms, å¤„ç†è€—æ—¶=7ms
2025-08-15 22:06:02.013 26704-26812 WQAEC_Config            cn.watchfun.android_use_cpp_demo1    D  Reference frame analyzed: energy=0.1, timestamp=280953462935
2025-08-15 22:06:02.013 26704-26812 MainActivity            cn.watchfun.android_use_cpp_demo1    V  ğŸ¯ æ—¶åºåŒæ­¥TTSå‚è€ƒ: frame=619, èƒ½é‡=156574, ç¼“å†²åŒº=20, æ¼‚ç§»=0ms
2025-08-15 22:06:02.014 26704-26808 MainActivity            cn.watchfun.android_use_cpp_demo1    D  æ’­æ”¾chunk 644: 960/960 bytes, è€—æ—¶10ms (é›¶å¹²é¢„æ’­æ”¾æ³•)
2025-08-15 22:06:02.014 26704-26808 MainActivity            cn.watchfun.android_use_cpp_demo1    D  å¼€å§‹å¤„ç†TTS chunk 645: å¤§å°=960 bytes (0.0ç§’)
2025-08-15 22:06:02.014 26704-26808 MainActivity            cn.watchfun.android_use_cpp_demo1    D  PCMåŸå§‹æ•°æ®èƒ½é‡æ£€æŸ¥: å‰100å­—èŠ‚èƒ½é‡=4071
2025-08-15 22:06:02.015 26704-26808 MainActivity            cn.watchfun.android_use_cpp_demo1    D  Chunk 645è½¬æ¢ä¸ºæµ®ç‚¹æ•°ç»„: 480 samples
2025-08-15 22:06:02.015 26704-26808 MainActivity            cn.watchfun.android_use_cpp_demo1    D  æµ®ç‚¹è½¬æ¢åèƒ½é‡æ£€æŸ¥: å‰100æ ·æœ¬èƒ½é‡=634754
2025-08-15 22:06:02.015 26704-26808 MainActivity            cn.watchfun.android_use_cpp_demo1    D  TTSå¸§ç¼“å†²: å¸§èƒ½é‡=2690175, ç¼“å†²åŒºå¤§å°=21
2025-08-15 22:06:02.015 26704-26808 MainActivity            cn.watchfun.android_use_cpp_demo1    D  Chunk 645: ç¼“å­˜1ä¸ªTTSå¸§ç”¨äºåŒæ­¥AECå¤„ç†
2025-08-15 22:06:02.017 26704-26812 WQAEC_Config            cn.watchfun.android_use_cpp_demo1    D  Capture frame analyzed: energy=9.7, timestamp=280953463378, frame=619
2025-08-15 22:06:02.018 26704-26812 MainActivity            cn.watchfun.android_use_cpp_demo1    V  éº¦å…‹é£å¸§å¤„ç†: frame=619, èƒ½é‡=1918222, å¤„ç†æ—¶é—´=5ms
2025-08-15 22:06:02.019 26704-26812 MainActivity            cn.watchfun.android_use_cpp_demo1    D  AEC3å¤„ç†æˆåŠŸ - å¸§619: ERLE=6.1dB, ERL=16.8dB, å»¶è¿Ÿ=52ms, å¤„ç†è€—æ—¶=5ms
2025-08-15 22:06:02.019 26704-26812 WQAEC_Config            cn.watchfun.android_use_cpp_demo1    D  Reference frame analyzed: energy=0.0, timestamp=280953468756
2025-08-15 22:06:02.019 26704-26812 MainActivity            cn.watchfun.android_use_cpp_demo1    V  ğŸ¯ æ—¶åºåŒæ­¥TTSå‚è€ƒ: frame=620, èƒ½é‡=80840, ç¼“å†²åŒº=20, æ¼‚ç§»=0ms
2025-08-15 22:06:02.022 26704-26808 MainActivity            cn.watchfun.android_use_cpp_demo1    D  æ’­æ”¾chunk 645: 960/960 bytes, è€—æ—¶7ms (é›¶å¹²é¢„æ’­æ”¾æ³•)
2025-08-15 22:06:02.023 26704-26808 MainActivity            cn.watchfun.android_use_cpp_demo1    D  å¼€å§‹å¤„ç†TTS chunk 646: å¤§å°=960 bytes (0.0ç§’)
2025-08-15 22:06:02.023 26704-26808 MainActivity            cn.watchfun.android_use_cpp_demo1    D  PCMåŸå§‹æ•°æ®èƒ½é‡æ£€æŸ¥: å‰100å­—èŠ‚èƒ½é‡=4327
2025-08-15 22:06:02.023 26704-26812 WQAEC_Config            cn.watchfun.android_use_cpp_demo1    D  Capture frame analyzed: energy=9.6, timestamp=280953469198, frame=620
2025-08-15 22:06:02.023 26704-26808 MainActivity            cn.watchfun.android_use_cpp_demo1    D  Chunk 646è½¬æ¢ä¸ºæµ®ç‚¹æ•°ç»„: 480 samples
2025-08-15 22:06:02.023 26704-26808 MainActivity            cn.watchfun.android_use_cpp_demo1    D  æµ®ç‚¹è½¬æ¢åèƒ½é‡æ£€æŸ¥: å‰100æ ·æœ¬èƒ½é‡=573745
2025-08-15 22:06:02.024 26704-26808 MainActivity            cn.watchfun.android_use_cpp_demo1    D  TTSå¸§ç¼“å†²: å¸§èƒ½é‡=2599336, ç¼“å†²åŒºå¤§å°=21
2025-08-15 22:06:02.024 26704-26808 MainActivity            cn.watchfun.android_use_cpp_demo1    D  Chunk 646: ç¼“å­˜1ä¸ªTTSå¸§ç”¨äºåŒæ­¥AECå¤„ç†
2025-08-15 22:06:02.024 26704-26812 MainActivity            cn.watchfun.android_use_cpp_demo1    V  éº¦å…‹é£å¸§å¤„ç†: frame=620, èƒ½é‡=1887076, å¤„ç†æ—¶é—´=5ms
2025-08-15 22:06:02.024 26704-26812 MainActivity            cn.watchfun.android_use_cpp_demo1    D  AEC3å¤„ç†æˆåŠŸ - å¸§620: ERLE=6.1dB, ERL=16.8dB, å»¶è¿Ÿ=52ms, å¤„ç†è€—æ—¶=5ms
2025-08-15 22:06:02.025 26704-26812 MainActivity            cn.watchfun.android_use_cpp_demo1    W  â° éº¦å…‹é£bufferå¤„ç†è€—æ—¶è¾ƒé•¿: 31ms
2025-08-15 22:06:02.034 26704-26812 WQAEC_Config            cn.watchfun.android_use_cpp_demo1    D  Reference frame analyzed: energy=0.0, timestamp=280953483556
2025-08-15 22:06:02.034 26704-26812 MainActivity            cn.watchfun.android_use_cpp_demo1    V  ğŸ¯ æ—¶åºåŒæ­¥TTSå‚è€ƒ: frame=621, èƒ½é‡=28789, ç¼“å†²åŒº=20, æ¼‚ç§»=1ms
2025-08-15 22:06:02.034 26704-26808 MainActivity            cn.watchfun.android_use_cpp_demo1    D  æ’­æ”¾chunk 646: 960/960 bytes, è€—æ—¶9ms (é›¶å¹²é¢„æ’­æ”¾æ³•)
2025-08-15 22:06:02.035 26704-26808 MainActivity            cn.watchfun.android_use_cpp_demo1    D  å¼€å§‹å¤„ç†TTS chunk 647: å¤§å°=960 bytes (0.0ç§’)
2025-08-15 22:06:02.035 26704-26808 MainActivity            cn.watchfun.android_use_cpp_demo1    D  PCMåŸå§‹æ•°æ®èƒ½é‡æ£€æŸ¥: å‰100å­—èŠ‚èƒ½é‡=3889
2025-08-15 22:06:02.035 26704-26808 MainActivity            cn.watchfun.android_use_cpp_demo1    D  Chunk 647è½¬æ¢ä¸ºæµ®ç‚¹æ•°ç»„: 480 samples
2025-08-15 22:06:02.035 26704-26808 MainActivity            cn.watchfun.android_use_cpp_demo1    D  æµ®ç‚¹è½¬æ¢åèƒ½é‡æ£€æŸ¥: å‰100æ ·æœ¬èƒ½é‡=550832
2025-08-15 22:06:02.036 26704-26808 MainActivity            cn.watchfun.android_use_cpp_demo1    D  TTSå¸§ç¼“å†²: å¸§èƒ½é‡=2591632, ç¼“å†²åŒºå¤§å°=21
2025-08-15 22:06:02.036 26704-26808 MainActivity            cn.watchfun.android_use_cpp_demo1    D  Chunk 647: ç¼“å­˜1ä¸ªTTSå¸§ç”¨äºåŒæ­¥AECå¤„ç†
2025-08-15 22:06:02.038 26704-26812 WQAEC_Config            cn.watchfun.android_use_cpp_demo1    D  Capture frame analyzed: energy=8.9, timestamp=280953484136, frame=621
2025-08-15 22:06:02.039 26704-26812 MainActivity            cn.watchfun.android_use_cpp_demo1    V  éº¦å…‹é£å¸§å¤„ç†: frame=621, èƒ½é‡=1739506, å¤„ç†æ—¶é—´=5ms
2025-08-15 22:06:02.040 26704-26812 MainActivity            cn.watchfun.android_use_cpp_demo1    D  AEC3å¤„ç†æˆåŠŸ - å¸§621: ERLE=6.1dB, ERL=16.8dB, å»¶è¿Ÿ=52ms, å¤„ç†è€—æ—¶=5ms
2025-08-15 22:06:02.040 26704-26812 WQAEC_Config            cn.watchfun.android_use_cpp_demo1    D  Reference frame analyzed: energy=0.0, timestamp=280953489779
2025-08-15 22:06:02.040 26704-26812 MainActivity            cn.watchfun.android_use_cpp_demo1    V  ğŸ¯ æ—¶åºåŒæ­¥TTSå‚è€ƒ: frame=622, èƒ½é‡=29125, ç¼“å†²åŒº=20, æ¼‚ç§»=0ms
2025-08-15 22:06:02.043 26704-26808 MainActivity            cn.watchfun.android_use_cpp_demo1    D  æ’­æ”¾chunk 647: 960/960 bytes, è€—æ—¶6ms (é›¶å¹²é¢„æ’­æ”¾æ³•)
2025-08-15 22:06:02.043 26704-26808 MainActivity            cn.watchfun.android_use_cpp_demo1    D  å¼€å§‹å¤„ç†TTS chunk 648: å¤§å°=960 bytes (0.0ç§’)
2025-08-15 22:06:02.044 26704-26808 MainActivity            cn.watchfun.android_use_cpp_demo1    D  PCMåŸå§‹æ•°æ®èƒ½é‡æ£€æŸ¥: å‰100å­—èŠ‚èƒ½é‡=4638
2025-08-15 22:06:02.044 26704-26812 WQAEC_Config            cn.watchfun.android_use_cpp_demo1    D  Capture frame analyzed: energy=9.4, timestamp=280953490281, frame=622
2025-08-15 22:06:02.044 26704-26808 MainActivity            cn.watchfun.android_use_cpp_demo1    D  Chunk 648è½¬æ¢ä¸ºæµ®ç‚¹æ•°ç»„: 480 samples
2025-08-15 22:06:02.045 26704-26808 MainActivity            cn.watchfun.android_use_cpp_demo1    D  æµ®ç‚¹è½¬æ¢åèƒ½é‡æ£€æŸ¥: å‰100æ ·æœ¬èƒ½é‡=564051
2025-08-15 22:06:02.045 26704-26808 MainActivity            cn.watchfun.android_use_cpp_demo1    D  TTSå¸§ç¼“å†²: å¸§èƒ½é‡=2818447, ç¼“å†²åŒºå¤§å°=21
2025-08-15 22:06:02.045 26704-26808 MainActivity            cn.watchfun.android_use_cpp_demo1    D  Chunk 648: ç¼“å­˜1ä¸ªTTSå¸§ç”¨äºåŒæ­¥AECå¤„ç†
2025-08-15 22:06:02.046 26704-26812 MainActivity            cn.watchfun.android_use_cpp_demo1    V  éº¦å…‹é£å¸§å¤„ç†: frame=622, èƒ½é‡=1882855, å¤„ç†æ—¶é—´=5ms
2025-08-15 22:06:02.046 26704-26812 MainActivity            cn.watchfun.android_use_cpp_demo1    D  AEC3å¤„ç†æˆåŠŸ - å¸§622: ERLE=6.1dB, ERL=16.8dB, å»¶è¿Ÿ=52ms, å¤„ç†è€—æ—¶=5ms
2025-08-15 22:06:02.046 26704-26812 WQAEC_Config            cn.watchfun.android_use_cpp_demo1    D  Reference frame analyzed: energy=0.0, timestamp=280953496158
2025-08-15 22:06:02.047 26704-26812 MainActivity            cn.watchfun.android_use_cpp_demo1    V  ğŸ¯ æ—¶åºåŒæ­¥TTSå‚è€ƒ: frame=623, èƒ½é‡=20046, ç¼“å†²åŒº=20, æ¼‚ç§»=0ms
2025-08-15 22:06:02.051 26704-26812 WQAEC_Config            cn.watchfun.android_use_cpp_demo1    D  Capture frame analyzed: energy=11.0, timestamp=280953496662, frame=623
2025-08-15 22:06:02.052 26704-26812 MainActivity            cn.watchfun.android_use_cpp_demo1    V  éº¦å…‹é£å¸§å¤„ç†: frame=623, èƒ½é‡=1927410, å¤„ç†æ—¶é—´=5ms
2025-08-15 22:06:02.052 26704-26812 MainActivity            cn.watchfun.android_use_cpp_demo1    D  AEC3å¤„ç†æˆåŠŸ - å¸§623: ERLE=6.1dB, ERL=16.8dB, å»¶è¿Ÿ=52ms, å¤„ç†è€—æ—¶=5ms
2025-08-15 22:06:02.052 26704-26812 WQAEC_Config            cn.watchfun.android_use_cpp_demo1    D  Reference frame analyzed: energy=0.1, timestamp=280953502310
2025-08-15 22:06:02.053 26704-26812 MainActivity            cn.watchfun.android_use_cpp_demo1    V  ğŸ¯ æ—¶åºåŒæ­¥TTSå‚è€ƒ: frame=624, èƒ½é‡=181397, ç¼“å†²åŒº=19, æ¼‚ç§»=0ms
2025-08-15 22:06:02.054 26704-26808 MainActivity            cn.watchfun.android_use_cpp_demo1    D  æ’­æ”¾chunk 648: 960/960 bytes, è€—æ—¶9ms (é›¶å¹²é¢„æ’­æ”¾æ³•)
2025-08-15 22:06:02.054 26704-26808 MainActivity            cn.watchfun.android_use_cpp_demo1    D  å¼€å§‹å¤„ç†TTS chunk 649: å¤§å°=960 bytes (0.0ç§’)
2025-08-15 22:06:02.055 26704-26808 MainActivity            cn.watchfun.android_use_cpp_demo1    D  PCMåŸå§‹æ•°æ®èƒ½é‡æ£€æŸ¥: å‰100å­—èŠ‚èƒ½é‡=5263
2025-08-15 22:06:02.055 26704-26808 MainActivity            cn.watchfun.android_use_cpp_demo1    D  Chunk 649è½¬æ¢ä¸ºæµ®ç‚¹æ•°ç»„: 480 samples
2025-08-15 22:06:02.055 26704-26808 MainActivity            cn.watchfun.android_use_cpp_demo1    D  æµ®ç‚¹è½¬æ¢åèƒ½é‡æ£€æŸ¥: å‰100æ ·æœ¬èƒ½é‡=736843
2025-08-15 22:06:02.056 26704-26808 MainActivity            cn.watchfun.android_use_cpp_demo1    D  TTSå¸§ç¼“å†²: å¸§èƒ½é‡=3400378, ç¼“å†²åŒºå¤§å°=20
2025-08-15 22:06:02.056 26704-26808 MainActivity            cn.watchfun.android_use_cpp_demo1    D  Chunk 649: ç¼“å­˜1ä¸ªTTSå¸§ç”¨äºåŒæ­¥AECå¤„ç†
2025-08-15 22:06:02.057 26704-26812 WQAEC_Config            cn.watchfun.android_use_cpp_demo1    D  Capture frame analyzed: energy=6.0, timestamp=280953502780, frame=624
2025-08-15 22:06:02.058 26704-26812 MainActivity            cn.watchfun.android_use_cpp_demo1    V  éº¦å…‹é£å¸§å¤„ç†: frame=624, èƒ½é‡=1433974, å¤„ç†æ—¶é—´=5ms
2025-08-15 22:06:02.059 26704-26812 MainActivity            cn.watchfun.android_use_cpp_demo1    D  AEC3å¤„ç†æˆåŠŸ - å¸§624: ERLE=6.1dB, ERL=16.8dB, å»¶è¿Ÿ=52ms, å¤„ç†è€—æ—¶=5ms
2025-08-15 22:06:02.059 26704-26812 MainActivity            cn.watchfun.android_use_cpp_demo1    W  â° éº¦å…‹é£bufferå¤„ç†è€—æ—¶è¾ƒé•¿: 26ms
2025-08-15 22:06:02.062 26704-26808 MainActivity            cn.watchfun.android_use_cpp_demo1    D  æ’­æ”¾chunk 649: 960/960 bytes, è€—æ—¶6ms (é›¶å¹²é¢„æ’­æ”¾æ³•)
2025-08-15 22:06:02.063 26704-26808 MainActivity            cn.watchfun.android_use_cpp_demo1    D  å¼€å§‹å¤„ç†TTS chunk 650: å¤§å°=960 bytes (0.0ç§’)
2025-08-15 22:06:02.063 26704-26808 MainActivity            cn.watchfun.android_use_cpp_demo1    D  PCMåŸå§‹æ•°æ®èƒ½é‡æ£€æŸ¥: å‰100å­—èŠ‚èƒ½é‡=5274
2025-08-15 22:06:02.063 26704-26808 MainActivity            cn.watchfun.android_use_cpp_demo1    D  Chunk 650è½¬æ¢ä¸ºæµ®ç‚¹æ•°ç»„: 480 samples
2025-08-15 22:06:02.064 26704-26808 MainActivity            cn.watchfun.android_use_cpp_demo1    D  æµ®ç‚¹è½¬æ¢åèƒ½é‡æ£€æŸ¥: å‰100æ ·æœ¬èƒ½é‡=915914
2025-08-15 22:06:02.064 26704-26808 MainActivity            cn.watchfun.android_use_cpp_demo1    D  TTSå¸§ç¼“å†²: å¸§èƒ½é‡=3183873, ç¼“å†²åŒºå¤§å°=21
2025-08-15 22:06:02.064 26704-26808 MainActivity            cn.watchfun.android_use_cpp_demo1    D  Chunk 650: ç¼“å­˜1ä¸ªTTSå¸§ç”¨äºåŒæ­¥AECå¤„ç†
2025-08-15 22:06:02.074 26704-26808 MainActivity            cn.watchfun.android_use_cpp_demo1    D  æ’­æ”¾chunk 650: 960/960 bytes, è€—æ—¶9ms (é›¶å¹²é¢„æ’­æ”¾æ³•)
2025-08-15 22:06:02.074 26704-26812 WQAEC_Config            cn.watchfun.android_use_cpp_demo1    D  Reference frame analyzed: energy=8.8, timestamp=280953523854
2025-08-15 22:06:02.074 26704-26808 MainActivity            cn.watchfun.android_use_cpp_demo1    D  å¼€å§‹å¤„ç†TTS chunk 651: å¤§å°=960 bytes (0.0ç§’)
2025-08-15 22:06:02.074 26704-26812 MainActivity            cn.watchfun.android_use_cpp_demo1    V  ğŸ¯ æ—¶åºåŒæ­¥TTSå‚è€ƒ: frame=625, èƒ½é‡=1707539, ç¼“å†²åŒº=20, æ¼‚ç§»=0ms
2025-08-15 22:06:02.075 26704-26808 MainActivity            cn.watchfun.android_use_cpp_demo1    D  PCMåŸå§‹æ•°æ®èƒ½é‡æ£€æŸ¥: å‰100å­—èŠ‚èƒ½é‡=5572
2025-08-15 22:06:02.075 26704-26808 MainActivity            cn.watchfun.android_use_cpp_demo1    D  Chunk 651è½¬æ¢ä¸ºæµ®ç‚¹æ•°ç»„: 480 samples
2025-08-15 22:06:02.075 26704-26808 MainActivity            cn.watchfun.android_use_cpp_demo1    D  æµ®ç‚¹è½¬æ¢åèƒ½é‡æ£€æŸ¥: å‰100æ ·æœ¬èƒ½é‡=1005184
2025-08-15 22:06:02.075 26704-26808 MainActivity            cn.watchfun.android_use_cpp_demo1    D  TTSå¸§ç¼“å†²: å¸§èƒ½é‡=3750542, ç¼“å†²åŒºå¤§å°=21
2025-08-15 22:06:02.075 26704-26808 MainActivity            cn.watchfun.android_use_cpp_demo1    D  Chunk 651: ç¼“å­˜1ä¸ªTTSå¸§ç”¨äºåŒæ­¥AECå¤„ç†
2025-08-15 22:06:02.080 26704-26812 WQAEC_Config            cn.watchfun.android_use_cpp_demo1    D  Capture frame analyzed: energy=2.3, timestamp=280953524556, frame=625
2025-08-15 22:06:02.081 26704-26812 MainActivity            cn.watchfun.android_use_cpp_demo1    V  éº¦å…‹é£å¸§å¤„ç†: frame=625, èƒ½é‡=842111, å¤„ç†æ—¶é—´=6ms
2025-08-15 22:06:02.081 26704-26812 MainActivity            cn.watchfun.android_use_cpp_demo1    W  ğŸ“Š AEC3çŠ¶æ€æŠ¥å‘Š - å¸§625:
2025-08-15 22:06:02.082 26704-26812 MainActivity            cn.watchfun.android_use_cpp_demo1    W    ğŸ”Š æ€§èƒ½: ERLE=6.1dB (ç›®æ ‡>5dB), ERL=16.8dB, AEC3æ£€æµ‹å»¶è¿Ÿ=52ms
2025-08-15 22:06:02.082 26704-26812 MainActivity            cn.watchfun.android_use_cpp_demo1    W    âš™ï¸  ç³»ç»Ÿ: è®¾ç½®å»¶è¿Ÿ=46ms, èƒ½é‡æ¯”=0.7 (TTS/Mic), æ—¶åºæ¼‚ç§»=0ms
2025-08-15 22:06:02.082 26704-26808 MainActivity            cn.watchfun.android_use_cpp_demo1    D  æ’­æ”¾chunk 651: 960/960 bytes, è€—æ—¶7ms (é›¶å¹²é¢„æ’­æ”¾æ³•)
2025-08-15 22:06:02.082 26704-26808 MainActivity            cn.watchfun.android_use_cpp_demo1    D  å¼€å§‹å¤„ç†TTS chunk 652: å¤§å°=960 bytes (0.0ç§’)
2025-08-15 22:06:02.082 26704-26812 MainActivity            cn.watchfun.android_use_cpp_demo1    W    ğŸ“ˆ å¸§ç»Ÿè®¡: TTS=625, éº¦å…‹é£=625, ç¼ºå¤±=0 (0.0%)
2025-08-15 22:06:02.082 26704-26808 MainActivity            cn.watchfun.android_use_cpp_demo1    D  PCMåŸå§‹æ•°æ®èƒ½é‡æ£€æŸ¥: å‰100å­—èŠ‚èƒ½é‡=6164
2025-08-15 22:06:02.082 26704-26812 MainActivity            cn.watchfun.android_use_cpp_demo1    W    ğŸ”„ ç¼“å†²åŒº: å¤§å°=20, å†…å­˜ä½¿ç”¨=0MB
2025-08-15 22:06:02.083 26704-26808 MainActivity            cn.watchfun.android_use_cpp_demo1    D  Chunk 652è½¬æ¢ä¸ºæµ®ç‚¹æ•°ç»„: 480 samples
2025-08-15 22:06:02.083 26704-26812 MainActivity            cn.watchfun.android_use_cpp_demo1    D  AEC3å¤„ç†æˆåŠŸ - å¸§625: ERLE=6.1dB, ERL=16.8dB, å»¶è¿Ÿ=52ms, å¤„ç†è€—æ—¶=6ms
2025-08-15 22:06:02.083 26704-26808 MainActivity            cn.watchfun.android_use_cpp_demo1    D  æµ®ç‚¹è½¬æ¢åèƒ½é‡æ£€æŸ¥: å‰100æ ·æœ¬èƒ½é‡=1211145
2025-08-15 22:06:02.083 26704-26812 WQAEC_Config            cn.watchfun.android_use_cpp_demo1    D  Reference frame analyzed: energy=30.1, timestamp=280953532779
2025-08-15 22:06:02.083 26704-26808 MainActivity            cn.watchfun.android_use_cpp_demo1    D  TTSå¸§ç¼“å†²: å¸§èƒ½é‡=5008394, ç¼“å†²åŒºå¤§å°=21
2025-08-15 22:06:02.083 26704-26808 MainActivity            cn.watchfun.android_use_cpp_demo1    D  Chunk 652: ç¼“å­˜1ä¸ªTTSå¸§ç”¨äºåŒæ­¥AECå¤„ç†
2025-08-15 22:06:02.084 26704-26812 MainActivity            cn.watchfun.android_use_cpp_demo1    V  ğŸ¯ æ—¶åºåŒæ­¥TTSå‚è€ƒ: frame=626, èƒ½é‡=3255366, ç¼“å†²åŒº=21, æ¼‚ç§»=0ms
2025-08-15 22:06:02.089 26704-26812 WQAEC_Config            cn.watchfun.android_use_cpp_demo1    D  Capture frame analyzed: energy=1.9, timestamp=280953534174, frame=626
2025-08-15 22:06:02.091 26704-26812 MainActivity            cn.watchfun.android_use_cpp_demo1    V  éº¦å…‹é£å¸§å¤„ç†: frame=626, èƒ½é‡=698411, å¤„ç†æ—¶é—´=7ms
2025-08-15 22:06:02.091 26704-26812 MainActivity            cn.watchfun.android_use_cpp_demo1    D  AEC3å¤„ç†æˆåŠŸ - å¸§626: ERLE=6.1dB, ERL=16.8dB, å»¶è¿Ÿ=52ms, å¤„ç†è€—æ—¶=7ms
2025-08-15 22:06:02.091 26704-26812 WQAEC_Config            cn.watchfun.android_use_cpp_demo1    D  Reference frame analyzed: energy=48.7, timestamp=280953541255
2025-08-15 22:06:02.092 26704-26812 MainActivity            cn.watchfun.android_use_cpp_demo1    V  ğŸ¯ æ—¶åºåŒæ­¥TTSå‚è€ƒ: frame=627, èƒ½é‡=4312229, ç¼“å†²åŒº=20, æ¼‚ç§»=0ms
2025-08-15 22:06:02.094 26704-26808 MainActivity            cn.watchfun.android_use_cpp_demo1    D  æ’­æ”¾chunk 652: 960/960 bytes, è€—æ—¶11ms (é›¶å¹²é¢„æ’­æ”¾æ³•)
2025-08-15 22:06:02.094 26704-26808 MainActivity            cn.watchfun.android_use_cpp_demo1    D  å¼€å§‹å¤„ç†TTS chunk 653: å¤§å°=960 bytes (0.0ç§’)
2025-08-15 22:06:02.094 26704-26808 MainActivity            cn.watchfun.android_use_cpp_demo1    D  PCMåŸå§‹æ•°æ®èƒ½é‡æ£€æŸ¥: å‰100å­—èŠ‚èƒ½é‡=5948
2025-08-15 22:06:02.094 26704-26808 MainActivity            cn.watchfun.android_use_cpp_demo1    D  Chunk 653è½¬æ¢ä¸ºæµ®ç‚¹æ•°ç»„: 480 samples
2025-08-15 22:06:02.095 26704-26808 MainActivity            cn.watchfun.android_use_cpp_demo1    D  æµ®ç‚¹è½¬æ¢åèƒ½é‡æ£€æŸ¥: å‰100æ ·æœ¬èƒ½é‡=1403370
2025-08-15 22:06:02.095 26704-26808 MainActivity            cn.watchfun.android_use_cpp_demo1    D  TTSå¸§ç¼“å†²: å¸§èƒ½é‡=5513357, ç¼“å†²åŒºå¤§å°=21
2025-08-15 22:06:02.095 26704-26812 WQAEC_Config            cn.watchfun.android_use_cpp_demo1    D  Capture frame analyzed: energy=1.4, timestamp=280953541660, frame=627
2025-08-15 22:06:02.095 26704-26808 MainActivity            cn.watchfun.android_use_cpp_demo1    D  Chunk 653: ç¼“å­˜1ä¸ªTTSå¸§ç”¨äºåŒæ­¥AECå¤„ç†
2025-08-15 22:06:02.096 26704-26812 MainActivity            cn.watchfun.android_use_cpp_demo1    V  éº¦å…‹é£å¸§å¤„ç†: frame=627, èƒ½é‡=678978, å¤„ç†æ—¶é—´=4ms
2025-08-15 22:06:02.096 26704-26812 MainActivity            cn.watchfun.android_use_cpp_demo1    D  AEC3å¤„ç†æˆåŠŸ - å¸§627: ERLE=6.1dB, ERL=16.8dB, å»¶è¿Ÿ=52ms, å¤„ç†è€—æ—¶=4ms
2025-08-15 22:06:02.096 26704-26812 WQAEC_Config            cn.watchfun.android_use_cpp_demo1    D  Reference frame analyzed: energy=53.2, timestamp=280953546078
2025-08-15 22:06:02.096 26704-26812 MainActivity            cn.watchfun.android_use_cpp_demo1    V  ğŸ¯ æ—¶åºåŒæ­¥TTSå‚è€ƒ: frame=628, èƒ½é‡=4490253, ç¼“å†²åŒº=20, æ¼‚ç§»=0ms
2025-08-15 22:06:02.100 26704-26812 WQAEC_Config            cn.watchfun.android_use_cpp_demo1    D  Capture frame analyzed: energy=1.1, timestamp=280953546468, frame=628
2025-08-15 22:06:02.101 26704-26812 MainActivity            cn.watchfun.android_use_cpp_demo1    V  éº¦å…‹é£å¸§å¤„ç†: frame=628, èƒ½é‡=651990, å¤„ç†æ—¶é—´=5ms
2025-08-15 22:06:02.101 26704-26812 MainActivity            cn.watchfun.android_use_cpp_demo1    D  AEC3å¤„ç†æˆåŠŸ - å¸§628: ERLE=6.1dB, ERL=16.8dB, å»¶è¿Ÿ=52ms, å¤„ç†è€—æ—¶=5ms
2025-08-15 22:06:02.101 26704-26812 MainActivity            cn.watchfun.android_use_cpp_demo1    W  â° éº¦å…‹é£bufferå¤„ç†è€—æ—¶è¾ƒé•¿: 27ms
2025-08-15 22:06:02.102 26704-26808 MainActivity            cn.watchfun.android_use_cpp_demo1    D  æ’­æ”¾chunk 653: 960/960 bytes, è€—æ—¶7ms (é›¶å¹²é¢„æ’­æ”¾æ³•)
2025-08-15 22:06:02.102 26704-26808 MainActivity            cn.watchfun.android_use_cpp_demo1    D  å¼€å§‹å¤„ç†TTS chunk 654: å¤§å°=960 bytes (0.0ç§’)
2025-08-15 22:06:02.102 26704-26808 MainActivity            cn.watchfun.android_use_cpp_demo1    D  PCMåŸå§‹æ•°æ®èƒ½é‡æ£€æŸ¥: å‰100å­—èŠ‚èƒ½é‡=5659
2025-08-15 22:06:02.102 26704-26808 MainActivity            cn.watchfun.android_use_cpp_demo1    D  Chunk 654è½¬æ¢ä¸ºæµ®ç‚¹æ•°ç»„: 480 samples
2025-08-15 22:06:02.102 26704-26808 MainActivity            cn.watchfun.android_use_cpp_demo1    D  æµ®ç‚¹è½¬æ¢åèƒ½é‡æ£€æŸ¥: å‰100æ ·æœ¬èƒ½é‡=1202533
2025-08-15 22:06:02.103 26704-26808 MainActivity            cn.watchfun.android_use_cpp_demo1    D  TTSå¸§ç¼“å†²: å¸§èƒ½é‡=5002722, ç¼“å†²åŒºå¤§å°=21
2025-08-15 22:06:02.103 26704-26808 MainActivity            cn.watchfun.android_use_cpp_demo1    D  Chunk 654: ç¼“å­˜1ä¸ªTTSå¸§ç”¨äºåŒæ­¥AECå¤„ç†
2025-08-15 22:06:02.113 26704-26812 WQAEC_Config            cn.watchfun.android_use_cpp_demo1    D  Reference frame analyzed: energy=53.7, timestamp=280953563381
2025-08-15 22:06:02.114 26704-26812 MainActivity            cn.watchfun.android_use_cpp_demo1    V  ğŸ¯ æ—¶åºåŒæ­¥TTSå‚è€ƒ: frame=629, èƒ½é‡=4400588, ç¼“å†²åŒº=20, æ¼‚ç§»=0ms
2025-08-15 22:06:02.117 26704-26812 WQAEC_Config            cn.watchfun.android_use_cpp_demo1    D  Capture frame analyzed: energy=0.8, timestamp=280953563872, frame=629
2025-08-15 22:06:02.118 26704-26812 MainActivity            cn.watchfun.android_use_cpp_demo1    V  éº¦å…‹é£å¸§å¤„ç†: frame=629, èƒ½é‡=515267, å¤„ç†æ—¶é—´=3ms
2025-08-15 22:06:02.118 26704-26812 MainActivity            cn.watchfun.android_use_cpp_demo1    D  AEC3å¤„ç†æˆåŠŸ - å¸§629: ERLE=6.1dB, ERL=16.8dB, å»¶è¿Ÿ=52ms, å¤„ç†è€—æ—¶=3ms
2025-08-15 22:06:02.118 26704-26812 WQAEC_Config            cn.watchfun.android_use_cpp_demo1    D  Reference frame analyzed: energy=49.7, timestamp=280953567930
2025-08-15 22:06:02.118 26704-26812 MainActivity            cn.watchfun.android_use_cpp_demo1    V  ğŸ¯ æ—¶åºåŒæ­¥TTSå‚è€ƒ: frame=630, èƒ½é‡=4109300, ç¼“å†²åŒº=19, æ¼‚ç§»=0ms
2025-08-15 22:06:02.120 26704-26808 MainActivity            cn.watchfun.android_use_cpp_demo1    D  æ’­æ”¾chunk 654: 960/960 bytes, è€—æ—¶17ms (é›¶å¹²é¢„æ’­æ”¾æ³•)
2025-08-15 22:06:02.121 26704-26808 MainActivity            cn.watchfun.android_use_cpp_demo1    D  å¼€å§‹å¤„ç†TTS chunk 655: å¤§å°=960 bytes (0.0ç§’)
2025-08-15 22:06:02.121 26704-26808 MainActivity            cn.watchfun.android_use_cpp_demo1    D  PCMåŸå§‹æ•°æ®èƒ½é‡æ£€æŸ¥: å‰100å­—èŠ‚èƒ½é‡=4707
2025-08-15 22:06:02.121 26704-26808 MainActivity            cn.watchfun.android_use_cpp_demo1    D  Chunk 655è½¬æ¢ä¸ºæµ®ç‚¹æ•°ç»„: 480 samples
2025-08-15 22:06:02.121 26704-26808 MainActivity            cn.watchfun.android_use_cpp_demo1    D  æµ®ç‚¹è½¬æ¢åèƒ½é‡æ£€æŸ¥: å‰100æ ·æœ¬èƒ½é‡=1054322
2025-08-15 22:06:02.121 26704-26812 WQAEC_Config            cn.watchfun.android_use_cpp_demo1    D  Capture frame analyzed: energy=0.6, timestamp=280953568323, frame=630
2025-08-15 22:06:02.121 26704-26808 MainActivity            cn.watchfun.android_use_cpp_demo1    D  TTSå¸§ç¼“å†²: å¸§èƒ½é‡=4402668, ç¼“å†²åŒºå¤§å°=20
2025-08-15 22:06:02.122 26704-26808 MainActivity            cn.watchfun.android_use_cpp_demo1    D  Chunk 655: ç¼“å­˜1ä¸ªTTSå¸§ç”¨äºåŒæ­¥AECå¤„ç†
2025-08-15 22:06:02.122 26704-26808 MainActivity            cn.watchfun.android_use_cpp_demo1    D  æ’­æ”¾chunk 655: 960/960 bytes, è€—æ—¶0ms (é›¶å¹²é¢„æ’­æ”¾æ³•)
2025-08-15 22:06:02.122 26704-26808 MainActivity            cn.watchfun.android_use_cpp_demo1    D  å¼€å§‹å¤„ç†TTS chunk 656: å¤§å°=960 bytes (0.0ç§’)
2025-08-15 22:06:02.122 26704-26808 MainActivity            cn.watchfun.android_use_cpp_demo1    D  PCMåŸå§‹æ•°æ®èƒ½é‡æ£€æŸ¥: å‰100å­—èŠ‚èƒ½é‡=4614
2025-08-15 22:06:02.122 26704-26808 MainActivity            cn.watchfun.android_use_cpp_demo1    D  Chunk 656è½¬æ¢ä¸ºæµ®ç‚¹æ•°ç»„: 480 samples
2025-08-15 22:06:02.122 26704-26808 MainActivity            cn.watchfun.android_use_cpp_demo1    D  æµ®ç‚¹è½¬æ¢åèƒ½é‡æ£€æŸ¥: å‰100æ ·æœ¬èƒ½é‡=956836
2025-08-15 22:06:02.122 26704-26812 MainActivity            cn.watchfun.android_use_cpp_demo1    V  éº¦å…‹é£å¸§å¤„ç†: frame=630, èƒ½é‡=434391, å¤„ç†æ—¶é—´=4ms
2025-08-15 22:06:02.122 26704-26808 MainActivity            cn.watchfun.android_use_cpp_demo1    D  TTSå¸§ç¼“å†²: å¸§èƒ½é‡=4428735, ç¼“å†²åŒºå¤§å°=21
2025-08-15 22:06:02.122 26704-26808 MainActivity            cn.watchfun.android_use_cpp_demo1    D  Chunk 656: ç¼“å­˜1ä¸ªTTSå¸§ç”¨äºåŒæ­¥AECå¤„ç†
