2025-08-15 22:05:58.162 26704-26812 WQAEC_Config            cn.watchfun.android_use_cpp_demo1    D  Reference frame analyzed: energy=17.6, timestamp=280949612085
2025-08-15 22:05:58.162 26704-26808 MainActivity            cn.watchfun.android_use_cpp_demo1    D  å¼€å§‹å¤„ç†TTS chunk 260: å¤§å°=960 bytes (0.0ç§’)
2025-08-15 22:05:58.162 26704-26808 MainActivity            cn.watchfun.android_use_cpp_demo1    D  PCMåŸå§‹æ•°æ®èƒ½é‡æ£€æŸ¥: å‰100å­—èŠ‚èƒ½é‡=3287
2025-08-15 22:05:58.163 26704-26812 MainActivity            cn.watchfun.android_use_cpp_demo1    V  ğŸ¯ æ—¶åºåŒæ­¥TTSå‚è€ƒ: frame=234, èƒ½é‡=2499298, ç¼“å†²åŒº=20, æ¼‚ç§»=0ms
2025-08-15 22:05:58.163 26704-26808 MainActivity            cn.watchfun.android_use_cpp_demo1    D  Chunk 260è½¬æ¢ä¸ºæµ®ç‚¹æ•°ç»„: 480 samples
2025-08-15 22:05:58.163 26704-26808 MainActivity            cn.watchfun.android_use_cpp_demo1    D  æµ®ç‚¹è½¬æ¢åèƒ½é‡æ£€æŸ¥: å‰100æ ·æœ¬èƒ½é‡=100746
2025-08-15 22:05:58.163 26704-26808 MainActivity            cn.watchfun.android_use_cpp_demo1    D  TTSå¸§ç¼“å†²: å¸§èƒ½é‡=404103, ç¼“å†²åŒºå¤§å°=21
2025-08-15 22:05:58.163 26704-26808 MainActivity            cn.watchfun.android_use_cpp_demo1    D  Chunk 260: ç¼“å­˜1ä¸ªTTSå¸§ç”¨äºåŒæ­¥AECå¤„ç†
2025-08-15 22:05:58.168 26704-26812 WQAEC_Config            cn.watchfun.android_use_cpp_demo1    D  Capture frame analyzed: energy=7.3, timestamp=280949612624, frame=234
2025-08-15 22:05:58.170 26704-26812 MainActivity            cn.watchfun.android_use_cpp_demo1    V  éº¦å…‹é£å¸§å¤„ç†: frame=234, èƒ½é‡=1621061, å¤„ç†æ—¶é—´=7ms
2025-08-15 22:05:58.171 26704-26812 MainActivity            cn.watchfun.android_use_cpp_demo1    D  AEC3å¤„ç†æˆåŠŸ - å¸§234: ERLE=0.2dB, ERL=-30.0dB, å»¶è¿Ÿ=52ms, å¤„ç†è€—æ—¶=7ms
2025-08-15 22:05:58.171 26704-26812 MainActivity            cn.watchfun.android_use_cpp_demo1    W  AEC3æ€§èƒ½è¾ƒä½: ERLE=0.2dB (å»ºè®®>10dB)
2025-08-15 22:05:58.171 26704-26812 WQAEC_Config            cn.watchfun.android_use_cpp_demo1    D  Reference frame analyzed: energy=13.8, timestamp=280949621099
2025-08-15 22:05:58.172 26704-26812 MainActivity            cn.watchfun.android_use_cpp_demo1    V  ğŸ¯ æ—¶åºåŒæ­¥TTSå‚è€ƒ: frame=235, èƒ½é‡=2081835, ç¼“å†²åŒº=20, æ¼‚ç§»=0ms
2025-08-15 22:05:58.175 26704-26808 MainActivity            cn.watchfun.android_use_cpp_demo1    D  æ’­æ”¾chunk 260: 960/960 bytes, è€—æ—¶11ms (é›¶å¹²é¢„æ’­æ”¾æ³•)
2025-08-15 22:05:58.175 26704-26808 MainActivity            cn.watchfun.android_use_cpp_demo1    D  å¼€å§‹å¤„ç†TTS chunk 261: å¤§å°=960 bytes (0.0ç§’)
2025-08-15 22:05:58.176 26704-26808 MainActivity            cn.watchfun.android_use_cpp_demo1    D  PCMåŸå§‹æ•°æ®èƒ½é‡æ£€æŸ¥: å‰100å­—èŠ‚èƒ½é‡=3337
2025-08-15 22:05:58.176 26704-26808 MainActivity            cn.watchfun.android_use_cpp_demo1    D  Chunk 261è½¬æ¢ä¸ºæµ®ç‚¹æ•°ç»„: 480 samples
2025-08-15 22:05:58.176 26704-26808 MainActivity            cn.watchfun.android_use_cpp_demo1    D  æµ®ç‚¹è½¬æ¢åèƒ½é‡æ£€æŸ¥: å‰100æ ·æœ¬èƒ½é‡=67633
2025-08-15 22:05:58.177 26704-26812 WQAEC_Config            cn.watchfun.android_use_cpp_demo1    D  Capture frame analyzed: energy=15.7, timestamp=280949621662, frame=235
2025-08-15 22:05:58.177 26704-26808 MainActivity            cn.watchfun.android_use_cpp_demo1    D  TTSå¸§ç¼“å†²: å¸§èƒ½é‡=387627, ç¼“å†²åŒºå¤§å°=21
2025-08-15 22:05:58.177 26704-26808 MainActivity            cn.watchfun.android_use_cpp_demo1    D  Chunk 261: ç¼“å­˜1ä¸ªTTSå¸§ç”¨äºåŒæ­¥AECå¤„ç†
2025-08-15 22:05:58.178 26704-26812 MainActivity            cn.watchfun.android_use_cpp_demo1    V  éº¦å…‹é£å¸§å¤„ç†: frame=235, èƒ½é‡=2357623, å¤„ç†æ—¶é—´=6ms
2025-08-15 22:05:58.179 26704-26812 MainActivity            cn.watchfun.android_use_cpp_demo1    D  AEC3å¤„ç†æˆåŠŸ - å¸§235: ERLE=0.2dB, ERL=-30.0dB, å»¶è¿Ÿ=52ms, å¤„ç†è€—æ—¶=6ms
2025-08-15 22:05:58.179 26704-26812 MainActivity            cn.watchfun.android_use_cpp_demo1    W  AEC3æ€§èƒ½è¾ƒä½: ERLE=0.2dB (å»ºè®®>10dB)
2025-08-15 22:05:58.179 26704-26812 WQAEC_Config            cn.watchfun.android_use_cpp_demo1    D  Reference frame analyzed: energy=8.6, timestamp=280949629034
2025-08-15 22:05:58.180 26704-26812 MainActivity            cn.watchfun.android_use_cpp_demo1    V  ğŸ¯ æ—¶åºåŒæ­¥TTSå‚è€ƒ: frame=236, èƒ½é‡=1544169, ç¼“å†²åŒº=20, æ¼‚ç§»=0ms
2025-08-15 22:05:58.182 26704-26808 MainActivity            cn.watchfun.android_use_cpp_demo1    D  æ’­æ”¾chunk 261: 960/960 bytes, è€—æ—¶5ms (é›¶å¹²é¢„æ’­æ”¾æ³•)
2025-08-15 22:05:58.183 26704-26808 MainActivity            cn.watchfun.android_use_cpp_demo1    D  å¼€å§‹å¤„ç†TTS chunk 262: å¤§å°=960 bytes (0.0ç§’)
2025-08-15 22:05:58.183 26704-26808 MainActivity            cn.watchfun.android_use_cpp_demo1    D  PCMåŸå§‹æ•°æ®èƒ½é‡æ£€æŸ¥: å‰100å­—èŠ‚èƒ½é‡=3268
2025-08-15 22:05:58.184 26704-26808 MainActivity            cn.watchfun.android_use_cpp_demo1    D  Chunk 262è½¬æ¢ä¸ºæµ®ç‚¹æ•°ç»„: 480 samples
2025-08-15 22:05:58.184 26704-26808 MainActivity            cn.watchfun.android_use_cpp_demo1    D  æµ®ç‚¹è½¬æ¢åèƒ½é‡æ£€æŸ¥: å‰100æ ·æœ¬èƒ½é‡=72085
2025-08-15 22:05:58.184 26704-26808 MainActivity            cn.watchfun.android_use_cpp_demo1    D  TTSå¸§ç¼“å†²: å¸§èƒ½é‡=236148, ç¼“å†²åŒºå¤§å°=21
2025-08-15 22:05:58.184 26704-26808 MainActivity            cn.watchfun.android_use_cpp_demo1    D  Chunk 262: ç¼“å­˜1ä¸ªTTSå¸§ç”¨äºåŒæ­¥AECå¤„ç†
2025-08-15 22:05:59.000 26704-26812 ratelimit               cn.watchfun.android_use_cpp_demo1    W  Single process limit 250/s drop 1079 lines.
2025-08-15 22:05:59.000 26704-26812 MainActivity            cn.watchfun.android_use_cpp_demo1    V  éº¦å…‹é£å¸§å¤„ç†: frame=317, èƒ½é‡=32420, å¤„ç†æ—¶é—´=6ms
2025-08-15 22:05:59.001 26704-26812 MainActivity            cn.watchfun.android_use_cpp_demo1    D  AEC3å¤„ç†æˆåŠŸ - å¸§317: ERLE=3.7dB, ERL=5.0dB, å»¶è¿Ÿ=52ms, å¤„ç†è€—æ—¶=6ms
2025-08-15 22:05:59.001 26704-26812 MainActivity            cn.watchfun.android_use_cpp_demo1    W  AEC3æ€§èƒ½è¾ƒä½: ERLE=3.7dB (å»ºè®®>10dB)
2025-08-15 22:05:59.001 26704-26812 WQAEC_Config            cn.watchfun.android_use_cpp_demo1    D  Reference frame analyzed: energy=2.9, timestamp=280950450893
2025-08-15 22:05:59.001 26704-26812 MainActivity            cn.watchfun.android_use_cpp_demo1    V  ğŸ¯ æ—¶åºåŒæ­¥TTSå‚è€ƒ: frame=318, èƒ½é‡=854677, ç¼“å†²åŒº=20, æ¼‚ç§»=0ms
2025-08-15 22:05:59.002 26704-26808 MainActivity            cn.watchfun.android_use_cpp_demo1    D  æ’­æ”¾chunk 343: 960/960 bytes, è€—æ—¶8ms (é›¶å¹²é¢„æ’­æ”¾æ³•)
2025-08-15 22:05:59.002 26704-26808 MainActivity            cn.watchfun.android_use_cpp_demo1    D  å¼€å§‹å¤„ç†TTS chunk 344: å¤§å°=960 bytes (0.0ç§’)
2025-08-15 22:05:59.002 26704-26808 MainActivity            cn.watchfun.android_use_cpp_demo1    D  PCMåŸå§‹æ•°æ®èƒ½é‡æ£€æŸ¥: å‰100å­—èŠ‚èƒ½é‡=3472
2025-08-15 22:05:59.003 26704-26808 MainActivity            cn.watchfun.android_use_cpp_demo1    D  Chunk 344è½¬æ¢ä¸ºæµ®ç‚¹æ•°ç»„: 480 samples
2025-08-15 22:05:59.003 26704-26808 MainActivity            cn.watchfun.android_use_cpp_demo1    D  æµ®ç‚¹è½¬æ¢åèƒ½é‡æ£€æŸ¥: å‰100æ ·æœ¬èƒ½é‡=111608
2025-08-15 22:05:59.003 26704-26808 MainActivity            cn.watchfun.android_use_cpp_demo1    D  TTSå¸§ç¼“å†²: å¸§èƒ½é‡=426837, ç¼“å†²åŒºå¤§å°=21
2025-08-15 22:05:59.003 26704-26808 MainActivity            cn.watchfun.android_use_cpp_demo1    D  Chunk 344: ç¼“å­˜1ä¸ªTTSå¸§ç”¨äºåŒæ­¥AECå¤„ç†
2025-08-15 22:05:59.007 26704-26812 WQAEC_Config            cn.watchfun.android_use_cpp_demo1    D  Capture frame analyzed: energy=0.0, timestamp=280950451412, frame=318
2025-08-15 22:05:59.008 26704-26812 MainActivity            cn.watchfun.android_use_cpp_demo1    V  éº¦å…‹é£å¸§å¤„ç†: frame=318, èƒ½é‡=42118, å¤„ç†æ—¶é—´=7ms
2025-08-15 22:05:59.009 26704-26812 MainActivity            cn.watchfun.android_use_cpp_demo1    D  AEC3å¤„ç†æˆåŠŸ - å¸§318: ERLE=3.7dB, ERL=5.0dB, å»¶è¿Ÿ=52ms, å¤„ç†è€—æ—¶=7ms
2025-08-15 22:05:59.009 26704-26812 MainActivity            cn.watchfun.android_use_cpp_demo1    W  AEC3æ€§èƒ½è¾ƒä½: ERLE=3.7dB (å»ºè®®>10dB)
2025-08-15 22:05:59.009 26704-26812 WQAEC_Config            cn.watchfun.android_use_cpp_demo1    D  Reference frame analyzed: energy=17.3, timestamp=280950459017
2025-08-15 22:05:59.009 26704-26812 MainActivity            cn.watchfun.android_use_cpp_demo1    V  ğŸ¯ æ—¶åºåŒæ­¥TTSå‚è€ƒ: frame=319, èƒ½é‡=2621984, ç¼“å†²åŒº=20, æ¼‚ç§»=0ms
2025-08-15 22:05:59.014 26704-26808 MainActivity            cn.watchfun.android_use_cpp_demo1    D  æ’­æ”¾chunk 344: 960/960 bytes, è€—æ—¶10ms (é›¶å¹²é¢„æ’­æ”¾æ³•)
2025-08-15 22:05:59.014 26704-26808 MainActivity            cn.watchfun.android_use_cpp_demo1    D  å¼€å§‹å¤„ç†TTS chunk 345: å¤§å°=960 bytes (0.0ç§’)
2025-08-15 22:05:59.014 26704-26808 MainActivity            cn.watchfun.android_use_cpp_demo1    D  PCMåŸå§‹æ•°æ®èƒ½é‡æ£€æŸ¥: å‰100å­—èŠ‚èƒ½é‡=3085
2025-08-15 22:05:59.014 26704-26808 MainActivity            cn.watchfun.android_use_cpp_demo1    D  Chunk 345è½¬æ¢ä¸ºæµ®ç‚¹æ•°ç»„: 480 samples
2025-08-15 22:05:59.015 26704-26808 MainActivity            cn.watchfun.android_use_cpp_demo1    D  æµ®ç‚¹è½¬æ¢åèƒ½é‡æ£€æŸ¥: å‰100æ ·æœ¬èƒ½é‡=68817
2025-08-15 22:05:59.015 26704-26812 WQAEC_Config            cn.watchfun.android_use_cpp_demo1    D  Capture frame analyzed: energy=0.0, timestamp=280950459601, frame=319
2025-08-15 22:05:59.015 26704-26808 MainActivity            cn.watchfun.android_use_cpp_demo1    D  TTSå¸§ç¼“å†²: å¸§èƒ½é‡=466338, ç¼“å†²åŒºå¤§å°=21
2025-08-15 22:05:59.015 26704-26808 MainActivity            cn.watchfun.android_use_cpp_demo1    D  Chunk 345: ç¼“å­˜1ä¸ªTTSå¸§ç”¨äºåŒæ­¥AECå¤„ç†
2025-08-15 22:05:59.016 26704-26812 MainActivity            cn.watchfun.android_use_cpp_demo1    V  éº¦å…‹é£å¸§å¤„ç†: frame=319, èƒ½é‡=30383, å¤„ç†æ—¶é—´=6ms
2025-08-15 22:05:59.016 26704-26812 MainActivity            cn.watchfun.android_use_cpp_demo1    D  AEC3å¤„ç†æˆåŠŸ - å¸§319: ERLE=3.7dB, ERL=5.0dB, å»¶è¿Ÿ=52ms, å¤„ç†è€—æ—¶=6ms
2025-08-15 22:05:59.017 26704-26812 MainActivity            cn.watchfun.android_use_cpp_demo1    W  AEC3æ€§èƒ½è¾ƒä½: ERLE=3.7dB (å»ºè®®>10dB)
2025-08-15 22:05:59.017 26704-26812 WQAEC_Config            cn.watchfun.android_use_cpp_demo1    D  Reference frame analyzed: energy=17.3, timestamp=280950466775
2025-08-15 22:05:59.017 26704-26812 MainActivity            cn.watchfun.android_use_cpp_demo1    V  ğŸ¯ æ—¶åºåŒæ­¥TTSå‚è€ƒ: frame=320, èƒ½é‡=2669542, ç¼“å†²åŒº=20, æ¼‚ç§»=0ms
2025-08-15 22:05:59.022 26704-26808 MainActivity            cn.watchfun.android_use_cpp_demo1    D  æ’­æ”¾chunk 345: 960/960 bytes, è€—æ—¶7ms (é›¶å¹²é¢„æ’­æ”¾æ³•)
2025-08-15 22:05:59.022 26704-26812 WQAEC_Config            cn.watchfun.android_use_cpp_demo1    D  Capture frame analyzed: energy=0.0, timestamp=280950467246, frame=320
2025-08-15 22:05:59.022 26704-26808 MainActivity            cn.watchfun.android_use_cpp_demo1    D  å¼€å§‹å¤„ç†TTS chunk 346: å¤§å°=960 bytes (0.0ç§’)
2025-08-15 22:05:59.023 26704-26808 MainActivity            cn.watchfun.android_use_cpp_demo1    D  PCMåŸå§‹æ•°æ®èƒ½é‡æ£€æŸ¥: å‰100å­—èŠ‚èƒ½é‡=3566
2025-08-15 22:05:59.023 26704-26808 MainActivity            cn.watchfun.android_use_cpp_demo1    D  Chunk 346è½¬æ¢ä¸ºæµ®ç‚¹æ•°ç»„: 480 samples
2025-08-15 22:05:59.023 26704-26808 MainActivity            cn.watchfun.android_use_cpp_demo1    D  æµ®ç‚¹è½¬æ¢åèƒ½é‡æ£€æŸ¥: å‰100æ ·æœ¬èƒ½é‡=107711
2025-08-15 22:05:59.023 26704-26808 MainActivity            cn.watchfun.android_use_cpp_demo1    D  TTSå¸§ç¼“å†²: å¸§èƒ½é‡=411044, ç¼“å†²åŒºå¤§å°=21
2025-08-15 22:05:59.023 26704-26808 MainActivity            cn.watchfun.android_use_cpp_demo1    D  Chunk 346: ç¼“å­˜1ä¸ªTTSå¸§ç”¨äºåŒæ­¥AECå¤„ç†
2025-08-15 22:05:59.024 26704-26812 MainActivity            cn.watchfun.android_use_cpp_demo1    V  éº¦å…‹é£å¸§å¤„ç†: frame=320, èƒ½é‡=26270, å¤„ç†æ—¶é—´=7ms
2025-08-15 22:05:59.024 26704-26812 MainActivity            cn.watchfun.android_use_cpp_demo1    D  AEC3å¤„ç†æˆåŠŸ - å¸§320: ERLE=3.7dB, ERL=5.0dB, å»¶è¿Ÿ=52ms, å¤„ç†è€—æ—¶=7ms
2025-08-15 22:05:59.025 26704-26812 MainActivity            cn.watchfun.android_use_cpp_demo1    W  AEC3æ€§èƒ½è¾ƒä½: ERLE=3.7dB (å»ºè®®>10dB)
2025-08-15 22:05:59.025 26704-26812 MainActivity            cn.watchfun.android_use_cpp_demo1    W  â° éº¦å…‹é£bufferå¤„ç†è€—æ—¶è¾ƒé•¿: 32ms
2025-08-15 22:05:59.034 26704-26808 MainActivity            cn.watchfun.android_use_cpp_demo1    D  æ’­æ”¾chunk 346: 960/960 bytes, è€—æ—¶10ms (é›¶å¹²é¢„æ’­æ”¾æ³•)
2025-08-15 22:05:59.034 26704-26812 WQAEC_Config            cn.watchfun.android_use_cpp_demo1    D  Reference frame analyzed: energy=16.0, timestamp=280950483674
2025-08-15 22:05:59.034 26704-26808 MainActivity            cn.watchfun.android_use_cpp_demo1    D  å¼€å§‹å¤„ç†TTS chunk 347: å¤§å°=960 bytes (0.0ç§’)
2025-08-15 22:05:59.034 26704-26808 MainActivity            cn.watchfun.android_use_cpp_demo1    D  PCMåŸå§‹æ•°æ®èƒ½é‡æ£€æŸ¥: å‰100å­—èŠ‚èƒ½é‡=3712
2025-08-15 22:05:59.034 26704-26812 MainActivity            cn.watchfun.android_use_cpp_demo1    V  ğŸ¯ æ—¶åºåŒæ­¥TTSå‚è€ƒ: frame=321, èƒ½é‡=2556032, ç¼“å†²åŒº=20, æ¼‚ç§»=0ms
2025-08-15 22:05:59.034 26704-26808 MainActivity            cn.watchfun.android_use_cpp_demo1    D  Chunk 347è½¬æ¢ä¸ºæµ®ç‚¹æ•°ç»„: 480 samples
2025-08-15 22:05:59.035 26704-26808 MainActivity            cn.watchfun.android_use_cpp_demo1    D  æµ®ç‚¹è½¬æ¢åèƒ½é‡æ£€æŸ¥: å‰100æ ·æœ¬èƒ½é‡=76329
2025-08-15 22:05:59.035 26704-26808 MainActivity            cn.watchfun.android_use_cpp_demo1    D  TTSå¸§ç¼“å†²: å¸§èƒ½é‡=321611, ç¼“å†²åŒºå¤§å°=21
2025-08-15 22:05:59.035 26704-26808 MainActivity            cn.watchfun.android_use_cpp_demo1    D  Chunk 347: ç¼“å­˜1ä¸ªTTSå¸§ç”¨äºåŒæ­¥AECå¤„ç†
2025-08-15 22:05:59.039 26704-26812 WQAEC_Config            cn.watchfun.android_use_cpp_demo1    D  Capture frame analyzed: energy=0.0, timestamp=280950484351, frame=321
2025-08-15 22:05:59.041 26704-26812 MainActivity            cn.watchfun.android_use_cpp_demo1    V  éº¦å…‹é£å¸§å¤„ç†: frame=321, èƒ½é‡=26733, å¤„ç†æ—¶é—´=6ms
2025-08-15 22:05:59.041 26704-26812 MainActivity            cn.watchfun.android_use_cpp_demo1    D  AEC3å¤„ç†æˆåŠŸ - å¸§321: ERLE=3.7dB, ERL=5.0dB, å»¶è¿Ÿ=52ms, å¤„ç†è€—æ—¶=6ms
2025-08-15 22:05:59.041 26704-26812 MainActivity            cn.watchfun.android_use_cpp_demo1    W  AEC3æ€§èƒ½è¾ƒä½: ERLE=3.7dB (å»ºè®®>10dB)
2025-08-15 22:05:59.042 26704-26812 WQAEC_Config            cn.watchfun.android_use_cpp_demo1    D  Reference frame analyzed: energy=21.5, timestamp=280950491563
2025-08-15 22:05:59.042 26704-26812 MainActivity            cn.watchfun.android_use_cpp_demo1    V  ğŸ¯ æ—¶åºåŒæ­¥TTSå‚è€ƒ: frame=322, èƒ½é‡=2865671, ç¼“å†²åŒº=20, æ¼‚ç§»=1ms
2025-08-15 22:05:59.042 26704-26808 MainActivity            cn.watchfun.android_use_cpp_demo1    D  æ’­æ”¾chunk 347: 960/960 bytes, è€—æ—¶7ms (é›¶å¹²é¢„æ’­æ”¾æ³•)
2025-08-15 22:05:59.042 26704-26808 MainActivity            cn.watchfun.android_use_cpp_demo1    D  å¼€å§‹å¤„ç†TTS chunk 348: å¤§å°=960 bytes (0.0ç§’)
2025-08-15 22:05:59.043 26704-26808 MainActivity            cn.watchfun.android_use_cpp_demo1    D  PCMåŸå§‹æ•°æ®èƒ½é‡æ£€æŸ¥: å‰100å­—èŠ‚èƒ½é‡=3561
2025-08-15 22:05:59.043 26704-26808 MainActivity            cn.watchfun.android_use_cpp_demo1    D  Chunk 348è½¬æ¢ä¸ºæµ®ç‚¹æ•°ç»„: 480 samples
2025-08-15 22:05:59.043 26704-26808 MainActivity            cn.watchfun.android_use_cpp_demo1    D  æµ®ç‚¹è½¬æ¢åèƒ½é‡æ£€æŸ¥: å‰100æ ·æœ¬èƒ½é‡=133526
2025-08-15 22:05:59.043 26704-26808 MainActivity            cn.watchfun.android_use_cpp_demo1    D  TTSå¸§ç¼“å†²: å¸§èƒ½é‡=662305, ç¼“å†²åŒºå¤§å°=21
2025-08-15 22:05:59.043 26704-26808 MainActivity            cn.watchfun.android_use_cpp_demo1    D  Chunk 348: ç¼“å­˜1ä¸ªTTSå¸§ç”¨äºåŒæ­¥AECå¤„ç†
2025-08-15 22:05:59.047 26704-26812 WQAEC_Config            cn.watchfun.android_use_cpp_demo1    D  Capture frame analyzed: energy=0.0, timestamp=280950492239, frame=322
2025-08-15 22:05:59.049 26704-26812 MainActivity            cn.watchfun.android_use_cpp_demo1    V  éº¦å…‹é£å¸§å¤„ç†: frame=322, èƒ½é‡=21711, å¤„ç†æ—¶é—´=7ms
2025-08-15 22:05:59.049 26704-26812 MainActivity            cn.watchfun.android_use_cpp_demo1    D  AEC3å¤„ç†æˆåŠŸ - å¸§322: ERLE=3.7dB, ERL=5.0dB, å»¶è¿Ÿ=52ms, å¤„ç†è€—æ—¶=7ms
2025-08-15 22:05:59.050 26704-26812 MainActivity            cn.watchfun.android_use_cpp_demo1    W  AEC3æ€§èƒ½è¾ƒä½: ERLE=3.7dB (å»ºè®®>10dB)
2025-08-15 22:05:59.050 26704-26812 WQAEC_Config            cn.watchfun.android_use_cpp_demo1    D  Reference frame analyzed: energy=28.8, timestamp=280950499855
2025-08-15 22:05:59.050 26704-26812 MainActivity            cn.watchfun.android_use_cpp_demo1    V  ğŸ¯ æ—¶åºåŒæ­¥TTSå‚è€ƒ: frame=323, èƒ½é‡=3093881, ç¼“å†²åŒº=20, æ¼‚ç§»=0ms
2025-08-15 22:05:59.054 26704-26808 MainActivity            cn.watchfun.android_use_cpp_demo1    D  æ’­æ”¾chunk 348: 960/960 bytes, è€—æ—¶10ms (é›¶å¹²é¢„æ’­æ”¾æ³•)
2025-08-15 22:05:59.054 26704-26808 MainActivity            cn.watchfun.android_use_cpp_demo1    D  å¼€å§‹å¤„ç†TTS chunk 349: å¤§å°=960 bytes (0.0ç§’)
2025-08-15 22:05:59.055 26704-26808 MainActivity            cn.watchfun.android_use_cpp_demo1    D  PCMåŸå§‹æ•°æ®èƒ½é‡æ£€æŸ¥: å‰100å­—èŠ‚èƒ½é‡=3600
2025-08-15 22:05:59.055 26704-26808 MainActivity            cn.watchfun.android_use_cpp_demo1    D  Chunk 349è½¬æ¢ä¸ºæµ®ç‚¹æ•°ç»„: 480 samples
2025-08-15 22:05:59.055 26704-26808 MainActivity            cn.watchfun.android_use_cpp_demo1    D  æµ®ç‚¹è½¬æ¢åèƒ½é‡æ£€æŸ¥: å‰100æ ·æœ¬èƒ½é‡=233294
2025-08-15 22:05:59.055 26704-26808 MainActivity            cn.watchfun.android_use_cpp_demo1    D  TTSå¸§ç¼“å†²: å¸§èƒ½é‡=1083171, ç¼“å†²åŒºå¤§å°=21
2025-08-15 22:05:59.055 26704-26808 MainActivity            cn.watchfun.android_use_cpp_demo1    D  Chunk 349: ç¼“å­˜1ä¸ªTTSå¸§ç”¨äºåŒæ­¥AECå¤„ç†
2025-08-15 22:05:59.056 26704-26812 WQAEC_Config            cn.watchfun.android_use_cpp_demo1    D  Capture frame analyzed: energy=0.0, timestamp=280950500447, frame=323
2025-08-15 22:05:59.057 26704-26812 MainActivity            cn.watchfun.android_use_cpp_demo1    V  éº¦å…‹é£å¸§å¤„ç†: frame=323, èƒ½é‡=61041, å¤„ç†æ—¶é—´=7ms
2025-08-15 22:05:59.057 26704-26812 MainActivity            cn.watchfun.android_use_cpp_demo1    D  AEC3å¤„ç†æˆåŠŸ - å¸§323: ERLE=4.0dB, ERL=5.0dB, å»¶è¿Ÿ=52ms, å¤„ç†è€—æ—¶=7ms
2025-08-15 22:05:59.058 26704-26812 MainActivity            cn.watchfun.android_use_cpp_demo1    W  AEC3æ€§èƒ½è¾ƒä½: ERLE=4.0dB (å»ºè®®>10dB)
2025-08-15 22:05:59.058 26704-26812 WQAEC_Config            cn.watchfun.android_use_cpp_demo1    D  Reference frame analyzed: energy=40.1, timestamp=280950507873
2025-08-15 22:05:59.058 26704-26812 MainActivity            cn.watchfun.android_use_cpp_demo1    V  ğŸ¯ æ—¶åºåŒæ­¥TTSå‚è€ƒ: frame=324, èƒ½é‡=3895369, ç¼“å†²åŒº=20, æ¼‚ç§»=0ms
2025-08-15 22:05:59.062 26704-26808 MainActivity            cn.watchfun.android_use_cpp_demo1    D  æ’­æ”¾chunk 349: 960/960 bytes, è€—æ—¶7ms (é›¶å¹²é¢„æ’­æ”¾æ³•)
2025-08-15 22:05:59.062 26704-26808 MainActivity            cn.watchfun.android_use_cpp_demo1    D  å¼€å§‹å¤„ç†TTS chunk 350: å¤§å°=960 bytes (0.0ç§’)
2025-08-15 22:05:59.063 26704-26808 MainActivity            cn.watchfun.android_use_cpp_demo1    D  PCMåŸå§‹æ•°æ®èƒ½é‡æ£€æŸ¥: å‰100å­—èŠ‚èƒ½é‡=3659
2025-08-15 22:05:59.063 26704-26808 MainActivity            cn.watchfun.android_use_cpp_demo1    D  Chunk 350è½¬æ¢ä¸ºæµ®ç‚¹æ•°ç»„: 480 samples
2025-08-15 22:05:59.063 26704-26808 MainActivity            cn.watchfun.android_use_cpp_demo1    D  æµ®ç‚¹è½¬æ¢åèƒ½é‡æ£€æŸ¥: å‰100æ ·æœ¬èƒ½é‡=302325
2025-08-15 22:05:59.063 26704-26808 MainActivity            cn.watchfun.android_use_cpp_demo1    D  TTSå¸§ç¼“å†²: å¸§èƒ½é‡=1547308, ç¼“å†²åŒºå¤§å°=21
2025-08-15 22:05:59.063 26704-26808 MainActivity            cn.watchfun.android_use_cpp_demo1    D  Chunk 350: ç¼“å­˜1ä¸ªTTSå¸§ç”¨äºåŒæ­¥AECå¤„ç†
2025-08-15 22:05:59.064 26704-26812 WQAEC_Config            cn.watchfun.android_use_cpp_demo1    D  Capture frame analyzed: energy=0.3, timestamp=280950508423, frame=324
2025-08-15 22:05:59.065 26704-26812 MainActivity            cn.watchfun.android_use_cpp_demo1    V  éº¦å…‹é£å¸§å¤„ç†: frame=324, èƒ½é‡=251828, å¤„ç†æ—¶é—´=7ms
2025-08-15 22:05:59.066 26704-26812 MainActivity            cn.watchfun.android_use_cpp_demo1    D  AEC3å¤„ç†æˆåŠŸ - å¸§324: ERLE=4.0dB, ERL=5.8dB, å»¶è¿Ÿ=52ms, å¤„ç†è€—æ—¶=7ms
2025-08-15 22:05:59.066 26704-26812 MainActivity            cn.watchfun.android_use_cpp_demo1    W  AEC3æ€§èƒ½è¾ƒä½: ERLE=4.0dB (å»ºè®®>10dB)
2025-08-15 22:05:59.066 26704-26812 MainActivity            cn.watchfun.android_use_cpp_demo1    W  â° éº¦å…‹é£bufferå¤„ç†è€—æ—¶è¾ƒé•¿: 32ms
2025-08-15 22:05:59.074 26704-26808 MainActivity            cn.watchfun.android_use_cpp_demo1    D  æ’­æ”¾chunk 350: 960/960 bytes, è€—æ—¶11ms (é›¶å¹²é¢„æ’­æ”¾æ³•)
2025-08-15 22:05:59.074 26704-26812 WQAEC_Config            cn.watchfun.android_use_cpp_demo1    D  Reference frame analyzed: energy=34.2, timestamp=280950524169
2025-08-15 22:05:59.074 26704-26808 MainActivity            cn.watchfun.android_use_cpp_demo1    D  å¼€å§‹å¤„ç†TTS chunk 351: å¤§å°=960 bytes (0.0ç§’)
2025-08-15 22:05:59.074 26704-26808 MainActivity            cn.watchfun.android_use_cpp_demo1    D  PCMåŸå§‹æ•°æ®èƒ½é‡æ£€æŸ¥: å‰100å­—èŠ‚èƒ½é‡=3864
2025-08-15 22:05:59.075 26704-26812 MainActivity            cn.watchfun.android_use_cpp_demo1    V  ğŸ¯ æ—¶åºåŒæ­¥TTSå‚è€ƒ: frame=325, èƒ½é‡=3693996, ç¼“å†²åŒº=20, æ¼‚ç§»=0ms
2025-08-15 22:05:59.075 26704-26808 MainActivity            cn.watchfun.android_use_cpp_demo1    D  Chunk 351è½¬æ¢ä¸ºæµ®ç‚¹æ•°ç»„: 480 samples
2025-08-15 22:05:59.075 26704-26808 MainActivity            cn.watchfun.android_use_cpp_demo1    D  æµ®ç‚¹è½¬æ¢åèƒ½é‡æ£€æŸ¥: å‰100æ ·æœ¬èƒ½é‡=282280
2025-08-15 22:05:59.075 26704-26808 MainActivity            cn.watchfun.android_use_cpp_demo1    D  TTSå¸§ç¼“å†²: å¸§èƒ½é‡=1868270, ç¼“å†²åŒºå¤§å°=21
2025-08-15 22:05:59.075 26704-26808 MainActivity            cn.watchfun.android_use_cpp_demo1    D  Chunk 351: ç¼“å­˜1ä¸ªTTSå¸§ç”¨äºåŒæ­¥AECå¤„ç†
2025-08-15 22:05:59.080 26704-26812 WQAEC_Config            cn.watchfun.android_use_cpp_demo1    D  Capture frame analyzed: energy=1.5, timestamp=280950524733, frame=325
2025-08-15 22:05:59.081 26704-26812 MainActivity            cn.watchfun.android_use_cpp_demo1    V  éº¦å…‹é£å¸§å¤„ç†: frame=325, èƒ½é‡=680731, å¤„ç†æ—¶é—´=6ms
2025-08-15 22:05:59.081 26704-26812 MainActivity            cn.watchfun.android_use_cpp_demo1    W  ğŸ“Š AEC3çŠ¶æ€æŠ¥å‘Š - å¸§325:
2025-08-15 22:05:59.082 26704-26812 MainActivity            cn.watchfun.android_use_cpp_demo1    W    ğŸ”Š æ€§èƒ½: ERLE=4.0dB (ç›®æ ‡>5dB), ERL=6.7dB, AEC3æ£€æµ‹å»¶è¿Ÿ=52ms
2025-08-15 22:05:59.082 26704-26812 MainActivity            cn.watchfun.android_use_cpp_demo1    W    âš™ï¸  ç³»ç»Ÿ: è®¾ç½®å»¶è¿Ÿ=46ms, èƒ½é‡æ¯”=8.5 (TTS/Mic), æ—¶åºæ¼‚ç§»=0ms
2025-08-15 22:05:59.082 26704-26808 MainActivity            cn.watchfun.android_use_cpp_demo1    D  æ’­æ”¾chunk 351: 960/960 bytes, è€—æ—¶7ms (é›¶å¹²é¢„æ’­æ”¾æ³•)
2025-08-15 22:05:59.082 26704-26812 MainActivity            cn.watchfun.android_use_cpp_demo1    W    ğŸ“ˆ å¸§ç»Ÿè®¡: TTS=325, éº¦å…‹é£=325, ç¼ºå¤±=0 (0.0%)
2025-08-15 22:05:59.082 26704-26812 MainActivity            cn.watchfun.android_use_cpp_demo1    W    ğŸ”„ ç¼“å†²åŒº: å¤§å°=20, å†…å­˜ä½¿ç”¨=0MB
2025-08-15 22:05:59.083 26704-26812 MainActivity            cn.watchfun.android_use_cpp_demo1    D  AEC3å¤„ç†æˆåŠŸ - å¸§325: ERLE=4.0dB, ERL=6.7dB, å»¶è¿Ÿ=52ms, å¤„ç†è€—æ—¶=6ms
2025-08-15 22:05:59.083 26704-26812 MainActivity            cn.watchfun.android_use_cpp_demo1    W  AEC3æ€§èƒ½è¾ƒä½: ERLE=4.0dB (å»ºè®®>10dB)
2025-08-15 22:05:59.083 26704-26812 WQAEC_Config            cn.watchfun.android_use_cpp_demo1    D  Reference frame analyzed: energy=22.0, timestamp=280950532945
2025-08-15 22:05:59.083 26704-26812 MainActivity            cn.watchfun.android_use_cpp_demo1    V  ğŸ¯ æ—¶åºåŒæ­¥TTSå‚è€ƒ: frame=326, èƒ½é‡=2912109, ç¼“å†²åŒº=20, æ¼‚ç§»=0ms
2025-08-15 22:05:59.086 26704-26808 MainActivity            cn.watchfun.android_use_cpp_demo1    D  å¼€å§‹å¤„ç†TTS chunk 352: å¤§å°=960 bytes (0.0ç§’)
2025-08-15 22:05:59.086 26704-26808 MainActivity            cn.watchfun.android_use_cpp_demo1    D  PCMåŸå§‹æ•°æ®èƒ½é‡æ£€æŸ¥: å‰100å­—èŠ‚èƒ½é‡=3474
2025-08-15 22:05:59.088 26704-26808 MainActivity            cn.watchfun.android_use_cpp_demo1    D  Chunk 352è½¬æ¢ä¸ºæµ®ç‚¹æ•°ç»„: 480 samples
2025-08-15 22:05:59.088 26704-26808 MainActivity            cn.watchfun.android_use_cpp_demo1    D  æµ®ç‚¹è½¬æ¢åèƒ½é‡æ£€æŸ¥: å‰100æ ·æœ¬èƒ½é‡=374253
2025-08-15 22:05:59.089 26704-26812 WQAEC_Config            cn.watchfun.android_use_cpp_demo1    D  Capture frame analyzed: energy=3.2, timestamp=280950533474, frame=326
2025-08-15 22:05:59.089 26704-26808 MainActivity            cn.watchfun.android_use_cpp_demo1    D  TTSå¸§ç¼“å†²: å¸§èƒ½é‡=1983285, ç¼“å†²åŒºå¤§å°=21
2025-08-15 22:05:59.090 26704-26812 MainActivity            cn.watchfun.android_use_cpp_demo1    V  éº¦å…‹é£å¸§å¤„ç†: frame=326, èƒ½é‡=1103193, å¤„ç†æ—¶é—´=7ms
2025-08-15 22:05:59.091 26704-26812 MainActivity            cn.watchfun.android_use_cpp_demo1    D  AEC3å¤„ç†æˆåŠŸ - å¸§326: ERLE=4.5dB, ERL=7.5dB, å»¶è¿Ÿ=52ms, å¤„ç†è€—æ—¶=7ms
2025-08-15 22:05:59.091 26704-26812 MainActivity            cn.watchfun.android_use_cpp_demo1    W  AEC3æ€§èƒ½è¾ƒä½: ERLE=4.5dB (å»ºè®®>10dB)
2025-08-15 22:05:59.091 26704-26812 WQAEC_Config            cn.watchfun.android_use_cpp_demo1    D  Reference frame analyzed: energy=21.4, timestamp=280950541031
2025-08-15 22:05:59.091 26704-26808 MainActivity            cn.watchfun.android_use_cpp_demo1    D  Chunk 352: ç¼“å­˜1ä¸ªTTSå¸§ç”¨äºåŒæ­¥AECå¤„ç†
2025-08-15 22:05:59.091 26704-26812 MainActivity            cn.watchfun.android_use_cpp_demo1    V  ğŸ¯ æ—¶åºåŒæ­¥TTSå‚è€ƒ: frame=327, èƒ½é‡=2776785, ç¼“å†²åŒº=20, æ¼‚ç§»=0ms
2025-08-15 22:05:59.094 26704-26808 MainActivity            cn.watchfun.android_use_cpp_demo1    D  æ’­æ”¾chunk 352: 960/960 bytes, è€—æ—¶3ms (é›¶å¹²é¢„æ’­æ”¾æ³•)
2025-08-15 22:05:59.095 26704-26808 MainActivity            cn.watchfun.android_use_cpp_demo1    D  å¼€å§‹å¤„ç†TTS chunk 353: å¤§å°=960 bytes (0.0ç§’)
2025-08-15 22:05:59.095 26704-26808 MainActivity            cn.watchfun.android_use_cpp_demo1    D  PCMåŸå§‹æ•°æ®èƒ½é‡æ£€æŸ¥: å‰100å­—èŠ‚èƒ½é‡=4109
2025-08-15 22:05:59.095 26704-26808 MainActivity            cn.watchfun.android_use_cpp_demo1    D  Chunk 353è½¬æ¢ä¸ºæµ®ç‚¹æ•°ç»„: 480 samples
2025-08-15 22:05:59.095 26704-26808 MainActivity            cn.watchfun.android_use_cpp_demo1    D  æµ®ç‚¹è½¬æ¢åèƒ½é‡æ£€æŸ¥: å‰100æ ·æœ¬èƒ½é‡=501050
2025-08-15 22:05:59.095 26704-26808 MainActivity            cn.watchfun.android_use_cpp_demo1    D  TTSå¸§ç¼“å†²: å¸§èƒ½é‡=2200378, ç¼“å†²åŒºå¤§å°=21
2025-08-15 22:05:59.096 26704-26808 MainActivity            cn.watchfun.android_use_cpp_demo1    D  Chunk 353: ç¼“å­˜1ä¸ªTTSå¸§ç”¨äºåŒæ­¥AECå¤„ç†
2025-08-15 22:05:59.097 26704-26812 WQAEC_Config            cn.watchfun.android_use_cpp_demo1    D  Capture frame analyzed: energy=3.7, timestamp=280950541547, frame=327
2025-08-15 22:05:59.098 26704-26812 MainActivity            cn.watchfun.android_use_cpp_demo1    V  éº¦å…‹é£å¸§å¤„ç†: frame=327, èƒ½é‡=1207436, å¤„ç†æ—¶é—´=7ms
2025-08-15 22:05:59.098 26704-26812 MainActivity            cn.watchfun.android_use_cpp_demo1    D  AEC3å¤„ç†æˆåŠŸ - å¸§327: ERLE=4.5dB, ERL=7.8dB, å»¶è¿Ÿ=52ms, å¤„ç†è€—æ—¶=7ms
2025-08-15 22:05:59.099 26704-26812 MainActivity            cn.watchfun.android_use_cpp_demo1    W  AEC3æ€§èƒ½è¾ƒä½: ERLE=4.5dB (å»ºè®®>10dB)
2025-08-15 22:05:59.099 26704-26812 WQAEC_Config            cn.watchfun.android_use_cpp_demo1    D  Reference frame analyzed: energy=14.9, timestamp=280950548856
2025-08-15 22:05:59.099 26704-26812 MainActivity            cn.watchfun.android_use_cpp_demo1    V  ğŸ¯ æ—¶åºåŒæ­¥TTSå‚è€ƒ: frame=328, èƒ½é‡=2241922, ç¼“å†²åŒº=20, æ¼‚ç§»=0ms
2025-08-15 22:05:59.102 26704-26808 MainActivity            cn.watchfun.android_use_cpp_demo1    D  æ’­æ”¾chunk 353: 960/960 bytes, è€—æ—¶5ms (é›¶å¹²é¢„æ’­æ”¾æ³•)
2025-08-15 22:05:59.102 26704-26808 MainActivity            cn.watchfun.android_use_cpp_demo1    D  å¼€å§‹å¤„ç†TTS chunk 354: å¤§å°=960 bytes (0.0ç§’)
2025-08-15 22:05:59.102 26704-26808 MainActivity            cn.watchfun.android_use_cpp_demo1    D  PCMåŸå§‹æ•°æ®èƒ½é‡æ£€æŸ¥: å‰100å­—èŠ‚èƒ½é‡=4560
2025-08-15 22:05:59.103 26704-26808 MainActivity            cn.watchfun.android_use_cpp_demo1    D  Chunk 354è½¬æ¢ä¸ºæµ®ç‚¹æ•°ç»„: 480 samples
2025-08-15 22:05:59.103 26704-26808 MainActivity            cn.watchfun.android_use_cpp_demo1    D  æµ®ç‚¹è½¬æ¢åèƒ½é‡æ£€æŸ¥: å‰100æ ·æœ¬èƒ½é‡=806202
2025-08-15 22:05:59.103 26704-26808 MainActivity            cn.watchfun.android_use_cpp_demo1    D  TTSå¸§ç¼“å†²: å¸§èƒ½é‡=3746561, ç¼“å†²åŒºå¤§å°=21
2025-08-15 22:05:59.103 26704-26808 MainActivity            cn.watchfun.android_use_cpp_demo1    D  Chunk 354: ç¼“å­˜1ä¸ªTTSå¸§ç”¨äºåŒæ­¥AECå¤„ç†
2025-08-15 22:05:59.104 26704-26812 WQAEC_Config            cn.watchfun.android_use_cpp_demo1    D  Capture frame analyzed: energy=5.7, timestamp=280950549419, frame=328
2025-08-15 22:05:59.106 26704-26812 MainActivity            cn.watchfun.android_use_cpp_demo1    V  éº¦å…‹é£å¸§å¤„ç†: frame=328, èƒ½é‡=1482958, å¤„ç†æ—¶é—´=7ms
2025-08-15 22:05:59.107 26704-26812 MainActivity            cn.watchfun.android_use_cpp_demo1    D  AEC3å¤„ç†æˆåŠŸ - å¸§328: ERLE=5.1dB, ERL=8.1dB, å»¶è¿Ÿ=52ms, å¤„ç†è€—æ—¶=7ms
2025-08-15 22:05:59.107 26704-26812 MainActivity            cn.watchfun.android_use_cpp_demo1    W  â° éº¦å…‹é£bufferå¤„ç†è€—æ—¶è¾ƒé•¿: 33ms
2025-08-15 22:05:59.114 26704-26812 WQAEC_Config            cn.watchfun.android_use_cpp_demo1    D  Reference frame analyzed: energy=6.2, timestamp=280950563681
2025-08-15 22:05:59.114 26704-26808 MainActivity            cn.watchfun.android_use_cpp_demo1    D  æ’­æ”¾chunk 354: 960/960 bytes, è€—æ—¶10ms (é›¶å¹²é¢„æ’­æ”¾æ³•)
2025-08-15 22:05:59.114 26704-26812 MainActivity            cn.watchfun.android_use_cpp_demo1    V  ğŸ¯ æ—¶åºåŒæ­¥TTSå‚è€ƒ: frame=329, èƒ½é‡=1456605, ç¼“å†²åŒº=20, æ¼‚ç§»=0ms
2025-08-15 22:05:59.115 26704-26808 MainActivity            cn.watchfun.android_use_cpp_demo1    D  å¼€å§‹å¤„ç†TTS chunk 355: å¤§å°=960 bytes (0.0ç§’)
2025-08-15 22:05:59.115 26704-26808 MainActivity            cn.watchfun.android_use_cpp_demo1    D  PCMåŸå§‹æ•°æ®èƒ½é‡æ£€æŸ¥: å‰100å­—èŠ‚èƒ½é‡=4074
2025-08-15 22:05:59.115 26704-26808 MainActivity            cn.watchfun.android_use_cpp_demo1    D  Chunk 355è½¬æ¢ä¸ºæµ®ç‚¹æ•°ç»„: 480 samples
2025-08-15 22:05:59.115 26704-26808 MainActivity            cn.watchfun.android_use_cpp_demo1    D  æµ®ç‚¹è½¬æ¢åèƒ½é‡æ£€æŸ¥: å‰100æ ·æœ¬èƒ½é‡=470219
2025-08-15 22:05:59.115 26704-26808 MainActivity            cn.watchfun.android_use_cpp_demo1    D  TTSå¸§ç¼“å†²: å¸§èƒ½é‡=1571309, ç¼“å†²åŒºå¤§å°=21
2025-08-15 22:05:59.116 26704-26808 MainActivity            cn.watchfun.android_use_cpp_demo1    D  Chunk 355: ç¼“å­˜1ä¸ªTTSå¸§ç”¨äºåŒæ­¥AECå¤„ç†
2025-08-15 22:05:59.121 26704-26812 WQAEC_Config            cn.watchfun.android_use_cpp_demo1    D  Capture frame analyzed: energy=9.1, timestamp=280950564562, frame=329
2025-08-15 22:05:59.122 26704-26808 MainActivity            cn.watchfun.android_use_cpp_demo1    D  æ’­æ”¾chunk 355: 960/960 bytes, è€—æ—¶5ms (é›¶å¹²é¢„æ’­æ”¾æ³•)
2025-08-15 22:05:59.122 26704-26808 MainActivity            cn.watchfun.android_use_cpp_demo1    D  å¼€å§‹å¤„ç†TTS chunk 356: å¤§å°=960 bytes (0.0ç§’)
2025-08-15 22:05:59.122 26704-26808 MainActivity            cn.watchfun.android_use_cpp_demo1    D  PCMåŸå§‹æ•°æ®èƒ½é‡æ£€æŸ¥: å‰100å­—èŠ‚èƒ½é‡=3760
2025-08-15 22:05:59.123 26704-26808 MainActivity            cn.watchfun.android_use_cpp_demo1    D  Chunk 356è½¬æ¢ä¸ºæµ®ç‚¹æ•°ç»„: 480 samples
2025-08-15 22:05:59.123 26704-26808 MainActivity            cn.watchfun.android_use_cpp_demo1    D  æµ®ç‚¹è½¬æ¢åèƒ½é‡æ£€æŸ¥: å‰100æ ·æœ¬èƒ½é‡=387618
2025-08-15 22:05:59.123 26704-26808 MainActivity            cn.watchfun.android_use_cpp_demo1    D  TTSå¸§ç¼“å†²: å¸§èƒ½é‡=1677460, ç¼“å†²åŒºå¤§å°=22
2025-08-15 22:05:59.123 26704-26812 MainActivity            cn.watchfun.android_use_cpp_demo1    V  éº¦å…‹é£å¸§å¤„ç†: frame=329, èƒ½é‡=1848867, å¤„ç†æ—¶é—´=9ms
2025-08-15 22:05:59.123 26704-26808 MainActivity            cn.watchfun.android_use_cpp_demo1    D  Chunk 356: ç¼“å­˜1ä¸ªTTSå¸§ç”¨äºåŒæ­¥AECå¤„ç†
2025-08-15 22:05:59.124 26704-26812 MainActivity            cn.watchfun.android_use_cpp_demo1    D  AEC3å¤„ç†æˆåŠŸ - å¸§329: ERLE=5.1dB, ERL=8.2dB, å»¶è¿Ÿ=52ms, å¤„ç†è€—æ—¶=9ms
2025-08-15 22:05:59.124 26704-26812 WQAEC_Config            cn.watchfun.android_use_cpp_demo1    D  Reference frame analyzed: energy=6.4, timestamp=280950573764
2025-08-15 22:05:59.124 26704-26812 MainActivity            cn.watchfun.android_use_cpp_demo1    V  ğŸ¯ æ—¶åºåŒæ­¥TTSå‚è€ƒ: frame=330, èƒ½é‡=1559870, ç¼“å†²åŒº=21, æ¼‚ç§»=0ms
2025-08-15 22:05:59.131 26704-26812 WQAEC_Config            cn.watchfun.android_use_cpp_demo1    D  Capture frame analyzed: energy=10.9, timestamp=280950574581, frame=330
2025-08-15 22:05:59.132 26704-26812 MainActivity            cn.watchfun.android_use_cpp_demo1    V  éº¦å…‹é£å¸§å¤„ç†: frame=330, èƒ½é‡=2042101, å¤„ç†æ—¶é—´=7ms
2025-08-15 22:05:59.132 26704-26812 MainActivity            cn.watchfun.android_use_cpp_demo1    D  AEC3å¤„ç†æˆåŠŸ - å¸§330: ERLE=5.1dB, ERL=8.3dB, å»¶è¿Ÿ=52ms, å¤„ç†è€—æ—¶=7ms
2025-08-15 22:05:59.132 26704-26812 WQAEC_Config            cn.watchfun.android_use_cpp_demo1    D  Reference frame analyzed: energy=6.7, timestamp=280950582344
2025-08-15 22:05:59.133 26704-26812 MainActivity            cn.watchfun.android_use_cpp_demo1    V  ğŸ¯ æ—¶åºåŒæ­¥TTSå‚è€ƒ: frame=331, èƒ½é‡=1629696, ç¼“å†²åŒº=20, æ¼‚ç§»=0ms
2025-08-15 22:05:59.134 26704-26808 MainActivity            cn.watchfun.android_use_cpp_demo1    D  æ’­æ”¾chunk 356: 960/960 bytes, è€—æ—¶11ms (é›¶å¹²é¢„æ’­æ”¾æ³•)
2025-08-15 22:05:59.135 26704-26808 MainActivity            cn.watchfun.android_use_cpp_demo1    D  å¼€å§‹å¤„ç†TTS chunk 357: å¤§å°=960 bytes (0.0ç§’)
2025-08-15 22:05:59.135 26704-26808 MainActivity            cn.watchfun.android_use_cpp_demo1    D  PCMåŸå§‹æ•°æ®èƒ½é‡æ£€æŸ¥: å‰100å­—èŠ‚èƒ½é‡=3774
2025-08-15 22:05:59.136 26704-26808 MainActivity            cn.watchfun.android_use_cpp_demo1    D  Chunk 357è½¬æ¢ä¸ºæµ®ç‚¹æ•°ç»„: 480 samples
2025-08-15 22:05:59.136 26704-26808 MainActivity            cn.watchfun.android_use_cpp_demo1    D  æµ®ç‚¹è½¬æ¢åèƒ½é‡æ£€æŸ¥: å‰100æ ·æœ¬èƒ½é‡=298969
2025-08-15 22:05:59.136 26704-26812 WQAEC_Config            cn.watchfun.android_use_cpp_demo1    D  Capture frame analyzed: energy=8.6, timestamp=280950582758, frame=331
2025-08-15 22:05:59.136 26704-26808 MainActivity            cn.watchfun.android_use_cpp_demo1    D  TTSå¸§ç¼“å†²: å¸§èƒ½é‡=1344367, ç¼“å†²åŒºå¤§å°=21
2025-08-15 22:05:59.136 26704-26808 MainActivity            cn.watchfun.android_use_cpp_demo1    D  Chunk 357: ç¼“å­˜1ä¸ªTTSå¸§ç”¨äºåŒæ­¥AECå¤„ç†
2025-08-15 22:05:59.137 26704-26812 MainActivity            cn.watchfun.android_use_cpp_demo1    V  éº¦å…‹é£å¸§å¤„ç†: frame=331, èƒ½é‡=1799138, å¤„ç†æ—¶é—´=4ms
2025-08-15 22:05:59.137 26704-26812 MainActivity            cn.watchfun.android_use_cpp_demo1    D  AEC3å¤„ç†æˆåŠŸ - å¸§331: ERLE=6.1dB, ERL=8.3dB, å»¶è¿Ÿ=52ms, å¤„ç†è€—æ—¶=4ms
2025-08-15 22:05:59.137 26704-26812 WQAEC_Config            cn.watchfun.android_use_cpp_demo1    D  Reference frame analyzed: energy=8.1, timestamp=280950587144
2025-08-15 22:05:59.137 26704-26812 MainActivity            cn.watchfun.android_use_cpp_demo1    V  ğŸ¯ æ—¶åºåŒæ­¥TTSå‚è€ƒ: frame=332, èƒ½é‡=1849012, ç¼“å†²åŒº=20, æ¼‚ç§»=0ms
2025-08-15 22:05:59.141 26704-26812 WQAEC_Config            cn.watchfun.android_use_cpp_demo1    D  Capture frame analyzed: energy=6.4, timestamp=280950587530, frame=332
2025-08-15 22:05:59.142 26704-26812 MainActivity            cn.watchfun.android_use_cpp_demo1    V  éº¦å…‹é£å¸§å¤„ç†: frame=332, èƒ½é‡=1494028, å¤„ç†æ—¶é—´=5ms
2025-08-15 22:05:59.143 26704-26812 MainActivity            cn.watchfun.android_use_cpp_demo1    D  AEC3å¤„ç†æˆåŠŸ - å¸§332: ERLE=6.1dB, ERL=8.4dB, å»¶è¿Ÿ=52ms, å¤„ç†è€—æ—¶=5ms
2025-08-15 22:05:59.143 26704-26808 MainActivity            cn.watchfun.android_use_cpp_demo1    D  æ’­æ”¾chunk 357: 960/960 bytes, è€—æ—¶6ms (é›¶å¹²é¢„æ’­æ”¾æ³•)
2025-08-15 22:05:59.143 26704-26812 MainActivity            cn.watchfun.android_use_cpp_demo1    W  â° éº¦å…‹é£bufferå¤„ç†è€—æ—¶è¾ƒé•¿: 29ms
2025-08-15 22:05:59.143 26704-26808 MainActivity            cn.watchfun.android_use_cpp_demo1    D  å¼€å§‹å¤„ç†TTS chunk 358: å¤§å°=960 bytes (0.0ç§’)
2025-08-15 22:05:59.144 26704-26808 MainActivity            cn.watchfun.android_use_cpp_demo1    D  PCMåŸå§‹æ•°æ®èƒ½é‡æ£€æŸ¥: å‰100å­—èŠ‚èƒ½é‡=3861
2025-08-15 22:05:59.144 26704-26808 MainActivity            cn.watchfun.android_use_cpp_demo1    D  Chunk 358è½¬æ¢ä¸ºæµ®ç‚¹æ•°ç»„: 480 samples
2025-08-15 22:05:59.144 26704-26808 MainActivity            cn.watchfun.android_use_cpp_demo1    D  æµ®ç‚¹è½¬æ¢åèƒ½é‡æ£€æŸ¥: å‰100æ ·æœ¬èƒ½é‡=427879
2025-08-15 22:05:59.145 26704-26808 MainActivity            cn.watchfun.android_use_cpp_demo1    D  TTSå¸§ç¼“å†²: å¸§èƒ½é‡=1289620, ç¼“å†²åŒºå¤§å°=21
2025-08-15 22:05:59.145 26704-26808 MainActivity            cn.watchfun.android_use_cpp_demo1    D  Chunk 358: ç¼“å­˜1ä¸ªTTSå¸§ç”¨äºåŒæ­¥AECå¤„ç†
2025-08-15 22:05:59.154 26704-26812 WQAEC_Config            cn.watchfun.android_use_cpp_demo1    D  Reference frame analyzed: energy=6.2, timestamp=280950603719
2025-08-15 22:05:59.154 26704-26812 MainActivity            cn.watchfun.android_use_cpp_demo1    V  ğŸ¯ æ—¶åºåŒæ­¥TTSå‚è€ƒ: frame=333, èƒ½é‡=1579443, ç¼“å†²åŒº=20, æ¼‚ç§»=0ms
2025-08-15 22:05:59.154 26704-26808 MainActivity            cn.watchfun.android_use_cpp_demo1    D  æ’­æ”¾chunk 358: 960/960 bytes, è€—æ—¶9ms (é›¶å¹²é¢„æ’­æ”¾æ³•)
2025-08-15 22:05:59.155 26704-26808 MainActivity            cn.watchfun.android_use_cpp_demo1    D  å¼€å§‹å¤„ç†TTS chunk 359: å¤§å°=960 bytes (0.0ç§’)
2025-08-15 22:05:59.156 26704-26808 MainActivity            cn.watchfun.android_use_cpp_demo1    D  PCMåŸå§‹æ•°æ®èƒ½é‡æ£€æŸ¥: å‰100å­—èŠ‚èƒ½é‡=3477
2025-08-15 22:05:59.156 26704-26808 MainActivity            cn.watchfun.android_use_cpp_demo1    D  Chunk 359è½¬æ¢ä¸ºæµ®ç‚¹æ•°ç»„: 480 samples
2025-08-15 22:05:59.157 26704-26808 MainActivity            cn.watchfun.android_use_cpp_demo1    D  æµ®ç‚¹è½¬æ¢åèƒ½é‡æ£€æŸ¥: å‰100æ ·æœ¬èƒ½é‡=106363
2025-08-15 22:05:59.157 26704-26808 MainActivity            cn.watchfun.android_use_cpp_demo1    D  TTSå¸§ç¼“å†²: å¸§èƒ½é‡=1093308, ç¼“å†²åŒºå¤§å°=21
2025-08-15 22:05:59.158 26704-26808 MainActivity            cn.watchfun.android_use_cpp_demo1    D  Chunk 359: ç¼“å­˜1ä¸ªTTSå¸§ç”¨äºåŒæ­¥AECå¤„ç†
2025-08-15 22:05:59.158 26704-26812 WQAEC_Config            cn.watchfun.android_use_cpp_demo1    D  Capture frame analyzed: energy=4.5, timestamp=280950604381, frame=333
2025-08-15 22:05:59.160 26704-26812 MainActivity            cn.watchfun.android_use_cpp_demo1    V  éº¦å…‹é£å¸§å¤„ç†: frame=333, èƒ½é‡=1252968, å¤„ç†æ—¶é—´=5ms
2025-08-15 22:05:59.160 26704-26812 MainActivity            cn.watchfun.android_use_cpp_demo1    D  AEC3å¤„ç†æˆåŠŸ - å¸§333: ERLE=6.2dB, ERL=8.5dB, å»¶è¿Ÿ=52ms, å¤„ç†è€—æ—¶=5ms
2025-08-15 22:05:59.160 26704-26812 WQAEC_Config            cn.watchfun.android_use_cpp_demo1    D  Reference frame analyzed: energy=4.1, timestamp=280950610163
2025-08-15 22:05:59.161 26704-26812 MainActivity            cn.watchfun.android_use_cpp_demo1    V  ğŸ¯ æ—¶åºåŒæ­¥TTSå‚è€ƒ: frame=334, èƒ½é‡=1282377, ç¼“å†²åŒº=20, æ¼‚ç§»=0ms
2025-08-15 22:05:59.163 26704-26808 MainActivity            cn.watchfun.android_use_cpp_demo1    D  æ’­æ”¾chunk 359: 960/960 bytes, è€—æ—¶4ms (é›¶å¹²é¢„æ’­æ”¾æ³•)
2025-08-15 22:05:59.164 26704-26808 MainActivity            cn.watchfun.android_use_cpp_demo1    D  å¼€å§‹å¤„ç†TTS chunk 360: å¤§å°=960 bytes (0.0ç§’)
2025-08-15 22:05:59.164 26704-26808 MainActivity            cn.watchfun.android_use_cpp_demo1    D  PCMåŸå§‹æ•°æ®èƒ½é‡æ£€æŸ¥: å‰100å­—èŠ‚èƒ½é‡=4205
2025-08-15 22:05:59.165 26704-26808 MainActivity            cn.watchfun.android_use_cpp_demo1    D  Chunk 360è½¬æ¢ä¸ºæµ®ç‚¹æ•°ç»„: 480 samples
2025-08-15 22:05:59.165 26704-26812 WQAEC_Config            cn.watchfun.android_use_cpp_demo1    D  Capture frame analyzed: energy=3.3, timestamp=280950610709, frame=334
2025-08-15 22:05:59.165 26704-26808 MainActivity            cn.watchfun.android_use_cpp_demo1    D  æµ®ç‚¹è½¬æ¢åèƒ½é‡æ£€æŸ¥: å‰100æ ·æœ¬èƒ½é‡=255919
2025-08-15 22:05:59.165 26704-26808 MainActivity            cn.watchfun.android_use_cpp_demo1    D  TTSå¸§ç¼“å†²: å¸§èƒ½é‡=790877, ç¼“å†²åŒºå¤§å°=21
2025-08-15 22:05:59.166 26704-26808 MainActivity            cn.watchfun.android_use_cpp_demo1    D  Chunk 360: ç¼“å­˜1ä¸ªTTSå¸§ç”¨äºåŒæ­¥AECå¤„ç†
2025-08-15 22:05:59.167 26704-26812 MainActivity            cn.watchfun.android_use_cpp_demo1    V  éº¦å…‹é£å¸§å¤„ç†: frame=334, èƒ½é‡=1055257, å¤„ç†æ—¶é—´=6ms
2025-08-15 22:05:59.167 26704-26812 MainActivity            cn.watchfun.android_use_cpp_demo1    D  AEC3å¤„ç†æˆåŠŸ - å¸§334: ERLE=6.2dB, ERL=8.5dB, å»¶è¿Ÿ=52ms, å¤„ç†è€—æ—¶=6ms
2025-08-15 22:05:59.167 26704-26812 WQAEC_Config            cn.watchfun.android_use_cpp_demo1    D  Reference frame analyzed: energy=2.2, timestamp=280950617437
2025-08-15 22:05:59.168 26704-26812 MainActivity            cn.watchfun.android_use_cpp_demo1    V  ğŸ¯ æ—¶åºåŒæ­¥TTSå‚è€ƒ: frame=335, èƒ½é‡=976405, ç¼“å†²åŒº=20, æ¼‚ç§»=0ms
2025-08-15 22:05:59.172 26704-26812 WQAEC_Config            cn.watchfun.android_use_cpp_demo1    D  Capture frame analyzed: energy=0.9, timestamp=280950617953, frame=335
2025-08-15 22:05:59.173 26704-26812 MainActivity            cn.watchfun.android_use_cpp_demo1    V  éº¦å…‹é£å¸§å¤„ç†: frame=335, èƒ½é‡=548305, å¤„ç†æ—¶é—´=5ms
2025-08-15 22:05:59.174 26704-26812 MainActivity            cn.watchfun.android_use_cpp_demo1    D  AEC3å¤„ç†æˆåŠŸ - å¸§335: ERLE=6.2dB, ERL=8.5dB, å»¶è¿Ÿ=52ms, å¤„ç†è€—æ—¶=5ms
2025-08-15 22:05:59.174 26704-26812 WQAEC_Config            cn.watchfun.android_use_cpp_demo1    D  Reference frame analyzed: energy=0.9, timestamp=280950623948
2025-08-15 22:05:59.174 26704-26812 MainActivity            cn.watchfun.android_use_cpp_demo1    V  ğŸ¯ æ—¶åºåŒæ­¥TTSå‚è€ƒ: frame=336, èƒ½é‡=586426, ç¼“å†²åŒº=19, æ¼‚ç§»=0ms
2025-08-15 22:05:59.175 26704-26808 MainActivity            cn.watchfun.android_use_cpp_demo1    D  æ’­æ”¾chunk 360: 960/960 bytes, è€—æ—¶8ms (é›¶å¹²é¢„æ’­æ”¾æ³•)
2025-08-15 22:05:59.175 26704-26808 MainActivity            cn.watchfun.android_use_cpp_demo1    D  å¼€å§‹å¤„ç†TTS chunk 361: å¤§å°=960 bytes (0.0ç§’)
2025-08-15 22:05:59.176 26704-26808 MainActivity            cn.watchfun.android_use_cpp_demo1    D  PCMåŸå§‹æ•°æ®èƒ½é‡æ£€æŸ¥: å‰100å­—èŠ‚èƒ½é‡=3535
2025-08-15 22:05:59.176 26704-26808 MainActivity            cn.watchfun.android_use_cpp_demo1    D  Chunk 361è½¬æ¢ä¸ºæµ®ç‚¹æ•°ç»„: 480 samples
2025-08-15 22:05:59.177 26704-26808 MainActivity            cn.watchfun.android_use_cpp_demo1    D  æµ®ç‚¹è½¬æ¢åèƒ½é‡æ£€æŸ¥: å‰100æ ·æœ¬èƒ½é‡=55135
2025-08-15 22:05:59.177 26704-26808 MainActivity            cn.watchfun.android_use_cpp_demo1    D  TTSå¸§ç¼“å†²: å¸§èƒ½é‡=1111451, ç¼“å†²åŒºå¤§å°=20
2025-08-15 22:05:59.177 26704-26808 MainActivity            cn.watchfun.android_use_cpp_demo1    D  Chunk 361: ç¼“å­˜1ä¸ªTTSå¸§ç”¨äºåŒæ­¥AECå¤„ç†
2025-08-15 22:05:59.179 26704-26812 WQAEC_Config            cn.watchfun.android_use_cpp_demo1    D  Capture frame analyzed: energy=0.2, timestamp=280950624588, frame=336
2025-08-15 22:05:59.180 26704-26812 MainActivity            cn.watchfun.android_use_cpp_demo1    V  éº¦å…‹é£å¸§å¤„ç†: frame=336, èƒ½é‡=216104, å¤„ç†æ—¶é—´=5ms
2025-08-15 22:05:59.180 26704-26812 MainActivity            cn.watchfun.android_use_cpp_demo1    D  AEC3å¤„ç†æˆåŠŸ - å¸§336: ERLE=6.2dB, ERL=9.6dB, å»¶è¿Ÿ=52ms, å¤„ç†è€—æ—¶=5ms
2025-08-15 22:05:59.181 26704-26812 MainActivity            cn.watchfun.android_use_cpp_demo1    W  â° éº¦å…‹é£bufferå¤„ç†è€—æ—¶è¾ƒé•¿: 27ms
2025-08-15 22:05:59.183 26704-26808 MainActivity            cn.watchfun.android_use_cpp_demo1    D  æ’­æ”¾chunk 361: 960/960 bytes, è€—æ—¶5ms (é›¶å¹²é¢„æ’­æ”¾æ³•)
2025-08-15 22:05:59.184 26704-26808 MainActivity            cn.watchfun.android_use_cpp_demo1    D  å¼€å§‹å¤„ç†TTS chunk 362: å¤§å°=960 bytes (0.0ç§’)
2025-08-15 22:05:59.184 26704-26808 MainActivity            cn.watchfun.android_use_cpp_demo1    D  PCMåŸå§‹æ•°æ®èƒ½é‡æ£€æŸ¥: å‰100å­—èŠ‚èƒ½é‡=3558
2025-08-15 22:05:59.185 26704-26808 MainActivity            cn.watchfun.android_use_cpp_demo1    D  Chunk 362è½¬æ¢ä¸ºæµ®ç‚¹æ•°ç»„: 480 samples
2025-08-15 22:05:59.185 26704-26808 MainActivity            cn.watchfun.android_use_cpp_demo1    D  æµ®ç‚¹è½¬æ¢åèƒ½é‡æ£€æŸ¥: å‰100æ ·æœ¬èƒ½é‡=291249
2025-08-15 22:05:59.185 26704-26808 MainActivity            cn.watchfun.android_use_cpp_demo1    D  TTSå¸§ç¼“å†²: å¸§èƒ½é‡=1896643, ç¼“å†²åŒºå¤§å°=21
2025-08-15 22:06:00.002 26704-26808 ratelimit               cn.watchfun.android_use_cpp_demo1    W  Single process limit 250/s drop 1011 lines.
2025-08-15 22:06:00.002 26704-26808 MainActivity            cn.watchfun.android_use_cpp_demo1    D  æ’­æ”¾chunk 443: 960/960 bytes, è€—æ—¶6ms (é›¶å¹²é¢„æ’­æ”¾æ³•)
2025-08-15 22:06:00.006 26704-26808 MainActivity            cn.watchfun.android_use_cpp_demo1    D  å¼€å§‹å¤„ç†TTS chunk 444: å¤§å°=960 bytes (0.0ç§’)
2025-08-15 22:06:00.007 26704-26808 MainActivity            cn.watchfun.android_use_cpp_demo1    D  PCMåŸå§‹æ•°æ®èƒ½é‡æ£€æŸ¥: å‰100å­—èŠ‚èƒ½é‡=3489
2025-08-15 22:06:00.007 26704-26808 MainActivity            cn.watchfun.android_use_cpp_demo1    D  Chunk 444è½¬æ¢ä¸ºæµ®ç‚¹æ•°ç»„: 480 samples
2025-08-15 22:06:00.007 26704-26808 MainActivity            cn.watchfun.android_use_cpp_demo1    D  æµ®ç‚¹è½¬æ¢åèƒ½é‡æ£€æŸ¥: å‰100æ ·æœ¬èƒ½é‡=51654
2025-08-15 22:06:00.007 26704-26808 MainActivity            cn.watchfun.android_use_cpp_demo1    D  TTSå¸§ç¼“å†²: å¸§èƒ½é‡=268651, ç¼“å†²åŒºå¤§å°=22
2025-08-15 22:06:00.008 26704-26808 MainActivity            cn.watchfun.android_use_cpp_demo1    D  Chunk 444: ç¼“å­˜1ä¸ªTTSå¸§ç”¨äºåŒæ­¥AECå¤„ç†
2025-08-15 22:06:00.011 26704-26812 WQAEC_Config            cn.watchfun.android_use_cpp_demo1    D  Capture frame analyzed: energy=0.0, timestamp=280951445395, frame=417
2025-08-15 22:06:00.012 26704-26812 MainActivity            cn.watchfun.android_use_cpp_demo1    V  éº¦å…‹é£å¸§å¤„ç†: frame=417, èƒ½é‡=94040, å¤„ç†æ—¶é—´=17ms
2025-08-15 22:06:00.013 26704-26812 MainActivity            cn.watchfun.android_use_cpp_demo1    D  AEC3å¤„ç†æˆåŠŸ - å¸§417: ERLE=6.2dB, ERL=14.4dB, å»¶è¿Ÿ=52ms, å¤„ç†è€—æ—¶=17ms
2025-08-15 22:06:00.014 26704-26812 WQAEC_Config            cn.watchfun.android_use_cpp_demo1    D  Reference frame analyzed: energy=35.1, timestamp=280951463589
2025-08-15 22:06:00.014 26704-26808 MainActivity            cn.watchfun.android_use_cpp_demo1    D  æ’­æ”¾chunk 444: 960/960 bytes, è€—æ—¶4ms (é›¶å¹²é¢„æ’­æ”¾æ³•)
2025-08-15 22:06:00.014 26704-26812 MainActivity            cn.watchfun.android_use_cpp_demo1    V  ğŸ¯ æ—¶åºåŒæ­¥TTSå‚è€ƒ: frame=418, èƒ½é‡=3468578, ç¼“å†²åŒº=21, æ¼‚ç§»=1ms
2025-08-15 22:06:00.015 26704-26808 MainActivity            cn.watchfun.android_use_cpp_demo1    D  å¼€å§‹å¤„ç†TTS chunk 445: å¤§å°=960 bytes (0.0ç§’)
2025-08-15 22:06:00.016 26704-26808 MainActivity            cn.watchfun.android_use_cpp_demo1    D  PCMåŸå§‹æ•°æ®èƒ½é‡æ£€æŸ¥: å‰100å­—èŠ‚èƒ½é‡=3108
2025-08-15 22:06:00.016 26704-26808 MainActivity            cn.watchfun.android_use_cpp_demo1    D  Chunk 445è½¬æ¢ä¸ºæµ®ç‚¹æ•°ç»„: 480 samples
2025-08-15 22:06:00.016 26704-26808 MainActivity            cn.watchfun.android_use_cpp_demo1    D  æµ®ç‚¹è½¬æ¢åèƒ½é‡æ£€æŸ¥: å‰100æ ·æœ¬èƒ½é‡=49330
2025-08-15 22:06:00.017 26704-26808 MainActivity            cn.watchfun.android_use_cpp_demo1    D  TTSå¸§ç¼“å†²: å¸§èƒ½é‡=212520, ç¼“å†²åŒºå¤§å°=22
2025-08-15 22:06:00.017 26704-26808 MainActivity            cn.watchfun.android_use_cpp_demo1    D  Chunk 445: ç¼“å­˜1ä¸ªTTSå¸§ç”¨äºåŒæ­¥AECå¤„ç†
2025-08-15 22:06:00.021 26704-26812 WQAEC_Config            cn.watchfun.android_use_cpp_demo1    D  Capture frame analyzed: energy=0.0, timestamp=280951464486, frame=418
2025-08-15 22:06:00.022 26704-26808 MainActivity            cn.watchfun.android_use_cpp_demo1    D  æ’­æ”¾chunk 445: 960/960 bytes, è€—æ—¶5ms (é›¶å¹²é¢„æ’­æ”¾æ³•)
2025-08-15 22:06:00.023 26704-26808 MainActivity            cn.watchfun.android_use_cpp_demo1    D  å¼€å§‹å¤„ç†TTS chunk 446: å¤§å°=960 bytes (0.0ç§’)
2025-08-15 22:06:00.023 26704-26808 MainActivity            cn.watchfun.android_use_cpp_demo1    D  PCMåŸå§‹æ•°æ®èƒ½é‡æ£€æŸ¥: å‰100å­—èŠ‚èƒ½é‡=2982
2025-08-15 22:06:00.023 26704-26812 MainActivity            cn.watchfun.android_use_cpp_demo1    V  éº¦å…‹é£å¸§å¤„ç†: frame=418, èƒ½é‡=57965, å¤„ç†æ—¶é—´=9ms
2025-08-15 22:06:00.023 26704-26808 MainActivity            cn.watchfun.android_use_cpp_demo1    D  Chunk 446è½¬æ¢ä¸ºæµ®ç‚¹æ•°ç»„: 480 samples
2025-08-15 22:06:00.023 26704-26808 MainActivity            cn.watchfun.android_use_cpp_demo1    D  æµ®ç‚¹è½¬æ¢åèƒ½é‡æ£€æŸ¥: å‰100æ ·æœ¬èƒ½é‡=31201
2025-08-15 22:06:00.024 26704-26812 MainActivity            cn.watchfun.android_use_cpp_demo1    D  AEC3å¤„ç†æˆåŠŸ - å¸§418: ERLE=6.2dB, ERL=14.4dB, å»¶è¿Ÿ=52ms, å¤„ç†è€—æ—¶=9ms
2025-08-15 22:06:00.024 26704-26808 MainActivity            cn.watchfun.android_use_cpp_demo1    D  TTSå¸§ç¼“å†²: å¸§èƒ½é‡=514535, ç¼“å†²åŒºå¤§å°=23
2025-08-15 22:06:00.024 26704-26808 MainActivity            cn.watchfun.android_use_cpp_demo1    D  Chunk 446: ç¼“å­˜1ä¸ªTTSå¸§ç”¨äºåŒæ­¥AECå¤„ç†
2025-08-15 22:06:00.024 26704-26812 WQAEC_Config            cn.watchfun.android_use_cpp_demo1    D  Reference frame analyzed: energy=23.6, timestamp=280951473664
2025-08-15 22:06:00.024 26704-26812 MainActivity            cn.watchfun.android_use_cpp_demo1    V  ğŸ¯ æ—¶åºåŒæ­¥TTSå‚è€ƒ: frame=419, èƒ½é‡=2807699, ç¼“å†²åŒº=22, æ¼‚ç§»=0ms
2025-08-15 22:06:00.030 26704-26812 WQAEC_Config            cn.watchfun.android_use_cpp_demo1    D  Capture frame analyzed: energy=0.0, timestamp=280951474199, frame=419
2025-08-15 22:06:00.031 26704-26812 MainActivity            cn.watchfun.android_use_cpp_demo1    V  éº¦å…‹é£å¸§å¤„ç†: frame=419, èƒ½é‡=99942, å¤„ç†æ—¶é—´=7ms
